CMake is re-running because C:/Users/Ezequiel/Documents/GitHub/Uboot/build/CMakeFiles/generate.stamp is out-of-date.
  the file 'C:/Users/Ezequiel/Documents/GitHub/Uboot/CMakeLists.txt'
  is newer than 'C:/Users/Ezequiel/Documents/GitHub/Uboot/build/CMakeFiles/generate.stamp.depend'
  result='-1'
CMake Warning (dev) at C:/Program Files/CMake/share/cmake-4.2/Modules/FetchContent.cmake:1963 (message):
  Calling FetchContent_Populate(rapidjson) is deprecated, call
  FetchContent_MakeAvailable(rapidjson) instead.  Policy CMP0169 can be set
  to OLD to allow FetchContent_Populate(rapidjson) to be called directly for
  now, but the ability to call it with declared details will be removed
  completely in a future version.
Call Stack (most recent call first):
  CMakeLists.txt:34 (FetchContent_Populate)
This warning is for project developers.  Use -Wno-dev to suppress it.

-- Configuring done (2.8s)
-- Generating done (0.1s)
-- Build files have been written to: C:/Users/Ezequiel/Documents/GitHub/Uboot/build
Versión de MSBuild 18.3.0-release-26070-10+3972042b7 para .NET Framework

  main.cpp
  MainWindow.cpp
C:\Users\Ezequiel\Documents\GitHub\Uboot\app\win32\MainWindow.cpp(78,32): warning C4100: 'hWnd': parámetro sin referencia [C:\Users\Ezequiel\Documents\GitHub\Uboot\build\Uboot.vcxproj]
  Layout.cpp
C:\Users\Ezequiel\Documents\GitHub\Uboot\app\win32\Layout.cpp(5,26): warning C4100: 'hWnd': parámetro sin referencia [C:\Users\Ezequiel\Documents\GitHub\Uboot\build\Uboot.vcxproj]
  Tabs.cpp
C:\Program Files (x86)\Windows Kits\10\Include\10.0.26100.0\um\commctrl.h(32,31): error C2059: error de sintaxis: 'return' [C:\Users\Ezequiel\Documents\GitHub\Uboot\build\Uboot.vcxproj]
  (compilando archivo de origen "../app/win32/Tabs.cpp")
  
C:\Program Files (x86)\Windows Kits\10\Include\10.0.26100.0\um\prsht.h(104,15): error C2065: 'CALLBACK': identificador no declarado [C:\Users\Ezequiel\Documents\GitHub\Uboot\build\Uboot.vcxproj]
  (compilando archivo de origen "../app/win32/Tabs.cpp")
  
C:\Program Files (x86)\Windows Kits\10\Include\10.0.26100.0\um\prsht.h(104,25): error C2065: 'LPFNPSPCALLBACKA': identificador no declarado [C:\Users\Ezequiel\Documents\GitHub\Uboot\build\Uboot.vcxproj]
  EntriesListView.cpp
  (compilando archivo de origen "../app/win32/Tabs.cpp")
  
C:\Program Files (x86)\Windows Kits\10\Include\10.0.26100.0\um\prsht.h(104,9): error C4430: falta el especificador de tipo; se presupone int. Nota: C++ no admite default-int [C:\Users\Ezequiel\Documents\GitHub\Uboot\build\Uboot.vcxproj]
  (compilando archivo de origen "../app/win32/Tabs.cpp")
  
C:\Program Files (x86)\Windows Kits\10\Include\10.0.26100.0\um\prsht.h(104,9): error C2513: 'int': no hay ninguna variable declarada antes de '=' [C:\Users\Ezequiel\Documents\GitHub\Uboot\build\Uboot.vcxproj]
  (compilando archivo de origen "../app/win32/Tabs.cpp")
  
C:\Program Files (x86)\Windows Kits\10\Include\10.0.26100.0\um\prsht.h(104,42): error C2143: error de sintaxis: falta ';' delante de '(' [C:\Users\Ezequiel\Documents\GitHub\Uboot\build\Uboot.vcxproj]
  (compilando archivo de origen "../app/win32/Tabs.cpp")
  
C:\Program Files (x86)\Windows Kits\10\Include\10.0.26100.0\um\prsht.h(104,48): error C2146: error de sintaxis: falta ')' delante del identificador 'hwnd' [C:\Users\Ezequiel\Documents\GitHub\Uboot\build\Uboot.vcxproj]
  (compilando archivo de origen "../app/win32/Tabs.cpp")
  
C:\Program Files (x86)\Windows Kits\10\Include\10.0.26100.0\um\prsht.h(104,43): error C4430: falta el especificador de tipo; se presupone int. Nota: C++ no admite default-int [C:\Users\Ezequiel\Documents\GitHub\Uboot\build\Uboot.vcxproj]
  (compilando archivo de origen "../app/win32/Tabs.cpp")
  
C:\Program Files (x86)\Windows Kits\10\Include\10.0.26100.0\um\prsht.h(104,48): error C2146: error de sintaxis: falta ';' delante del identificador 'hwnd' [C:\Users\Ezequiel\Documents\GitHub\Uboot\build\Uboot.vcxproj]
  (compilando archivo de origen "../app/win32/Tabs.cpp")
  
C:\Program Files (x86)\Windows Kits\10\Include\10.0.26100.0\um\prsht.h(104,93): error C2059: error de sintaxis: ')' [C:\Users\Ezequiel\Documents\GitHub\Uboot\build\Uboot.vcxproj]
  (compilando archivo de origen "../app/win32/Tabs.cpp")
  
C:\Program Files (x86)\Windows Kits\10\Include\10.0.26100.0\um\prsht.h(105,24): error C2143: error de sintaxis: falta ')' delante de '*' [C:\Users\Ezequiel\Documents\GitHub\Uboot\build\Uboot.vcxproj]
  (compilando archivo de origen "../app/win32/Tabs.cpp")
  
C:\Program Files (x86)\Windows Kits\10\Include\10.0.26100.0\um\prsht.h(105,24): error C2143: error de sintaxis: falta ';' delante de '*' [C:\Users\Ezequiel\Documents\GitHub\Uboot\build\Uboot.vcxproj]
  (compilando archivo de origen "../app/win32/Tabs.cpp")
  
C:\Program Files (x86)\Windows Kits\10\Include\10.0.26100.0\um\prsht.h(105,41): error C2059: error de sintaxis: ')' [C:\Users\Ezequiel\Documents\GitHub\Uboot\build\Uboot.vcxproj]
  (compilando archivo de origen "../app/win32/Tabs.cpp")
  
C:\Program Files (x86)\Windows Kits\10\Include\10.0.26100.0\um\prsht.h(105,48): error C2146: error de sintaxis: falta ')' delante del identificador 'hwnd' [C:\Users\Ezequiel\Documents\GitHub\Uboot\build\Uboot.vcxproj]
  (compilando archivo de origen "../app/win32/Tabs.cpp")
  
C:\Program Files (x86)\Windows Kits\10\Include\10.0.26100.0\um\prsht.h(140,9): error C4430: falta el especificador de tipo; se presupone int. Nota: C++ no admite default-int [C:\Users\Ezequiel\Documents\GitHub\Uboot\build\Uboot.vcxproj]
  (compilando archivo de origen "../app/win32/Tabs.cpp")
  
C:\Program Files (x86)\Windows Kits\10\Include\10.0.26100.0\um\prsht.h(140,24): error C2146: error de sintaxis: falta ';' delante del identificador 'PROPSHEETPAGE_RESOURCE' [C:\Users\Ezequiel\Documents\GitHub\Uboot\build\Uboot.vcxproj]
  (compilando archivo de origen "../app/win32/Tabs.cpp")
  
C:\Program Files (x86)\Windows Kits\10\Include\10.0.26100.0\um\prsht.h(140,24): error C4430: falta el especificador de tipo; se presupone int. Nota: C++ no admite default-int [C:\Users\Ezequiel\Documents\GitHub\Uboot\build\Uboot.vcxproj]
  (compilando archivo de origen "../app/win32/Tabs.cpp")
  
C:\Program Files (x86)\Windows Kits\10\Include\10.0.26100.0\um\prsht.h(198,5): error C3646: 'dwSize': especificador de invalidación desconocido [C:\Users\Ezequiel\Documents\GitHub\Uboot\build\Uboot.vcxproj]
  (compilando archivo de origen "../app/win32/Tabs.cpp")
  
C:\Program Files (x86)\Windows Kits\10\Include\10.0.26100.0\um\prsht.h(198,5): error C4430: falta el especificador de tipo; se presupone int. Nota: C++ no admite default-int [C:\Users\Ezequiel\Documents\GitHub\Uboot\build\Uboot.vcxproj]
  (compilando archivo de origen "../app/win32/Tabs.cpp")
  
C:\Program Files (x86)\Windows Kits\10\Include\10.0.26100.0\um\prsht.h(198,5): error C3646: 'dwFlags': especificador de invalidación desconocido [C:\Users\Ezequiel\Documents\GitHub\Uboot\build\Uboot.vcxproj]
  (compilando archivo de origen "../app/win32/Tabs.cpp")
  
C:\Program Files (x86)\Windows Kits\10\Include\10.0.26100.0\um\prsht.h(198,5): error C3646: 'hInstance': especificador de invalidación desconocido [C:\Users\Ezequiel\Documents\GitHub\Uboot\build\Uboot.vcxproj]
  (compilando archivo de origen "../app/win32/Tabs.cpp")
  
C:\Program Files (x86)\Windows Kits\10\Include\10.0.26100.0\um\prsht.h(198,5): error C3646: 'pszTemplate': especificador de invalidación desconocido [C:\Users\Ezequiel\Documents\GitHub\Uboot\build\Uboot.vcxproj]
  (compilando archivo de origen "../app/win32/Tabs.cpp")
  
C:\Program Files (x86)\Windows Kits\10\Include\10.0.26100.0\um\prsht.h(198,5): error C3646: 'pResource': especificador de invalidación desconocido [C:\Users\Ezequiel\Documents\GitHub\Uboot\build\Uboot.vcxproj]
  (compilando archivo de origen "../app/win32/Tabs.cpp")
  
C:\Program Files (x86)\Windows Kits\10\Include\10.0.26100.0\um\prsht.h(198,5): warning C4408: en el elemento union anónimo no se ha declarado ningún miembro de datos [C:\Users\Ezequiel\Documents\GitHub\Uboot\build\Uboot.vcxproj]
  (compilando archivo de origen "../app/win32/Tabs.cpp")
  
C:\Program Files (x86)\Windows Kits\10\Include\10.0.26100.0\um\prsht.h(198,5): error C3646: 'hIcon': especificador de invalidación desconocido [C:\Users\Ezequiel\Documents\GitHub\Uboot\build\Uboot.vcxproj]
  (compilando archivo de origen "../app/win32/Tabs.cpp")
  
C:\Program Files (x86)\Windows Kits\10\Include\10.0.26100.0\um\prsht.h(198,5): error C3646: 'pszIcon': especificador de invalidación desconocido [C:\Users\Ezequiel\Documents\GitHub\Uboot\build\Uboot.vcxproj]
  (compilando archivo de origen "../app/win32/Tabs.cpp")
  
C:\Program Files (x86)\Windows Kits\10\Include\10.0.26100.0\um\prsht.h(198,5): error C3646: 'pszTitle': especificador de invalidación desconocido [C:\Users\Ezequiel\Documents\GitHub\Uboot\build\Uboot.vcxproj]
  (compilando archivo de origen "../app/win32/Tabs.cpp")
  
C:\Program Files (x86)\Windows Kits\10\Include\10.0.26100.0\um\prsht.h(198,5): error C3646: 'pfnDlgProc': especificador de invalidación desconocido [C:\Users\Ezequiel\Documents\GitHub\Uboot\build\Uboot.vcxproj]
  (compilando archivo de origen "../app/win32/Tabs.cpp")
  
C:\Program Files (x86)\Windows Kits\10\Include\10.0.26100.0\um\prsht.h(198,5): error C3646: 'lParam': especificador de invalidación desconocido [C:\Users\Ezequiel\Documents\GitHub\Uboot\build\Uboot.vcxproj]
  (compilando archivo de origen "../app/win32/Tabs.cpp")
  
C:\Program Files (x86)\Windows Kits\10\Include\10.0.26100.0\um\prsht.h(198,5): error C3646: 'pfnCallback': especificador de invalidación desconocido [C:\Users\Ezequiel\Documents\GitHub\Uboot\build\Uboot.vcxproj]
  (compilando archivo de origen "../app/win32/Tabs.cpp")
  
C:\Program Files (x86)\Windows Kits\10\Include\10.0.26100.0\um\prsht.h(204,5): error C3646: 'dwSize': especificador de invalidación desconocido [C:\Users\Ezequiel\Documents\GitHub\Uboot\build\Uboot.vcxproj]
  (compilando archivo de origen "../app/win32/Tabs.cpp")
  
C:\Program Files (x86)\Windows Kits\10\Include\10.0.26100.0\um\prsht.h(204,5): error C4430: falta el especificador de tipo; se presupone int. Nota: C++ no admite default-int [C:\Users\Ezequiel\Documents\GitHub\Uboot\build\Uboot.vcxproj]
  (compilando archivo de origen "../app/win32/Tabs.cpp")
  
C:\Program Files (x86)\Windows Kits\10\Include\10.0.26100.0\um\prsht.h(204,5): error C3646: 'dwFlags': especificador de invalidación desconocido [C:\Users\Ezequiel\Documents\GitHub\Uboot\build\Uboot.vcxproj]
  (compilando archivo de origen "../app/win32/Tabs.cpp")
  
C:\Program Files (x86)\Windows Kits\10\Include\10.0.26100.0\um\prsht.h(204,5): error C3646: 'hInstance': especificador de invalidación desconocido [C:\Users\Ezequiel\Documents\GitHub\Uboot\build\Uboot.vcxproj]
  (compilando archivo de origen "../app/win32/Tabs.cpp")
  
C:\Program Files (x86)\Windows Kits\10\Include\10.0.26100.0\um\prsht.h(204,5): error C3646: 'pszTemplate': especificador de invalidación desconocido [C:\Users\Ezequiel\Documents\GitHub\Uboot\build\Uboot.vcxproj]
  (compilando archivo de origen "../app/win32/Tabs.cpp")
  
C:\Program Files (x86)\Windows Kits\10\Include\10.0.26100.0\um\prsht.h(204,5): error C3646: 'pResource': especificador de invalidación desconocido [C:\Users\Ezequiel\Documents\GitHub\Uboot\build\Uboot.vcxproj]
  (compilando archivo de origen "../app/win32/Tabs.cpp")
  
C:\Program Files (x86)\Windows Kits\10\Include\10.0.26100.0\um\prsht.h(204,5): warning C4408: en el elemento union anónimo no se ha declarado ningún miembro de datos [C:\Users\Ezequiel\Documents\GitHub\Uboot\build\Uboot.vcxproj]
  (compilando archivo de origen "../app/win32/Tabs.cpp")
  
C:\Program Files (x86)\Windows Kits\10\Include\10.0.26100.0\um\prsht.h(204,5): error C3646: 'hIcon': especificador de invalidación desconocido [C:\Users\Ezequiel\Documents\GitHub\Uboot\build\Uboot.vcxproj]
  (compilando archivo de origen "../app/win32/Tabs.cpp")
  
C:\Program Files (x86)\Windows Kits\10\Include\10.0.26100.0\um\prsht.h(204,5): error C3646: 'pszIcon': especificador de invalidación desconocido [C:\Users\Ezequiel\Documents\GitHub\Uboot\build\Uboot.vcxproj]
  (compilando archivo de origen "../app/win32/Tabs.cpp")
  
C:\Program Files (x86)\Windows Kits\10\Include\10.0.26100.0\um\prsht.h(204,5): error C3646: 'pszTitle': especificador de invalidación desconocido [C:\Users\Ezequiel\Documents\GitHub\Uboot\build\Uboot.vcxproj]
  (compilando archivo de origen "../app/win32/Tabs.cpp")
  
C:\Program Files (x86)\Windows Kits\10\Include\10.0.26100.0\um\prsht.h(204,5): error C3646: 'pfnDlgProc': especificador de invalidación desconocido [C:\Users\Ezequiel\Documents\GitHub\Uboot\build\Uboot.vcxproj]
  (compilando archivo de origen "../app/win32/Tabs.cpp")
  
C:\Program Files (x86)\Windows Kits\10\Include\10.0.26100.0\um\prsht.h(204,5): error C3646: 'lParam': especificador de invalidación desconocido [C:\Users\Ezequiel\Documents\GitHub\Uboot\build\Uboot.vcxproj]
  (compilando archivo de origen "../app/win32/Tabs.cpp")
  
C:\Program Files (x86)\Windows Kits\10\Include\10.0.26100.0\um\prsht.h(204,5): error C3646: 'pfnCallback': especificador de invalidación desconocido [C:\Users\Ezequiel\Documents\GitHub\Uboot\build\Uboot.vcxproj]
  (compilando archivo de origen "../app/win32/Tabs.cpp")
  
  DetailPane.cpp
C:\Program Files (x86)\Windows Kits\10\Include\10.0.26100.0\um\prsht.h(206,22): error C3646: 'pszHeaderTitle': especificador de invalidación desconocido [C:\Users\Ezequiel\Documents\GitHub\Uboot\build\Uboot.vcxproj]
  (compilando archivo de origen "../app/win32/Tabs.cpp")
  
C:\Program Files (x86)\Windows Kits\10\Include\10.0.26100.0\um\prsht.h(206,5): error C4430: falta el especificador de tipo; se presupone int. Nota: C++ no admite default-int [C:\Users\Ezequiel\Documents\GitHub\Uboot\build\Uboot.vcxproj]
  (compilando archivo de origen "../app/win32/Tabs.cpp")
  
C:\Program Files (x86)\Windows Kits\10\Include\10.0.26100.0\um\prsht.h(207,22): error C3646: 'pszHeaderSubTitle': especificador de invalidación desconocido [C:\Users\Ezequiel\Documents\GitHub\Uboot\build\Uboot.vcxproj]
  (compilando archivo de origen "../app/win32/Tabs.cpp")
  
C:\Program Files (x86)\Windows Kits\10\Include\10.0.26100.0\um\prsht.h(207,5): error C4430: falta el especificador de tipo; se presupone int. Nota: C++ no admite default-int [C:\Users\Ezequiel\Documents\GitHub\Uboot\build\Uboot.vcxproj]
  (compilando archivo de origen "../app/win32/Tabs.cpp")
  
C:\Program Files (x86)\Windows Kits\10\Include\10.0.26100.0\um\prsht.h(213,5): error C3646: 'dwSize': especificador de invalidación desconocido [C:\Users\Ezequiel\Documents\GitHub\Uboot\build\Uboot.vcxproj]
  (compilando archivo de origen "../app/win32/Tabs.cpp")
  
C:\Program Files (x86)\Windows Kits\10\Include\10.0.26100.0\um\prsht.h(213,5): error C4430: falta el especificador de tipo; se presupone int. Nota: C++ no admite default-int [C:\Users\Ezequiel\Documents\GitHub\Uboot\build\Uboot.vcxproj]
  (compilando archivo de origen "../app/win32/Tabs.cpp")
  
C:\Program Files (x86)\Windows Kits\10\Include\10.0.26100.0\um\prsht.h(213,5): error C3646: 'dwFlags': especificador de invalidación desconocido [C:\Users\Ezequiel\Documents\GitHub\Uboot\build\Uboot.vcxproj]
  (compilando archivo de origen "../app/win32/Tabs.cpp")
  
C:\Program Files (x86)\Windows Kits\10\Include\10.0.26100.0\um\prsht.h(213,5): error C3646: 'hInstance': especificador de invalidación desconocido [C:\Users\Ezequiel\Documents\GitHub\Uboot\build\Uboot.vcxproj]
  (compilando archivo de origen "../app/win32/Tabs.cpp")
  
C:\Program Files (x86)\Windows Kits\10\Include\10.0.26100.0\um\prsht.h(213,5): error C3646: 'pszTemplate': especificador de invalidación desconocido [C:\Users\Ezequiel\Documents\GitHub\Uboot\build\Uboot.vcxproj]
  (compilando archivo de origen "../app/win32/Tabs.cpp")
  
C:\Program Files (x86)\Windows Kits\10\Include\10.0.26100.0\um\prsht.h(213,5): error C3646: 'pResource': especificador de invalidación desconocido [C:\Users\Ezequiel\Documents\GitHub\Uboot\build\Uboot.vcxproj]
  (compilando archivo de origen "../app/win32/Tabs.cpp")
  
C:\Program Files (x86)\Windows Kits\10\Include\10.0.26100.0\um\prsht.h(213,5): warning C4408: en el elemento union anónimo no se ha declarado ningún miembro de datos [C:\Users\Ezequiel\Documents\GitHub\Uboot\build\Uboot.vcxproj]
  (compilando archivo de origen "../app/win32/Tabs.cpp")
  
C:\Program Files (x86)\Windows Kits\10\Include\10.0.26100.0\um\prsht.h(213,5): error C3646: 'hIcon': especificador de invalidación desconocido [C:\Users\Ezequiel\Documents\GitHub\Uboot\build\Uboot.vcxproj]
  (compilando archivo de origen "../app/win32/Tabs.cpp")
  
C:\Program Files (x86)\Windows Kits\10\Include\10.0.26100.0\um\prsht.h(213,5): error C3646: 'pszIcon': especificador de invalidación desconocido [C:\Users\Ezequiel\Documents\GitHub\Uboot\build\Uboot.vcxproj]
  (compilando archivo de origen "../app/win32/Tabs.cpp")
  
C:\Program Files (x86)\Windows Kits\10\Include\10.0.26100.0\um\prsht.h(213,5): error C3646: 'pszTitle': especificador de invalidación desconocido [C:\Users\Ezequiel\Documents\GitHub\Uboot\build\Uboot.vcxproj]
  (compilando archivo de origen "../app/win32/Tabs.cpp")
  
C:\Program Files (x86)\Windows Kits\10\Include\10.0.26100.0\um\prsht.h(213,5): error C3646: 'pfnDlgProc': especificador de invalidación desconocido [C:\Users\Ezequiel\Documents\GitHub\Uboot\build\Uboot.vcxproj]
  (compilando archivo de origen "../app/win32/Tabs.cpp")
  
C:\Program Files (x86)\Windows Kits\10\Include\10.0.26100.0\um\prsht.h(213,5): error C3646: 'lParam': especificador de invalidación desconocido [C:\Users\Ezequiel\Documents\GitHub\Uboot\build\Uboot.vcxproj]
  (compilando archivo de origen "../app/win32/Tabs.cpp")
  
C:\Program Files (x86)\Windows Kits\10\Include\10.0.26100.0\um\prsht.h(213,5): error C3646: 'pfnCallback': especificador de invalidación desconocido [C:\Users\Ezequiel\Documents\GitHub\Uboot\build\Uboot.vcxproj]
  (compilando archivo de origen "../app/win32/Tabs.cpp")
  
C:\Program Files (x86)\Windows Kits\10\Include\10.0.26100.0\um\prsht.h(215,22): error C3646: 'pszHeaderTitle': especificador de invalidación desconocido [C:\Users\Ezequiel\Documents\GitHub\Uboot\build\Uboot.vcxproj]
  (compilando archivo de origen "../app/win32/Tabs.cpp")
  
C:\Program Files (x86)\Windows Kits\10\Include\10.0.26100.0\um\prsht.h(215,5): error C4430: falta el especificador de tipo; se presupone int. Nota: C++ no admite default-int [C:\Users\Ezequiel\Documents\GitHub\Uboot\build\Uboot.vcxproj]
  (compilando archivo de origen "../app/win32/Tabs.cpp")
  
C:\Program Files (x86)\Windows Kits\10\Include\10.0.26100.0\um\prsht.h(216,22): error C3646: 'pszHeaderSubTitle': especificador de invalidación desconocido [C:\Users\Ezequiel\Documents\GitHub\Uboot\build\Uboot.vcxproj]
  (compilando archivo de origen "../app/win32/Tabs.cpp")
  
C:\Program Files (x86)\Windows Kits\10\Include\10.0.26100.0\um\prsht.h(216,5): error C4430: falta el especificador de tipo; se presupone int. Nota: C++ no admite default-int [C:\Users\Ezequiel\Documents\GitHub\Uboot\build\Uboot.vcxproj]
  (compilando archivo de origen "../app/win32/Tabs.cpp")
  
C:\Program Files (x86)\Windows Kits\10\Include\10.0.26100.0\um\prsht.h(218,22): error C3646: 'hActCtx': especificador de invalidación desconocido [C:\Users\Ezequiel\Documents\GitHub\Uboot\build\Uboot.vcxproj]
  (compilando archivo de origen "../app/win32/Tabs.cpp")
  
C:\Program Files (x86)\Windows Kits\10\Include\10.0.26100.0\um\prsht.h(218,5): error C4430: falta el especificador de tipo; se presupone int. Nota: C++ no admite default-int [C:\Users\Ezequiel\Documents\GitHub\Uboot\build\Uboot.vcxproj]
  (compilando archivo de origen "../app/win32/Tabs.cpp")
  
C:\Program Files (x86)\Windows Kits\10\Include\10.0.26100.0\um\prsht.h(225,5): error C3646: 'dwSize': especificador de invalidación desconocido [C:\Users\Ezequiel\Documents\GitHub\Uboot\build\Uboot.vcxproj]
  (compilando archivo de origen "../app/win32/Tabs.cpp")
  
C:\Program Files (x86)\Windows Kits\10\Include\10.0.26100.0\um\prsht.h(225,5): error C4430: falta el especificador de tipo; se presupone int. Nota: C++ no admite default-int [C:\Users\Ezequiel\Documents\GitHub\Uboot\build\Uboot.vcxproj]
  (compilando archivo de origen "../app/win32/Tabs.cpp")
  
C:\Program Files (x86)\Windows Kits\10\Include\10.0.26100.0\um\prsht.h(225,5): error C3646: 'dwFlags': especificador de invalidación desconocido [C:\Users\Ezequiel\Documents\GitHub\Uboot\build\Uboot.vcxproj]
  (compilando archivo de origen "../app/win32/Tabs.cpp")
  
C:\Program Files (x86)\Windows Kits\10\Include\10.0.26100.0\um\prsht.h(225,5): error C3646: 'hInstance': especificador de invalidación desconocido [C:\Users\Ezequiel\Documents\GitHub\Uboot\build\Uboot.vcxproj]
  (compilando archivo de origen "../app/win32/Tabs.cpp")
  
C:\Program Files (x86)\Windows Kits\10\Include\10.0.26100.0\um\prsht.h(225,5): error C3646: 'pszTemplate': especificador de invalidación desconocido [C:\Users\Ezequiel\Documents\GitHub\Uboot\build\Uboot.vcxproj]
  (compilando archivo de origen "../app/win32/Tabs.cpp")
  
C:\Program Files (x86)\Windows Kits\10\Include\10.0.26100.0\um\prsht.h(225,5): error C3646: 'pResource': especificador de invalidación desconocido [C:\Users\Ezequiel\Documents\GitHub\Uboot\build\Uboot.vcxproj]
  (compilando archivo de origen "../app/win32/Tabs.cpp")
  
C:\Program Files (x86)\Windows Kits\10\Include\10.0.26100.0\um\prsht.h(225,5): warning C4408: en el elemento union anónimo no se ha declarado ningún miembro de datos [C:\Users\Ezequiel\Documents\GitHub\Uboot\build\Uboot.vcxproj]
  (compilando archivo de origen "../app/win32/Tabs.cpp")
  
C:\Program Files (x86)\Windows Kits\10\Include\10.0.26100.0\um\prsht.h(225,5): error C3646: 'hIcon': especificador de invalidación desconocido [C:\Users\Ezequiel\Documents\GitHub\Uboot\build\Uboot.vcxproj]
  (compilando archivo de origen "../app/win32/Tabs.cpp")
  
C:\Program Files (x86)\Windows Kits\10\Include\10.0.26100.0\um\prsht.h(225,5): error C3646: 'pszIcon': especificador de invalidación desconocido [C:\Users\Ezequiel\Documents\GitHub\Uboot\build\Uboot.vcxproj]
  (compilando archivo de origen "../app/win32/Tabs.cpp")
  
C:\Program Files (x86)\Windows Kits\10\Include\10.0.26100.0\um\prsht.h(225,5): error C3646: 'pszTitle': especificador de invalidación desconocido [C:\Users\Ezequiel\Documents\GitHub\Uboot\build\Uboot.vcxproj]
  (compilando archivo de origen "../app/win32/Tabs.cpp")
  
C:\Program Files (x86)\Windows Kits\10\Include\10.0.26100.0\um\prsht.h(225,5): error C3646: 'pfnDlgProc': especificador de invalidación desconocido [C:\Users\Ezequiel\Documents\GitHub\Uboot\build\Uboot.vcxproj]
  (compilando archivo de origen "../app/win32/Tabs.cpp")
  
C:\Program Files (x86)\Windows Kits\10\Include\10.0.26100.0\um\prsht.h(225,5): error C3646: 'lParam': especificador de invalidación desconocido [C:\Users\Ezequiel\Documents\GitHub\Uboot\build\Uboot.vcxproj]
  (compilando archivo de origen "../app/win32/Tabs.cpp")
  
C:\Program Files (x86)\Windows Kits\10\Include\10.0.26100.0\um\prsht.h(225,5): error C3646: 'pfnCallback': especificador de invalidación desconocido [C:\Users\Ezequiel\Documents\GitHub\Uboot\build\Uboot.vcxproj]
  (compilando archivo de origen "../app/win32/Tabs.cpp")
  
C:\Program Files (x86)\Windows Kits\10\Include\10.0.26100.0\um\prsht.h(227,22): error C3646: 'pszHeaderTitle': especificador de invalidación desconocido [C:\Users\Ezequiel\Documents\GitHub\Uboot\build\Uboot.vcxproj]
  (compilando archivo de origen "../app/win32/Tabs.cpp")
  
C:\Program Files (x86)\Windows Kits\10\Include\10.0.26100.0\um\prsht.h(227,5): error C4430: falta el especificador de tipo; se presupone int. Nota: C++ no admite default-int [C:\Users\Ezequiel\Documents\GitHub\Uboot\build\Uboot.vcxproj]
  (compilando archivo de origen "../app/win32/Tabs.cpp")
  
C:\Program Files (x86)\Windows Kits\10\Include\10.0.26100.0\um\prsht.h(228,22): error C3646: 'pszHeaderSubTitle': especificador de invalidación desconocido [C:\Users\Ezequiel\Documents\GitHub\Uboot\build\Uboot.vcxproj]
  (compilando archivo de origen "../app/win32/Tabs.cpp")
  
C:\Program Files (x86)\Windows Kits\10\Include\10.0.26100.0\um\prsht.h(228,5): error C4430: falta el especificador de tipo; se presupone int. Nota: C++ no admite default-int [C:\Users\Ezequiel\Documents\GitHub\Uboot\build\Uboot.vcxproj]
  (compilando archivo de origen "../app/win32/Tabs.cpp")
  
C:\Program Files (x86)\Windows Kits\10\Include\10.0.26100.0\um\prsht.h(230,22): error C3646: 'hActCtx': especificador de invalidación desconocido [C:\Users\Ezequiel\Documents\GitHub\Uboot\build\Uboot.vcxproj]
  (compilando archivo de origen "../app/win32/Tabs.cpp")
  
C:\Program Files (x86)\Windows Kits\10\Include\10.0.26100.0\um\prsht.h(230,5): error C4430: falta el especificador de tipo; se presupone int. Nota: C++ no admite default-int [C:\Users\Ezequiel\Documents\GitHub\Uboot\build\Uboot.vcxproj]
  (compilando archivo de origen "../app/win32/Tabs.cpp")
  
C:\Program Files (x86)\Windows Kits\10\Include\10.0.26100.0\um\prsht.h(234,21): error C3646: 'hbmHeader': especificador de invalidación desconocido [C:\Users\Ezequiel\Documents\GitHub\Uboot\build\Uboot.vcxproj]
  (compilando archivo de origen "../app/win32/Tabs.cpp")
  
C:\Program Files (x86)\Windows Kits\10\Include\10.0.26100.0\um\prsht.h(234,9): error C4430: falta el especificador de tipo; se presupone int. Nota: C++ no admite default-int [C:\Users\Ezequiel\Documents\GitHub\Uboot\build\Uboot.vcxproj]
  (compilando archivo de origen "../app/win32/Tabs.cpp")
  
C:\Program Files (x86)\Windows Kits\10\Include\10.0.26100.0\um\prsht.h(235,21): error C3646: 'pszbmHeader': especificador de invalidación desconocido [C:\Users\Ezequiel\Documents\GitHub\Uboot\build\Uboot.vcxproj]
  (compilando archivo de origen "../app/win32/Tabs.cpp")
  
C:\Program Files (x86)\Windows Kits\10\Include\10.0.26100.0\um\prsht.h(235,9): error C4430: falta el especificador de tipo; se presupone int. Nota: C++ no admite default-int [C:\Users\Ezequiel\Documents\GitHub\Uboot\build\Uboot.vcxproj]
  (compilando archivo de origen "../app/win32/Tabs.cpp")
  
C:\Program Files (x86)\Windows Kits\10\Include\10.0.26100.0\um\prsht.h(233,5): warning C4408: en el elemento union anónimo no se ha declarado ningún miembro de datos [C:\Users\Ezequiel\Documents\GitHub\Uboot\build\Uboot.vcxproj]
  (compilando archivo de origen "../app/win32/Tabs.cpp")
  
C:\Program Files (x86)\Windows Kits\10\Include\10.0.26100.0\um\prsht.h(244,5): error C3646: 'dwSize': especificador de invalidación desconocido [C:\Users\Ezequiel\Documents\GitHub\Uboot\build\Uboot.vcxproj]
  (compilando archivo de origen "../app/win32/Tabs.cpp")
  
C:\Program Files (x86)\Windows Kits\10\Include\10.0.26100.0\um\prsht.h(244,5): error C4430: falta el especificador de tipo; se presupone int. Nota: C++ no admite default-int [C:\Users\Ezequiel\Documents\GitHub\Uboot\build\Uboot.vcxproj]
  (compilando archivo de origen "../app/win32/Tabs.cpp")
  
C:\Program Files (x86)\Windows Kits\10\Include\10.0.26100.0\um\prsht.h(244,5): error C3646: 'dwFlags': especificador de invalidación desconocido [C:\Users\Ezequiel\Documents\GitHub\Uboot\build\Uboot.vcxproj]
  (compilando archivo de origen "../app/win32/Tabs.cpp")
  
C:\Program Files (x86)\Windows Kits\10\Include\10.0.26100.0\um\prsht.h(244,5): error C3646: 'hInstance': especificador de invalidación desconocido [C:\Users\Ezequiel\Documents\GitHub\Uboot\build\Uboot.vcxproj]
  (compilando archivo de origen "../app/win32/Tabs.cpp")
  
C:\Program Files (x86)\Windows Kits\10\Include\10.0.26100.0\um\prsht.h(244,5): error C3646: 'pszTemplate': especificador de invalidación desconocido [C:\Users\Ezequiel\Documents\GitHub\Uboot\build\Uboot.vcxproj]
  (compilando archivo de origen "../app/win32/Tabs.cpp")
  
C:\Program Files (x86)\Windows Kits\10\Include\10.0.26100.0\um\prsht.h(244,5): error C3646: 'pResource': especificador de invalidación desconocido [C:\Users\Ezequiel\Documents\GitHub\Uboot\build\Uboot.vcxproj]
  (compilando archivo de origen "../app/win32/Tabs.cpp")
  
C:\Program Files (x86)\Windows Kits\10\Include\10.0.26100.0\um\prsht.h(244,5): warning C4408: en el elemento union anónimo no se ha declarado ningún miembro de datos [C:\Users\Ezequiel\Documents\GitHub\Uboot\build\Uboot.vcxproj]
  (compilando archivo de origen "../app/win32/Tabs.cpp")
  
C:\Program Files (x86)\Windows Kits\10\Include\10.0.26100.0\um\prsht.h(244,5): error C3646: 'hIcon': especificador de invalidación desconocido [C:\Users\Ezequiel\Documents\GitHub\Uboot\build\Uboot.vcxproj]
  (compilando archivo de origen "../app/win32/Tabs.cpp")
  
C:\Program Files (x86)\Windows Kits\10\Include\10.0.26100.0\um\prsht.h(244,5): error C3646: 'pszIcon': especificador de invalidación desconocido [C:\Users\Ezequiel\Documents\GitHub\Uboot\build\Uboot.vcxproj]
  (compilando archivo de origen "../app/win32/Tabs.cpp")
  
C:\Program Files (x86)\Windows Kits\10\Include\10.0.26100.0\um\prsht.h(244,5): error C3646: 'pszTitle': especificador de invalidación desconocido [C:\Users\Ezequiel\Documents\GitHub\Uboot\build\Uboot.vcxproj]
  (compilando archivo de origen "../app/win32/Tabs.cpp")
  
C:\Program Files (x86)\Windows Kits\10\Include\10.0.26100.0\um\prsht.h(244,5): error C3646: 'pfnDlgProc': especificador de invalidación desconocido [C:\Users\Ezequiel\Documents\GitHub\Uboot\build\Uboot.vcxproj]
  (compilando archivo de origen "../app/win32/Tabs.cpp")
  
C:\Program Files (x86)\Windows Kits\10\Include\10.0.26100.0\um\prsht.h(244,5): error C3646: 'lParam': especificador de invalidación desconocido [C:\Users\Ezequiel\Documents\GitHub\Uboot\build\Uboot.vcxproj]
  (compilando archivo de origen "../app/win32/Tabs.cpp")
  
C:\Program Files (x86)\Windows Kits\10\Include\10.0.26100.0\um\prsht.h(244,5): error C3646: 'pfnCallback': especificador de invalidación desconocido [C:\Users\Ezequiel\Documents\GitHub\Uboot\build\Uboot.vcxproj]
  (compilando archivo de origen "../app/win32/Tabs.cpp")
  
C:\Program Files (x86)\Windows Kits\10\Include\10.0.26100.0\um\prsht.h(250,5): error C3646: 'dwSize': especificador de invalidación desconocido [C:\Users\Ezequiel\Documents\GitHub\Uboot\build\Uboot.vcxproj]
  (compilando archivo de origen "../app/win32/Tabs.cpp")
  
C:\Program Files (x86)\Windows Kits\10\Include\10.0.26100.0\um\prsht.h(250,5): error C4430: falta el especificador de tipo; se presupone int. Nota: C++ no admite default-int [C:\Users\Ezequiel\Documents\GitHub\Uboot\build\Uboot.vcxproj]
  (compilando archivo de origen "../app/win32/Tabs.cpp")
  
C:\Program Files (x86)\Windows Kits\10\Include\10.0.26100.0\um\prsht.h(250,5): error C3646: 'dwFlags': especificador de invalidación desconocido [C:\Users\Ezequiel\Documents\GitHub\Uboot\build\Uboot.vcxproj]
  (compilando archivo de origen "../app/win32/Tabs.cpp")
  
C:\Program Files (x86)\Windows Kits\10\Include\10.0.26100.0\um\prsht.h(250,5): error C3646: 'hInstance': especificador de invalidación desconocido [C:\Users\Ezequiel\Documents\GitHub\Uboot\build\Uboot.vcxproj]
  (compilando archivo de origen "../app/win32/Tabs.cpp")
  
C:\Program Files (x86)\Windows Kits\10\Include\10.0.26100.0\um\prsht.h(250,5): error C3646: 'pszTemplate': especificador de invalidación desconocido [C:\Users\Ezequiel\Documents\GitHub\Uboot\build\Uboot.vcxproj]
  (compilando archivo de origen "../app/win32/Tabs.cpp")
  
C:\Program Files (x86)\Windows Kits\10\Include\10.0.26100.0\um\prsht.h(250,5): error C3646: 'pResource': especificador de invalidación desconocido [C:\Users\Ezequiel\Documents\GitHub\Uboot\build\Uboot.vcxproj]
  (compilando archivo de origen "../app/win32/Tabs.cpp")
  
C:\Program Files (x86)\Windows Kits\10\Include\10.0.26100.0\um\prsht.h(250,5): warning C4408: en el elemento union anónimo no se ha declarado ningún miembro de datos [C:\Users\Ezequiel\Documents\GitHub\Uboot\build\Uboot.vcxproj]
  (compilando archivo de origen "../app/win32/Tabs.cpp")
  
C:\Program Files (x86)\Windows Kits\10\Include\10.0.26100.0\um\prsht.h(250,5): error C3646: 'hIcon': especificador de invalidación desconocido [C:\Users\Ezequiel\Documents\GitHub\Uboot\build\Uboot.vcxproj]
  (compilando archivo de origen "../app/win32/Tabs.cpp")
  
C:\Program Files (x86)\Windows Kits\10\Include\10.0.26100.0\um\prsht.h(250,5): error C3646: 'pszIcon': especificador de invalidación desconocido [C:\Users\Ezequiel\Documents\GitHub\Uboot\build\Uboot.vcxproj]
  (compilando archivo de origen "../app/win32/Tabs.cpp")
  
C:\Program Files (x86)\Windows Kits\10\Include\10.0.26100.0\um\prsht.h(250,5): error C3646: 'pszTitle': especificador de invalidación desconocido [C:\Users\Ezequiel\Documents\GitHub\Uboot\build\Uboot.vcxproj]
  (compilando archivo de origen "../app/win32/Tabs.cpp")
  
C:\Program Files (x86)\Windows Kits\10\Include\10.0.26100.0\um\prsht.h(250,5): error C3646: 'pfnDlgProc': especificador de invalidación desconocido [C:\Users\Ezequiel\Documents\GitHub\Uboot\build\Uboot.vcxproj]
  (compilando archivo de origen "../app/win32/Tabs.cpp")
  
C:\Program Files (x86)\Windows Kits\10\Include\10.0.26100.0\um\prsht.h(250,5): error C3646: 'lParam': especificador de invalidación desconocido [C:\Users\Ezequiel\Documents\GitHub\Uboot\build\Uboot.vcxproj]
  (compilando archivo de origen "../app/win32/Tabs.cpp")
  
C:\Program Files (x86)\Windows Kits\10\Include\10.0.26100.0\um\prsht.h(250,5): error C3646: 'pfnCallback': especificador de invalidación desconocido [C:\Users\Ezequiel\Documents\GitHub\Uboot\build\Uboot.vcxproj]
  (compilando archivo de origen "../app/win32/Tabs.cpp")
  
C:\Program Files (x86)\Windows Kits\10\Include\10.0.26100.0\um\prsht.h(252,23): error C3646: 'pszHeaderTitle': especificador de invalidación desconocido [C:\Users\Ezequiel\Documents\GitHub\Uboot\build\Uboot.vcxproj]
  (compilando archivo de origen "../app/win32/Tabs.cpp")
  
C:\Program Files (x86)\Windows Kits\10\Include\10.0.26100.0\um\prsht.h(252,5): error C4430: falta el especificador de tipo; se presupone int. Nota: C++ no admite default-int [C:\Users\Ezequiel\Documents\GitHub\Uboot\build\Uboot.vcxproj]
  (compilando archivo de origen "../app/win32/Tabs.cpp")
  
C:\Program Files (x86)\Windows Kits\10\Include\10.0.26100.0\um\prsht.h(253,23): error C3646: 'pszHeaderSubTitle': especificador de invalidación desconocido [C:\Users\Ezequiel\Documents\GitHub\Uboot\build\Uboot.vcxproj]
  (compilando archivo de origen "../app/win32/Tabs.cpp")
  
C:\Program Files (x86)\Windows Kits\10\Include\10.0.26100.0\um\prsht.h(253,5): error C4430: falta el especificador de tipo; se presupone int. Nota: C++ no admite default-int [C:\Users\Ezequiel\Documents\GitHub\Uboot\build\Uboot.vcxproj]
  (compilando archivo de origen "../app/win32/Tabs.cpp")
  
C:\Program Files (x86)\Windows Kits\10\Include\10.0.26100.0\um\prsht.h(259,5): error C3646: 'dwSize': especificador de invalidación desconocido [C:\Users\Ezequiel\Documents\GitHub\Uboot\build\Uboot.vcxproj]
  (compilando archivo de origen "../app/win32/Tabs.cpp")
  
C:\Program Files (x86)\Windows Kits\10\Include\10.0.26100.0\um\prsht.h(259,5): error C4430: falta el especificador de tipo; se presupone int. Nota: C++ no admite default-int [C:\Users\Ezequiel\Documents\GitHub\Uboot\build\Uboot.vcxproj]
  (compilando archivo de origen "../app/win32/Tabs.cpp")
  
C:\Program Files (x86)\Windows Kits\10\Include\10.0.26100.0\um\prsht.h(259,5): error C3646: 'dwFlags': especificador de invalidación desconocido [C:\Users\Ezequiel\Documents\GitHub\Uboot\build\Uboot.vcxproj]
  (compilando archivo de origen "../app/win32/Tabs.cpp")
  
C:\Program Files (x86)\Windows Kits\10\Include\10.0.26100.0\um\prsht.h(259,5): error C3646: 'hInstance': especificador de invalidación desconocido [C:\Users\Ezequiel\Documents\GitHub\Uboot\build\Uboot.vcxproj]
  (compilando archivo de origen "../app/win32/Tabs.cpp")
  
C:\Program Files (x86)\Windows Kits\10\Include\10.0.26100.0\um\prsht.h(259,5): error C3646: 'pszTemplate': especificador de invalidación desconocido [C:\Users\Ezequiel\Documents\GitHub\Uboot\build\Uboot.vcxproj]
  (compilando archivo de origen "../app/win32/Tabs.cpp")
  
C:\Program Files (x86)\Windows Kits\10\Include\10.0.26100.0\um\prsht.h(259,5): error C3646: 'pResource': especificador de invalidación desconocido [C:\Users\Ezequiel\Documents\GitHub\Uboot\build\Uboot.vcxproj]
  (compilando archivo de origen "../app/win32/Tabs.cpp")
  
C:\Program Files (x86)\Windows Kits\10\Include\10.0.26100.0\um\prsht.h(259,5): warning C4408: en el elemento union anónimo no se ha declarado ningún miembro de datos [C:\Users\Ezequiel\Documents\GitHub\Uboot\build\Uboot.vcxproj]
  (compilando archivo de origen "../app/win32/Tabs.cpp")
  
C:\Program Files (x86)\Windows Kits\10\Include\10.0.26100.0\um\prsht.h(259,5): error C3646: 'hIcon': especificador de invalidación desconocido [C:\Users\Ezequiel\Documents\GitHub\Uboot\build\Uboot.vcxproj]
  (compilando archivo de origen "../app/win32/Tabs.cpp")
  
C:\Program Files (x86)\Windows Kits\10\Include\10.0.26100.0\um\prsht.h(259,5): error C3646: 'pszIcon': especificador de invalidación desconocido [C:\Users\Ezequiel\Documents\GitHub\Uboot\build\Uboot.vcxproj]
  (compilando archivo de origen "../app/win32/Tabs.cpp")
  
C:\Program Files (x86)\Windows Kits\10\Include\10.0.26100.0\um\prsht.h(259,5): error C3646: 'pszTitle': especificador de invalidación desconocido [C:\Users\Ezequiel\Documents\GitHub\Uboot\build\Uboot.vcxproj]
  (compilando archivo de origen "../app/win32/Tabs.cpp")
  
C:\Program Files (x86)\Windows Kits\10\Include\10.0.26100.0\um\prsht.h(259,5): error C3646: 'pfnDlgProc': especificador de invalidación desconocido [C:\Users\Ezequiel\Documents\GitHub\Uboot\build\Uboot.vcxproj]
  (compilando archivo de origen "../app/win32/Tabs.cpp")
  
C:\Program Files (x86)\Windows Kits\10\Include\10.0.26100.0\um\prsht.h(259,5): error C3646: 'lParam': especificador de invalidación desconocido [C:\Users\Ezequiel\Documents\GitHub\Uboot\build\Uboot.vcxproj]
  (compilando archivo de origen "../app/win32/Tabs.cpp")
  
C:\Program Files (x86)\Windows Kits\10\Include\10.0.26100.0\um\prsht.h(259,5): error C1003: el recuento de errores supera 100; se detiene la compilación [C:\Users\Ezequiel\Documents\GitHub\Uboot\build\Uboot.vcxproj]
  (compilando archivo de origen "../app/win32/Tabs.cpp")
  
C:\Program Files (x86)\Windows Kits\10\Include\10.0.26100.0\um\commctrl.h(32,31): error C2059: error de sintaxis: 'return' [C:\Users\Ezequiel\Documents\GitHub\Uboot\build\Uboot.vcxproj]
  (compilando archivo de origen "../app/win32/EntriesListView.cpp")
  
C:\Program Files (x86)\Windows Kits\10\Include\10.0.26100.0\um\prsht.h(104,15): error C2065: 'CALLBACK': identificador no declarado [C:\Users\Ezequiel\Documents\GitHub\Uboot\build\Uboot.vcxproj]
  (compilando archivo de origen "../app/win32/EntriesListView.cpp")
  
C:\Program Files (x86)\Windows Kits\10\Include\10.0.26100.0\um\prsht.h(104,25): error C2065: 'LPFNPSPCALLBACKA': identificador no declarado [C:\Users\Ezequiel\Documents\GitHub\Uboot\build\Uboot.vcxproj]
  (compilando archivo de origen "../app/win32/EntriesListView.cpp")
  
C:\Program Files (x86)\Windows Kits\10\Include\10.0.26100.0\um\prsht.h(104,9): error C4430: falta el especificador de tipo; se presupone int. Nota: C++ no admite default-int [C:\Users\Ezequiel\Documents\GitHub\Uboot\build\Uboot.vcxproj]
  (compilando archivo de origen "../app/win32/EntriesListView.cpp")
  
C:\Program Files (x86)\Windows Kits\10\Include\10.0.26100.0\um\prsht.h(104,9): error C2513: 'int': no hay ninguna variable declarada antes de '=' [C:\Users\Ezequiel\Documents\GitHub\Uboot\build\Uboot.vcxproj]
  (compilando archivo de origen "../app/win32/EntriesListView.cpp")
  
C:\Program Files (x86)\Windows Kits\10\Include\10.0.26100.0\um\prsht.h(104,42): error C2143: error de sintaxis: falta ';' delante de '(' [C:\Users\Ezequiel\Documents\GitHub\Uboot\build\Uboot.vcxproj]
  (compilando archivo de origen "../app/win32/EntriesListView.cpp")
  
C:\Program Files (x86)\Windows Kits\10\Include\10.0.26100.0\um\prsht.h(104,48): error C2146: error de sintaxis: falta ')' delante del identificador 'hwnd' [C:\Users\Ezequiel\Documents\GitHub\Uboot\build\Uboot.vcxproj]
  (compilando archivo de origen "../app/win32/EntriesListView.cpp")
  
C:\Program Files (x86)\Windows Kits\10\Include\10.0.26100.0\um\prsht.h(104,43): error C4430: falta el especificador de tipo; se presupone int. Nota: C++ no admite default-int [C:\Users\Ezequiel\Documents\GitHub\Uboot\build\Uboot.vcxproj]
  (compilando archivo de origen "../app/win32/EntriesListView.cpp")
  
C:\Program Files (x86)\Windows Kits\10\Include\10.0.26100.0\um\prsht.h(104,48): error C2146: error de sintaxis: falta ';' delante del identificador 'hwnd' [C:\Users\Ezequiel\Documents\GitHub\Uboot\build\Uboot.vcxproj]
  (compilando archivo de origen "../app/win32/EntriesListView.cpp")
  
C:\Program Files (x86)\Windows Kits\10\Include\10.0.26100.0\um\prsht.h(104,93): error C2059: error de sintaxis: ')' [C:\Users\Ezequiel\Documents\GitHub\Uboot\build\Uboot.vcxproj]
  (compilando archivo de origen "../app/win32/EntriesListView.cpp")
  
C:\Program Files (x86)\Windows Kits\10\Include\10.0.26100.0\um\prsht.h(105,24): error C2143: error de sintaxis: falta ')' delante de '*' [C:\Users\Ezequiel\Documents\GitHub\Uboot\build\Uboot.vcxproj]
  (compilando archivo de origen "../app/win32/EntriesListView.cpp")
  
C:\Program Files (x86)\Windows Kits\10\Include\10.0.26100.0\um\prsht.h(105,24): error C2143: error de sintaxis: falta ';' delante de '*' [C:\Users\Ezequiel\Documents\GitHub\Uboot\build\Uboot.vcxproj]
  (compilando archivo de origen "../app/win32/EntriesListView.cpp")
  
C:\Program Files (x86)\Windows Kits\10\Include\10.0.26100.0\um\prsht.h(105,41): error C2059: error de sintaxis: ')' [C:\Users\Ezequiel\Documents\GitHub\Uboot\build\Uboot.vcxproj]
  (compilando archivo de origen "../app/win32/EntriesListView.cpp")
  
C:\Program Files (x86)\Windows Kits\10\Include\10.0.26100.0\um\prsht.h(105,48): error C2146: error de sintaxis: falta ')' delante del identificador 'hwnd' [C:\Users\Ezequiel\Documents\GitHub\Uboot\build\Uboot.vcxproj]
  (compilando archivo de origen "../app/win32/EntriesListView.cpp")
  
C:\Program Files (x86)\Windows Kits\10\Include\10.0.26100.0\um\prsht.h(140,9): error C4430: falta el especificador de tipo; se presupone int. Nota: C++ no admite default-int [C:\Users\Ezequiel\Documents\GitHub\Uboot\build\Uboot.vcxproj]
  (compilando archivo de origen "../app/win32/EntriesListView.cpp")
  
C:\Program Files (x86)\Windows Kits\10\Include\10.0.26100.0\um\prsht.h(140,24): error C2146: error de sintaxis: falta ';' delante del identificador 'PROPSHEETPAGE_RESOURCE' [C:\Users\Ezequiel\Documents\GitHub\Uboot\build\Uboot.vcxproj]
  (compilando archivo de origen "../app/win32/EntriesListView.cpp")
  
C:\Program Files (x86)\Windows Kits\10\Include\10.0.26100.0\um\prsht.h(140,24): error C4430: falta el especificador de tipo; se presupone int. Nota: C++ no admite default-int [C:\Users\Ezequiel\Documents\GitHub\Uboot\build\Uboot.vcxproj]
  (compilando archivo de origen "../app/win32/EntriesListView.cpp")
  
C:\Program Files (x86)\Windows Kits\10\Include\10.0.26100.0\um\prsht.h(198,5): error C3646: 'dwSize': especificador de invalidación desconocido [C:\Users\Ezequiel\Documents\GitHub\Uboot\build\Uboot.vcxproj]
  (compilando archivo de origen "../app/win32/EntriesListView.cpp")
  
C:\Program Files (x86)\Windows Kits\10\Include\10.0.26100.0\um\prsht.h(198,5): error C4430: falta el especificador de tipo; se presupone int. Nota: C++ no admite default-int [C:\Users\Ezequiel\Documents\GitHub\Uboot\build\Uboot.vcxproj]
  (compilando archivo de origen "../app/win32/EntriesListView.cpp")
  
C:\Program Files (x86)\Windows Kits\10\Include\10.0.26100.0\um\prsht.h(198,5): error C3646: 'dwFlags': especificador de invalidación desconocido [C:\Users\Ezequiel\Documents\GitHub\Uboot\build\Uboot.vcxproj]
  (compilando archivo de origen "../app/win32/EntriesListView.cpp")
  
C:\Program Files (x86)\Windows Kits\10\Include\10.0.26100.0\um\prsht.h(198,5): error C3646: 'hInstance': especificador de invalidación desconocido [C:\Users\Ezequiel\Documents\GitHub\Uboot\build\Uboot.vcxproj]
  (compilando archivo de origen "../app/win32/EntriesListView.cpp")
  
C:\Program Files (x86)\Windows Kits\10\Include\10.0.26100.0\um\prsht.h(198,5): error C3646: 'pszTemplate': especificador de invalidación desconocido [C:\Users\Ezequiel\Documents\GitHub\Uboot\build\Uboot.vcxproj]
  (compilando archivo de origen "../app/win32/EntriesListView.cpp")
  
C:\Program Files (x86)\Windows Kits\10\Include\10.0.26100.0\um\prsht.h(198,5): error C3646: 'pResource': especificador de invalidación desconocido [C:\Users\Ezequiel\Documents\GitHub\Uboot\build\Uboot.vcxproj]
  (compilando archivo de origen "../app/win32/EntriesListView.cpp")
  
C:\Program Files (x86)\Windows Kits\10\Include\10.0.26100.0\um\prsht.h(198,5): warning C4408: en el elemento union anónimo no se ha declarado ningún miembro de datos [C:\Users\Ezequiel\Documents\GitHub\Uboot\build\Uboot.vcxproj]
  (compilando archivo de origen "../app/win32/EntriesListView.cpp")
  
C:\Program Files (x86)\Windows Kits\10\Include\10.0.26100.0\um\prsht.h(198,5): error C3646: 'hIcon': especificador de invalidación desconocido [C:\Users\Ezequiel\Documents\GitHub\Uboot\build\Uboot.vcxproj]
  (compilando archivo de origen "../app/win32/EntriesListView.cpp")
  
C:\Program Files (x86)\Windows Kits\10\Include\10.0.26100.0\um\prsht.h(198,5): error C3646: 'pszIcon': especificador de invalidación desconocido [C:\Users\Ezequiel\Documents\GitHub\Uboot\build\Uboot.vcxproj]
  (compilando archivo de origen "../app/win32/EntriesListView.cpp")
  
C:\Program Files (x86)\Windows Kits\10\Include\10.0.26100.0\um\prsht.h(198,5): error C3646: 'pszTitle': especificador de invalidación desconocido [C:\Users\Ezequiel\Documents\GitHub\Uboot\build\Uboot.vcxproj]
  (compilando archivo de origen "../app/win32/EntriesListView.cpp")
  
C:\Program Files (x86)\Windows Kits\10\Include\10.0.26100.0\um\prsht.h(198,5): error C3646: 'pfnDlgProc': especificador de invalidación desconocido [C:\Users\Ezequiel\Documents\GitHub\Uboot\build\Uboot.vcxproj]
  (compilando archivo de origen "../app/win32/EntriesListView.cpp")
  
C:\Program Files (x86)\Windows Kits\10\Include\10.0.26100.0\um\prsht.h(198,5): error C3646: 'lParam': especificador de invalidación desconocido [C:\Users\Ezequiel\Documents\GitHub\Uboot\build\Uboot.vcxproj]
  (compilando archivo de origen "../app/win32/EntriesListView.cpp")
  
C:\Program Files (x86)\Windows Kits\10\Include\10.0.26100.0\um\prsht.h(198,5): error C3646: 'pfnCallback': especificador de invalidación desconocido [C:\Users\Ezequiel\Documents\GitHub\Uboot\build\Uboot.vcxproj]
  (compilando archivo de origen "../app/win32/EntriesListView.cpp")
  
C:\Program Files (x86)\Windows Kits\10\Include\10.0.26100.0\um\prsht.h(204,5): error C3646: 'dwSize': especificador de invalidación desconocido [C:\Users\Ezequiel\Documents\GitHub\Uboot\build\Uboot.vcxproj]
  (compilando archivo de origen "../app/win32/EntriesListView.cpp")
  
C:\Program Files (x86)\Windows Kits\10\Include\10.0.26100.0\um\prsht.h(204,5): error C4430: falta el especificador de tipo; se presupone int. Nota: C++ no admite default-int [C:\Users\Ezequiel\Documents\GitHub\Uboot\build\Uboot.vcxproj]
  (compilando archivo de origen "../app/win32/EntriesListView.cpp")
  
C:\Program Files (x86)\Windows Kits\10\Include\10.0.26100.0\um\prsht.h(204,5): error C3646: 'dwFlags': especificador de invalidación desconocido [C:\Users\Ezequiel\Documents\GitHub\Uboot\build\Uboot.vcxproj]
  (compilando archivo de origen "../app/win32/EntriesListView.cpp")
  
C:\Program Files (x86)\Windows Kits\10\Include\10.0.26100.0\um\prsht.h(204,5): error C3646: 'hInstance': especificador de invalidación desconocido [C:\Users\Ezequiel\Documents\GitHub\Uboot\build\Uboot.vcxproj]
  (compilando archivo de origen "../app/win32/EntriesListView.cpp")
  
C:\Program Files (x86)\Windows Kits\10\Include\10.0.26100.0\um\prsht.h(204,5): error C3646: 'pszTemplate': especificador de invalidación desconocido [C:\Users\Ezequiel\Documents\GitHub\Uboot\build\Uboot.vcxproj]
  (compilando archivo de origen "../app/win32/EntriesListView.cpp")
  
C:\Program Files (x86)\Windows Kits\10\Include\10.0.26100.0\um\prsht.h(204,5): error C3646: 'pResource': especificador de invalidación desconocido [C:\Users\Ezequiel\Documents\GitHub\Uboot\build\Uboot.vcxproj]
  (compilando archivo de origen "../app/win32/EntriesListView.cpp")
  
C:\Program Files (x86)\Windows Kits\10\Include\10.0.26100.0\um\prsht.h(204,5): warning C4408: en el elemento union anónimo no se ha declarado ningún miembro de datos [C:\Users\Ezequiel\Documents\GitHub\Uboot\build\Uboot.vcxproj]
  (compilando archivo de origen "../app/win32/EntriesListView.cpp")
  
C:\Program Files (x86)\Windows Kits\10\Include\10.0.26100.0\um\prsht.h(204,5): error C3646: 'hIcon': especificador de invalidación desconocido [C:\Users\Ezequiel\Documents\GitHub\Uboot\build\Uboot.vcxproj]
  (compilando archivo de origen "../app/win32/EntriesListView.cpp")
  
C:\Program Files (x86)\Windows Kits\10\Include\10.0.26100.0\um\prsht.h(204,5): error C3646: 'pszIcon': especificador de invalidación desconocido [C:\Users\Ezequiel\Documents\GitHub\Uboot\build\Uboot.vcxproj]
  (compilando archivo de origen "../app/win32/EntriesListView.cpp")
  
C:\Program Files (x86)\Windows Kits\10\Include\10.0.26100.0\um\prsht.h(204,5): error C3646: 'pszTitle': especificador de invalidación desconocido [C:\Users\Ezequiel\Documents\GitHub\Uboot\build\Uboot.vcxproj]
  (compilando archivo de origen "../app/win32/EntriesListView.cpp")
  
C:\Program Files (x86)\Windows Kits\10\Include\10.0.26100.0\um\prsht.h(204,5): error C3646: 'pfnDlgProc': especificador de invalidación desconocido [C:\Users\Ezequiel\Documents\GitHub\Uboot\build\Uboot.vcxproj]
  (compilando archivo de origen "../app/win32/EntriesListView.cpp")
  
C:\Program Files (x86)\Windows Kits\10\Include\10.0.26100.0\um\prsht.h(204,5): error C3646: 'lParam': especificador de invalidación desconocido [C:\Users\Ezequiel\Documents\GitHub\Uboot\build\Uboot.vcxproj]
  (compilando archivo de origen "../app/win32/EntriesListView.cpp")
  
C:\Program Files (x86)\Windows Kits\10\Include\10.0.26100.0\um\prsht.h(204,5): error C3646: 'pfnCallback': especificador de invalidación desconocido [C:\Users\Ezequiel\Documents\GitHub\Uboot\build\Uboot.vcxproj]
  (compilando archivo de origen "../app/win32/EntriesListView.cpp")
  
C:\Program Files (x86)\Windows Kits\10\Include\10.0.26100.0\um\prsht.h(206,22): error C3646: 'pszHeaderTitle': especificador de invalidación desconocido [C:\Users\Ezequiel\Documents\GitHub\Uboot\build\Uboot.vcxproj]
  (compilando archivo de origen "../app/win32/EntriesListView.cpp")
  
C:\Program Files (x86)\Windows Kits\10\Include\10.0.26100.0\um\prsht.h(206,5): error C4430: falta el especificador de tipo; se presupone int. Nota: C++ no admite default-int [C:\Users\Ezequiel\Documents\GitHub\Uboot\build\Uboot.vcxproj]
  (compilando archivo de origen "../app/win32/EntriesListView.cpp")
  
C:\Program Files (x86)\Windows Kits\10\Include\10.0.26100.0\um\prsht.h(207,22): error C3646: 'pszHeaderSubTitle': especificador de invalidación desconocido [C:\Users\Ezequiel\Documents\GitHub\Uboot\build\Uboot.vcxproj]
  (compilando archivo de origen "../app/win32/EntriesListView.cpp")
  
C:\Program Files (x86)\Windows Kits\10\Include\10.0.26100.0\um\prsht.h(207,5): error C4430: falta el especificador de tipo; se presupone int. Nota: C++ no admite default-int [C:\Users\Ezequiel\Documents\GitHub\Uboot\build\Uboot.vcxproj]
  (compilando archivo de origen "../app/win32/EntriesListView.cpp")
  
C:\Program Files (x86)\Windows Kits\10\Include\10.0.26100.0\um\prsht.h(213,5): error C3646: 'dwSize': especificador de invalidación desconocido [C:\Users\Ezequiel\Documents\GitHub\Uboot\build\Uboot.vcxproj]
  (compilando archivo de origen "../app/win32/EntriesListView.cpp")
  
C:\Program Files (x86)\Windows Kits\10\Include\10.0.26100.0\um\prsht.h(213,5): error C4430: falta el especificador de tipo; se presupone int. Nota: C++ no admite default-int [C:\Users\Ezequiel\Documents\GitHub\Uboot\build\Uboot.vcxproj]
  (compilando archivo de origen "../app/win32/EntriesListView.cpp")
  
C:\Program Files (x86)\Windows Kits\10\Include\10.0.26100.0\um\prsht.h(213,5): error C3646: 'dwFlags': especificador de invalidación desconocido [C:\Users\Ezequiel\Documents\GitHub\Uboot\build\Uboot.vcxproj]
  (compilando archivo de origen "../app/win32/EntriesListView.cpp")
  
C:\Program Files (x86)\Windows Kits\10\Include\10.0.26100.0\um\prsht.h(213,5): error C3646: 'hInstance': especificador de invalidación desconocido [C:\Users\Ezequiel\Documents\GitHub\Uboot\build\Uboot.vcxproj]
  (compilando archivo de origen "../app/win32/EntriesListView.cpp")
  
C:\Program Files (x86)\Windows Kits\10\Include\10.0.26100.0\um\prsht.h(213,5): error C3646: 'pszTemplate': especificador de invalidación desconocido [C:\Users\Ezequiel\Documents\GitHub\Uboot\build\Uboot.vcxproj]
  (compilando archivo de origen "../app/win32/EntriesListView.cpp")
  
C:\Program Files (x86)\Windows Kits\10\Include\10.0.26100.0\um\prsht.h(213,5): error C3646: 'pResource': especificador de invalidación desconocido [C:\Users\Ezequiel\Documents\GitHub\Uboot\build\Uboot.vcxproj]
  (compilando archivo de origen "../app/win32/EntriesListView.cpp")
  
C:\Program Files (x86)\Windows Kits\10\Include\10.0.26100.0\um\prsht.h(213,5): warning C4408: en el elemento union anónimo no se ha declarado ningún miembro de datos [C:\Users\Ezequiel\Documents\GitHub\Uboot\build\Uboot.vcxproj]
  (compilando archivo de origen "../app/win32/EntriesListView.cpp")
  
C:\Program Files (x86)\Windows Kits\10\Include\10.0.26100.0\um\prsht.h(213,5): error C3646: 'hIcon': especificador de invalidación desconocido [C:\Users\Ezequiel\Documents\GitHub\Uboot\build\Uboot.vcxproj]
  (compilando archivo de origen "../app/win32/EntriesListView.cpp")
  
C:\Program Files (x86)\Windows Kits\10\Include\10.0.26100.0\um\prsht.h(213,5): error C3646: 'pszIcon': especificador de invalidación desconocido [C:\Users\Ezequiel\Documents\GitHub\Uboot\build\Uboot.vcxproj]
  (compilando archivo de origen "../app/win32/EntriesListView.cpp")
  
C:\Program Files (x86)\Windows Kits\10\Include\10.0.26100.0\um\prsht.h(213,5): error C3646: 'pszTitle': especificador de invalidación desconocido [C:\Users\Ezequiel\Documents\GitHub\Uboot\build\Uboot.vcxproj]
  (compilando archivo de origen "../app/win32/EntriesListView.cpp")
  
C:\Program Files (x86)\Windows Kits\10\Include\10.0.26100.0\um\prsht.h(213,5): error C3646: 'pfnDlgProc': especificador de invalidación desconocido [C:\Users\Ezequiel\Documents\GitHub\Uboot\build\Uboot.vcxproj]
  (compilando archivo de origen "../app/win32/EntriesListView.cpp")
  
C:\Program Files (x86)\Windows Kits\10\Include\10.0.26100.0\um\prsht.h(213,5): error C3646: 'lParam': especificador de invalidación desconocido [C:\Users\Ezequiel\Documents\GitHub\Uboot\build\Uboot.vcxproj]
  (compilando archivo de origen "../app/win32/EntriesListView.cpp")
  
C:\Program Files (x86)\Windows Kits\10\Include\10.0.26100.0\um\prsht.h(213,5): error C3646: 'pfnCallback': especificador de invalidación desconocido [C:\Users\Ezequiel\Documents\GitHub\Uboot\build\Uboot.vcxproj]
  (compilando archivo de origen "../app/win32/EntriesListView.cpp")
  
C:\Program Files (x86)\Windows Kits\10\Include\10.0.26100.0\um\prsht.h(215,22): error C3646: 'pszHeaderTitle': especificador de invalidación desconocido [C:\Users\Ezequiel\Documents\GitHub\Uboot\build\Uboot.vcxproj]
  (compilando archivo de origen "../app/win32/EntriesListView.cpp")
  
C:\Program Files (x86)\Windows Kits\10\Include\10.0.26100.0\um\prsht.h(215,5): error C4430: falta el especificador de tipo; se presupone int. Nota: C++ no admite default-int [C:\Users\Ezequiel\Documents\GitHub\Uboot\build\Uboot.vcxproj]
  (compilando archivo de origen "../app/win32/EntriesListView.cpp")
  
C:\Program Files (x86)\Windows Kits\10\Include\10.0.26100.0\um\prsht.h(216,22): error C3646: 'pszHeaderSubTitle': especificador de invalidación desconocido [C:\Users\Ezequiel\Documents\GitHub\Uboot\build\Uboot.vcxproj]
  (compilando archivo de origen "../app/win32/EntriesListView.cpp")
  
C:\Program Files (x86)\Windows Kits\10\Include\10.0.26100.0\um\prsht.h(216,5): error C4430: falta el especificador de tipo; se presupone int. Nota: C++ no admite default-int [C:\Users\Ezequiel\Documents\GitHub\Uboot\build\Uboot.vcxproj]
  (compilando archivo de origen "../app/win32/EntriesListView.cpp")
  
C:\Program Files (x86)\Windows Kits\10\Include\10.0.26100.0\um\prsht.h(218,22): error C3646: 'hActCtx': especificador de invalidación desconocido [C:\Users\Ezequiel\Documents\GitHub\Uboot\build\Uboot.vcxproj]
  (compilando archivo de origen "../app/win32/EntriesListView.cpp")
  
C:\Program Files (x86)\Windows Kits\10\Include\10.0.26100.0\um\prsht.h(218,5): error C4430: falta el especificador de tipo; se presupone int. Nota: C++ no admite default-int [C:\Users\Ezequiel\Documents\GitHub\Uboot\build\Uboot.vcxproj]
  (compilando archivo de origen "../app/win32/EntriesListView.cpp")
  
C:\Program Files (x86)\Windows Kits\10\Include\10.0.26100.0\um\prsht.h(225,5): error C3646: 'dwSize': especificador de invalidación desconocido [C:\Users\Ezequiel\Documents\GitHub\Uboot\build\Uboot.vcxproj]
  (compilando archivo de origen "../app/win32/EntriesListView.cpp")
  
C:\Program Files (x86)\Windows Kits\10\Include\10.0.26100.0\um\prsht.h(225,5): error C4430: falta el especificador de tipo; se presupone int. Nota: C++ no admite default-int [C:\Users\Ezequiel\Documents\GitHub\Uboot\build\Uboot.vcxproj]
  (compilando archivo de origen "../app/win32/EntriesListView.cpp")
  
C:\Program Files (x86)\Windows Kits\10\Include\10.0.26100.0\um\prsht.h(225,5): error C3646: 'dwFlags': especificador de invalidación desconocido [C:\Users\Ezequiel\Documents\GitHub\Uboot\build\Uboot.vcxproj]
  (compilando archivo de origen "../app/win32/EntriesListView.cpp")
  
C:\Program Files (x86)\Windows Kits\10\Include\10.0.26100.0\um\prsht.h(225,5): error C3646: 'hInstance': especificador de invalidación desconocido [C:\Users\Ezequiel\Documents\GitHub\Uboot\build\Uboot.vcxproj]
  (compilando archivo de origen "../app/win32/EntriesListView.cpp")
  
C:\Program Files (x86)\Windows Kits\10\Include\10.0.26100.0\um\prsht.h(225,5): error C3646: 'pszTemplate': especificador de invalidación desconocido [C:\Users\Ezequiel\Documents\GitHub\Uboot\build\Uboot.vcxproj]
  (compilando archivo de origen "../app/win32/EntriesListView.cpp")
  
C:\Program Files (x86)\Windows Kits\10\Include\10.0.26100.0\um\prsht.h(225,5): error C3646: 'pResource': especificador de invalidación desconocido [C:\Users\Ezequiel\Documents\GitHub\Uboot\build\Uboot.vcxproj]
  (compilando archivo de origen "../app/win32/EntriesListView.cpp")
  
C:\Program Files (x86)\Windows Kits\10\Include\10.0.26100.0\um\prsht.h(225,5): warning C4408: en el elemento union anónimo no se ha declarado ningún miembro de datos [C:\Users\Ezequiel\Documents\GitHub\Uboot\build\Uboot.vcxproj]
  (compilando archivo de origen "../app/win32/EntriesListView.cpp")
  
C:\Program Files (x86)\Windows Kits\10\Include\10.0.26100.0\um\prsht.h(225,5): error C3646: 'hIcon': especificador de invalidación desconocido [C:\Users\Ezequiel\Documents\GitHub\Uboot\build\Uboot.vcxproj]
  (compilando archivo de origen "../app/win32/EntriesListView.cpp")
  
C:\Program Files (x86)\Windows Kits\10\Include\10.0.26100.0\um\prsht.h(225,5): error C3646: 'pszIcon': especificador de invalidación desconocido [C:\Users\Ezequiel\Documents\GitHub\Uboot\build\Uboot.vcxproj]
  (compilando archivo de origen "../app/win32/EntriesListView.cpp")
  
C:\Program Files (x86)\Windows Kits\10\Include\10.0.26100.0\um\prsht.h(225,5): error C3646: 'pszTitle': especificador de invalidación desconocido [C:\Users\Ezequiel\Documents\GitHub\Uboot\build\Uboot.vcxproj]
  (compilando archivo de origen "../app/win32/EntriesListView.cpp")
  
C:\Program Files (x86)\Windows Kits\10\Include\10.0.26100.0\um\prsht.h(225,5): error C3646: 'pfnDlgProc': especificador de invalidación desconocido [C:\Users\Ezequiel\Documents\GitHub\Uboot\build\Uboot.vcxproj]
  (compilando archivo de origen "../app/win32/EntriesListView.cpp")
  
C:\Program Files (x86)\Windows Kits\10\Include\10.0.26100.0\um\prsht.h(225,5): error C3646: 'lParam': especificador de invalidación desconocido [C:\Users\Ezequiel\Documents\GitHub\Uboot\build\Uboot.vcxproj]
  (compilando archivo de origen "../app/win32/EntriesListView.cpp")
  
C:\Program Files (x86)\Windows Kits\10\Include\10.0.26100.0\um\prsht.h(225,5): error C3646: 'pfnCallback': especificador de invalidación desconocido [C:\Users\Ezequiel\Documents\GitHub\Uboot\build\Uboot.vcxproj]
  (compilando archivo de origen "../app/win32/EntriesListView.cpp")
  
C:\Program Files (x86)\Windows Kits\10\Include\10.0.26100.0\um\prsht.h(227,22): error C3646: 'pszHeaderTitle': especificador de invalidación desconocido [C:\Users\Ezequiel\Documents\GitHub\Uboot\build\Uboot.vcxproj]
  (compilando archivo de origen "../app/win32/EntriesListView.cpp")
  
C:\Program Files (x86)\Windows Kits\10\Include\10.0.26100.0\um\prsht.h(227,5): error C4430: falta el especificador de tipo; se presupone int. Nota: C++ no admite default-int [C:\Users\Ezequiel\Documents\GitHub\Uboot\build\Uboot.vcxproj]
  (compilando archivo de origen "../app/win32/EntriesListView.cpp")
  
C:\Program Files (x86)\Windows Kits\10\Include\10.0.26100.0\um\prsht.h(228,22): error C3646: 'pszHeaderSubTitle': especificador de invalidación desconocido [C:\Users\Ezequiel\Documents\GitHub\Uboot\build\Uboot.vcxproj]
  (compilando archivo de origen "../app/win32/EntriesListView.cpp")
  
C:\Program Files (x86)\Windows Kits\10\Include\10.0.26100.0\um\prsht.h(228,5): error C4430: falta el especificador de tipo; se presupone int. Nota: C++ no admite default-int [C:\Users\Ezequiel\Documents\GitHub\Uboot\build\Uboot.vcxproj]
  (compilando archivo de origen "../app/win32/EntriesListView.cpp")
  
C:\Program Files (x86)\Windows Kits\10\Include\10.0.26100.0\um\prsht.h(230,22): error C3646: 'hActCtx': especificador de invalidación desconocido [C:\Users\Ezequiel\Documents\GitHub\Uboot\build\Uboot.vcxproj]
  (compilando archivo de origen "../app/win32/EntriesListView.cpp")
  
C:\Program Files (x86)\Windows Kits\10\Include\10.0.26100.0\um\prsht.h(230,5): error C4430: falta el especificador de tipo; se presupone int. Nota: C++ no admite default-int [C:\Users\Ezequiel\Documents\GitHub\Uboot\build\Uboot.vcxproj]
  (compilando archivo de origen "../app/win32/EntriesListView.cpp")
  
C:\Program Files (x86)\Windows Kits\10\Include\10.0.26100.0\um\prsht.h(234,21): error C3646: 'hbmHeader': especificador de invalidación desconocido [C:\Users\Ezequiel\Documents\GitHub\Uboot\build\Uboot.vcxproj]
  (compilando archivo de origen "../app/win32/EntriesListView.cpp")
  
C:\Program Files (x86)\Windows Kits\10\Include\10.0.26100.0\um\prsht.h(234,9): error C4430: falta el especificador de tipo; se presupone int. Nota: C++ no admite default-int [C:\Users\Ezequiel\Documents\GitHub\Uboot\build\Uboot.vcxproj]
  (compilando archivo de origen "../app/win32/EntriesListView.cpp")
  
C:\Program Files (x86)\Windows Kits\10\Include\10.0.26100.0\um\prsht.h(235,21): error C3646: 'pszbmHeader': especificador de invalidación desconocido [C:\Users\Ezequiel\Documents\GitHub\Uboot\build\Uboot.vcxproj]
  (compilando archivo de origen "../app/win32/EntriesListView.cpp")
  
C:\Program Files (x86)\Windows Kits\10\Include\10.0.26100.0\um\prsht.h(235,9): error C4430: falta el especificador de tipo; se presupone int. Nota: C++ no admite default-int [C:\Users\Ezequiel\Documents\GitHub\Uboot\build\Uboot.vcxproj]
  (compilando archivo de origen "../app/win32/EntriesListView.cpp")
  
C:\Program Files (x86)\Windows Kits\10\Include\10.0.26100.0\um\prsht.h(233,5): warning C4408: en el elemento union anónimo no se ha declarado ningún miembro de datos [C:\Users\Ezequiel\Documents\GitHub\Uboot\build\Uboot.vcxproj]
  (compilando archivo de origen "../app/win32/EntriesListView.cpp")
  
C:\Program Files (x86)\Windows Kits\10\Include\10.0.26100.0\um\prsht.h(244,5): error C3646: 'dwSize': especificador de invalidación desconocido [C:\Users\Ezequiel\Documents\GitHub\Uboot\build\Uboot.vcxproj]
  (compilando archivo de origen "../app/win32/EntriesListView.cpp")
  
C:\Program Files (x86)\Windows Kits\10\Include\10.0.26100.0\um\prsht.h(244,5): error C4430: falta el especificador de tipo; se presupone int. Nota: C++ no admite default-int [C:\Users\Ezequiel\Documents\GitHub\Uboot\build\Uboot.vcxproj]
  (compilando archivo de origen "../app/win32/EntriesListView.cpp")
  
C:\Program Files (x86)\Windows Kits\10\Include\10.0.26100.0\um\prsht.h(244,5): error C3646: 'dwFlags': especificador de invalidación desconocido [C:\Users\Ezequiel\Documents\GitHub\Uboot\build\Uboot.vcxproj]
  (compilando archivo de origen "../app/win32/EntriesListView.cpp")
  
C:\Program Files (x86)\Windows Kits\10\Include\10.0.26100.0\um\prsht.h(244,5): error C3646: 'hInstance': especificador de invalidación desconocido [C:\Users\Ezequiel\Documents\GitHub\Uboot\build\Uboot.vcxproj]
  (compilando archivo de origen "../app/win32/EntriesListView.cpp")
  
C:\Program Files (x86)\Windows Kits\10\Include\10.0.26100.0\um\prsht.h(244,5): error C3646: 'pszTemplate': especificador de invalidación desconocido [C:\Users\Ezequiel\Documents\GitHub\Uboot\build\Uboot.vcxproj]
  (compilando archivo de origen "../app/win32/EntriesListView.cpp")
  
C:\Program Files (x86)\Windows Kits\10\Include\10.0.26100.0\um\prsht.h(244,5): error C3646: 'pResource': especificador de invalidación desconocido [C:\Users\Ezequiel\Documents\GitHub\Uboot\build\Uboot.vcxproj]
  (compilando archivo de origen "../app/win32/EntriesListView.cpp")
  
C:\Program Files (x86)\Windows Kits\10\Include\10.0.26100.0\um\prsht.h(244,5): warning C4408: en el elemento union anónimo no se ha declarado ningún miembro de datos [C:\Users\Ezequiel\Documents\GitHub\Uboot\build\Uboot.vcxproj]
  (compilando archivo de origen "../app/win32/EntriesListView.cpp")
  
C:\Program Files (x86)\Windows Kits\10\Include\10.0.26100.0\um\prsht.h(244,5): error C3646: 'hIcon': especificador de invalidación desconocido [C:\Users\Ezequiel\Documents\GitHub\Uboot\build\Uboot.vcxproj]
  (compilando archivo de origen "../app/win32/EntriesListView.cpp")
  
C:\Program Files (x86)\Windows Kits\10\Include\10.0.26100.0\um\prsht.h(244,5): error C3646: 'pszIcon': especificador de invalidación desconocido [C:\Users\Ezequiel\Documents\GitHub\Uboot\build\Uboot.vcxproj]
  (compilando archivo de origen "../app/win32/EntriesListView.cpp")
  
C:\Program Files (x86)\Windows Kits\10\Include\10.0.26100.0\um\prsht.h(244,5): error C3646: 'pszTitle': especificador de invalidación desconocido [C:\Users\Ezequiel\Documents\GitHub\Uboot\build\Uboot.vcxproj]
  (compilando archivo de origen "../app/win32/EntriesListView.cpp")
  
C:\Program Files (x86)\Windows Kits\10\Include\10.0.26100.0\um\prsht.h(244,5): error C3646: 'pfnDlgProc': especificador de invalidación desconocido [C:\Users\Ezequiel\Documents\GitHub\Uboot\build\Uboot.vcxproj]
  (compilando archivo de origen "../app/win32/EntriesListView.cpp")
  
C:\Program Files (x86)\Windows Kits\10\Include\10.0.26100.0\um\prsht.h(244,5): error C3646: 'lParam': especificador de invalidación desconocido [C:\Users\Ezequiel\Documents\GitHub\Uboot\build\Uboot.vcxproj]
  (compilando archivo de origen "../app/win32/EntriesListView.cpp")
  
C:\Program Files (x86)\Windows Kits\10\Include\10.0.26100.0\um\prsht.h(244,5): error C3646: 'pfnCallback': especificador de invalidación desconocido [C:\Users\Ezequiel\Documents\GitHub\Uboot\build\Uboot.vcxproj]
  (compilando archivo de origen "../app/win32/EntriesListView.cpp")
  
C:\Program Files (x86)\Windows Kits\10\Include\10.0.26100.0\um\prsht.h(250,5): error C3646: 'dwSize': especificador de invalidación desconocido [C:\Users\Ezequiel\Documents\GitHub\Uboot\build\Uboot.vcxproj]
  (compilando archivo de origen "../app/win32/EntriesListView.cpp")
  
C:\Program Files (x86)\Windows Kits\10\Include\10.0.26100.0\um\prsht.h(250,5): error C4430: falta el especificador de tipo; se presupone int. Nota: C++ no admite default-int [C:\Users\Ezequiel\Documents\GitHub\Uboot\build\Uboot.vcxproj]
  (compilando archivo de origen "../app/win32/EntriesListView.cpp")
  
C:\Program Files (x86)\Windows Kits\10\Include\10.0.26100.0\um\prsht.h(250,5): error C3646: 'dwFlags': especificador de invalidación desconocido [C:\Users\Ezequiel\Documents\GitHub\Uboot\build\Uboot.vcxproj]
  (compilando archivo de origen "../app/win32/EntriesListView.cpp")
  
C:\Program Files (x86)\Windows Kits\10\Include\10.0.26100.0\um\prsht.h(250,5): error C3646: 'hInstance': especificador de invalidación desconocido [C:\Users\Ezequiel\Documents\GitHub\Uboot\build\Uboot.vcxproj]
  (compilando archivo de origen "../app/win32/EntriesListView.cpp")
  
C:\Program Files (x86)\Windows Kits\10\Include\10.0.26100.0\um\prsht.h(250,5): error C3646: 'pszTemplate': especificador de invalidación desconocido [C:\Users\Ezequiel\Documents\GitHub\Uboot\build\Uboot.vcxproj]
  (compilando archivo de origen "../app/win32/EntriesListView.cpp")
  
C:\Program Files (x86)\Windows Kits\10\Include\10.0.26100.0\um\prsht.h(250,5): error C3646: 'pResource': especificador de invalidación desconocido [C:\Users\Ezequiel\Documents\GitHub\Uboot\build\Uboot.vcxproj]
  (compilando archivo de origen "../app/win32/EntriesListView.cpp")
  
C:\Program Files (x86)\Windows Kits\10\Include\10.0.26100.0\um\prsht.h(250,5): warning C4408: en el elemento union anónimo no se ha declarado ningún miembro de datos [C:\Users\Ezequiel\Documents\GitHub\Uboot\build\Uboot.vcxproj]
  (compilando archivo de origen "../app/win32/EntriesListView.cpp")
  
C:\Program Files (x86)\Windows Kits\10\Include\10.0.26100.0\um\prsht.h(250,5): error C3646: 'hIcon': especificador de invalidación desconocido [C:\Users\Ezequiel\Documents\GitHub\Uboot\build\Uboot.vcxproj]
  (compilando archivo de origen "../app/win32/EntriesListView.cpp")
  
C:\Program Files (x86)\Windows Kits\10\Include\10.0.26100.0\um\prsht.h(250,5): error C3646: 'pszIcon': especificador de invalidación desconocido [C:\Users\Ezequiel\Documents\GitHub\Uboot\build\Uboot.vcxproj]
  (compilando archivo de origen "../app/win32/EntriesListView.cpp")
  
C:\Program Files (x86)\Windows Kits\10\Include\10.0.26100.0\um\prsht.h(250,5): error C3646: 'pszTitle': especificador de invalidación desconocido [C:\Users\Ezequiel\Documents\GitHub\Uboot\build\Uboot.vcxproj]
  (compilando archivo de origen "../app/win32/EntriesListView.cpp")
  
C:\Program Files (x86)\Windows Kits\10\Include\10.0.26100.0\um\prsht.h(250,5): error C3646: 'pfnDlgProc': especificador de invalidación desconocido [C:\Users\Ezequiel\Documents\GitHub\Uboot\build\Uboot.vcxproj]
  (compilando archivo de origen "../app/win32/EntriesListView.cpp")
  
C:\Program Files (x86)\Windows Kits\10\Include\10.0.26100.0\um\prsht.h(250,5): error C3646: 'lParam': especificador de invalidación desconocido [C:\Users\Ezequiel\Documents\GitHub\Uboot\build\Uboot.vcxproj]
  (compilando archivo de origen "../app/win32/EntriesListView.cpp")
  
C:\Program Files (x86)\Windows Kits\10\Include\10.0.26100.0\um\prsht.h(250,5): error C3646: 'pfnCallback': especificador de invalidación desconocido [C:\Users\Ezequiel\Documents\GitHub\Uboot\build\Uboot.vcxproj]
  (compilando archivo de origen "../app/win32/EntriesListView.cpp")
  
C:\Program Files (x86)\Windows Kits\10\Include\10.0.26100.0\um\prsht.h(252,23): error C3646: 'pszHeaderTitle': especificador de invalidación desconocido [C:\Users\Ezequiel\Documents\GitHub\Uboot\build\Uboot.vcxproj]
  (compilando archivo de origen "../app/win32/EntriesListView.cpp")
  
C:\Program Files (x86)\Windows Kits\10\Include\10.0.26100.0\um\prsht.h(252,5): error C4430: falta el especificador de tipo; se presupone int. Nota: C++ no admite default-int [C:\Users\Ezequiel\Documents\GitHub\Uboot\build\Uboot.vcxproj]
  (compilando archivo de origen "../app/win32/EntriesListView.cpp")
  
C:\Program Files (x86)\Windows Kits\10\Include\10.0.26100.0\um\prsht.h(253,23): error C3646: 'pszHeaderSubTitle': especificador de invalidación desconocido [C:\Users\Ezequiel\Documents\GitHub\Uboot\build\Uboot.vcxproj]
  (compilando archivo de origen "../app/win32/EntriesListView.cpp")
  
C:\Program Files (x86)\Windows Kits\10\Include\10.0.26100.0\um\prsht.h(253,5): error C4430: falta el especificador de tipo; se presupone int. Nota: C++ no admite default-int [C:\Users\Ezequiel\Documents\GitHub\Uboot\build\Uboot.vcxproj]
  (compilando archivo de origen "../app/win32/EntriesListView.cpp")
  
C:\Program Files (x86)\Windows Kits\10\Include\10.0.26100.0\um\prsht.h(259,5): error C3646: 'dwSize': especificador de invalidación desconocido [C:\Users\Ezequiel\Documents\GitHub\Uboot\build\Uboot.vcxproj]
  (compilando archivo de origen "../app/win32/EntriesListView.cpp")
  
C:\Program Files (x86)\Windows Kits\10\Include\10.0.26100.0\um\prsht.h(259,5): error C4430: falta el especificador de tipo; se presupone int. Nota: C++ no admite default-int [C:\Users\Ezequiel\Documents\GitHub\Uboot\build\Uboot.vcxproj]
  (compilando archivo de origen "../app/win32/EntriesListView.cpp")
  
C:\Program Files (x86)\Windows Kits\10\Include\10.0.26100.0\um\prsht.h(259,5): error C3646: 'dwFlags': especificador de invalidación desconocido [C:\Users\Ezequiel\Documents\GitHub\Uboot\build\Uboot.vcxproj]
  (compilando archivo de origen "../app/win32/EntriesListView.cpp")
  
C:\Program Files (x86)\Windows Kits\10\Include\10.0.26100.0\um\prsht.h(259,5): error C3646: 'hInstance': especificador de invalidación desconocido [C:\Users\Ezequiel\Documents\GitHub\Uboot\build\Uboot.vcxproj]
  (compilando archivo de origen "../app/win32/EntriesListView.cpp")
  
C:\Program Files (x86)\Windows Kits\10\Include\10.0.26100.0\um\prsht.h(259,5): error C3646: 'pszTemplate': especificador de invalidación desconocido [C:\Users\Ezequiel\Documents\GitHub\Uboot\build\Uboot.vcxproj]
  (compilando archivo de origen "../app/win32/EntriesListView.cpp")
  
C:\Program Files (x86)\Windows Kits\10\Include\10.0.26100.0\um\prsht.h(259,5): error C3646: 'pResource': especificador de invalidación desconocido [C:\Users\Ezequiel\Documents\GitHub\Uboot\build\Uboot.vcxproj]
  (compilando archivo de origen "../app/win32/EntriesListView.cpp")
  
C:\Program Files (x86)\Windows Kits\10\Include\10.0.26100.0\um\prsht.h(259,5): warning C4408: en el elemento union anónimo no se ha declarado ningún miembro de datos [C:\Users\Ezequiel\Documents\GitHub\Uboot\build\Uboot.vcxproj]
  (compilando archivo de origen "../app/win32/EntriesListView.cpp")
  
C:\Program Files (x86)\Windows Kits\10\Include\10.0.26100.0\um\prsht.h(259,5): error C3646: 'hIcon': especificador de invalidación desconocido [C:\Users\Ezequiel\Documents\GitHub\Uboot\build\Uboot.vcxproj]
  (compilando archivo de origen "../app/win32/EntriesListView.cpp")
  
C:\Program Files (x86)\Windows Kits\10\Include\10.0.26100.0\um\prsht.h(259,5): error C3646: 'pszIcon': especificador de invalidación desconocido [C:\Users\Ezequiel\Documents\GitHub\Uboot\build\Uboot.vcxproj]
  (compilando archivo de origen "../app/win32/EntriesListView.cpp")
  
C:\Program Files (x86)\Windows Kits\10\Include\10.0.26100.0\um\prsht.h(259,5): error C3646: 'pszTitle': especificador de invalidación desconocido [C:\Users\Ezequiel\Documents\GitHub\Uboot\build\Uboot.vcxproj]
  (compilando archivo de origen "../app/win32/EntriesListView.cpp")
  
C:\Program Files (x86)\Windows Kits\10\Include\10.0.26100.0\um\prsht.h(259,5): error C3646: 'pfnDlgProc': especificador de invalidación desconocido [C:\Users\Ezequiel\Documents\GitHub\Uboot\build\Uboot.vcxproj]
  (compilando archivo de origen "../app/win32/EntriesListView.cpp")
  
C:\Program Files (x86)\Windows Kits\10\Include\10.0.26100.0\um\prsht.h(259,5): error C3646: 'lParam': especificador de invalidación desconocido [C:\Users\Ezequiel\Documents\GitHub\Uboot\build\Uboot.vcxproj]
  (compilando archivo de origen "../app/win32/EntriesListView.cpp")
  
C:\Program Files (x86)\Windows Kits\10\Include\10.0.26100.0\um\prsht.h(259,5): error C1003: el recuento de errores supera 100; se detiene la compilación [C:\Users\Ezequiel\Documents\GitHub\Uboot\build\Uboot.vcxproj]
  (compilando archivo de origen "../app/win32/EntriesListView.cpp")
  
  Transaction.cpp
C:\Users\Ezequiel\Documents\GitHub\Uboot\build\_deps\rapidjson-src\include\rapidjson\document.h(110,5): warning C4996: 'std::iterator<std::random_access_iterator_tag,internal::MaybeAddConst<Const,rapidjson::GenericMember<Encoding,Allocator>>::Type,ptrdiff_t,internal::MaybeAddConst<Const,rapidjson::GenericMember<Encoding,Allocator>>::Type*,internal::MaybeAddConst<Const,rapidjson::GenericMember<Encoding,Allocator>>::Type&>': warning STL4015: The std::iterator class template (used as a base class to provide typedefs) is deprecated in C++17. (The <iterator> header is NOT deprecated.) The C++ Standard has never required user-defined iterators to derive from std::iterator. To fix this warning, stop deriving from std::iterator and start providing publicly accessible typedefs named iterator_category, value_type, difference_type, pointer, and reference. Note that value_type is required to be non-const, even for constant iterators. You can define _SILENCE_CXX17_ITERATOR_BASE_CLASS_DEPRECATION_WARNING or _SILENCE_ALL_CXX17_DEPRECATION_WARNINGS to suppress this warning. [C:\Users\Ezequiel\Documents\GitHub\Uboot\build\Uboot.vcxproj]
  (compilando archivo de origen "../core/tx/Transaction.cpp")
      C:\Program Files (x86)\Microsoft Visual Studio\18\BuildTools\VC\Tools\MSVC\14.50.35717\include\xutility(7698,45):
      vea la declaración de 'std::iterator'
      C:\Users\Ezequiel\Documents\GitHub\Uboot\build\_deps\rapidjson-src\include\rapidjson\document.h(110,5):
      el contexto de creación de instancias de la plantilla (el más antiguo primero) es
          C:\Users\Ezequiel\Documents\GitHub\Uboot\build\_deps\rapidjson-src\include\rapidjson\document.h(101,7):
          al compilar la plantilla de clase 'rapidjson::GenericMemberIterator'
  
C:\Users\Ezequiel\Documents\GitHub\Uboot\build\_deps\rapidjson-src\include\rapidjson\document.h(102,19): warning C4996: 'std::iterator<std::random_access_iterator_tag,rapidjson::GenericMember<Encoding,Allocator>,ptrdiff_t,rapidjson::GenericMember<Encoding,Allocator> *,rapidjson::GenericMember<Encoding,Allocator> &>': warning STL4015: The std::iterator class template (used as a base class to provide typedefs) is deprecated in C++17. (The <iterator> header is NOT deprecated.) The C++ Standard has never required user-defined iterators to derive from std::iterator. To fix this warning, stop deriving from std::iterator and start providing publicly accessible typedefs named iterator_category, value_type, difference_type, pointer, and reference. Note that value_type is required to be non-const, even for constant iterators. You can define _SILENCE_CXX17_ITERATOR_BASE_CLASS_DEPRECATION_WARNING or _SILENCE_ALL_CXX17_DEPRECATION_WARNINGS to suppress this warning. [C:\Users\Ezequiel\Documents\GitHub\Uboot\build\Uboot.vcxproj]
C:\Users\Ezequiel\Documents\GitHub\Uboot\build\_deps\rapidjson-src\include\rapidjson\document.h(102,19): warning C4996:         with [C:\Users\Ezequiel\Documents\GitHub\Uboot\build\Uboot.vcxproj]
C:\Users\Ezequiel\Documents\GitHub\Uboot\build\_deps\rapidjson-src\include\rapidjson\document.h(102,19): warning C4996:         [ [C:\Users\Ezequiel\Documents\GitHub\Uboot\build\Uboot.vcxproj]
C:\Users\Ezequiel\Documents\GitHub\Uboot\build\_deps\rapidjson-src\include\rapidjson\document.h(102,19): warning C4996:             Encoding=rapidjson::UTF8<char>, [C:\Users\Ezequiel\Documents\GitHub\Uboot\build\Uboot.vcxproj]
C:\Users\Ezequiel\Documents\GitHub\Uboot\build\_deps\rapidjson-src\include\rapidjson\document.h(102,19): warning C4996:             Allocator=rapidjson::MemoryPoolAllocator<rapidjson::CrtAllocator> [C:\Users\Ezequiel\Documents\GitHub\Uboot\build\Uboot.vcxproj]
C:\Users\Ezequiel\Documents\GitHub\Uboot\build\_deps\rapidjson-src\include\rapidjson\document.h(102,19): warning C4996:         ] [C:\Users\Ezequiel\Documents\GitHub\Uboot\build\Uboot.vcxproj]
  (compilando archivo de origen "../core/tx/Transaction.cpp")
      C:\Program Files (x86)\Microsoft Visual Studio\18\BuildTools\VC\Tools\MSVC\14.50.35717\include\xutility(7698,45):
      vea la declaración de 'std::iterator'
      C:\Users\Ezequiel\Documents\GitHub\Uboot\build\_deps\rapidjson-src\include\rapidjson\document.h(102,19):
      el contexto de creación de instancias de la plantilla (el más antiguo primero) es
          C:\Users\Ezequiel\Documents\GitHub\Uboot\core\tx\IOperation.h(35,44):
          Vea la referencia a la creación de una instancia de clase plantilla "rapidjson::GenericDocument<rapidjson::UTF8<char>,rapidjson::MemoryPoolAllocator<rapidjson::CrtAllocator>,rapidjson::CrtAllocator>" que se está compilando
          C:\Users\Ezequiel\Documents\GitHub\Uboot\build\_deps\rapidjson-src\include\rapidjson\document.h(2024,32):
          Vea la referencia a la creación de una instancia de clase plantilla "rapidjson::GenericValue<rapidjson::UTF8<char>,rapidjson::MemoryPoolAllocator<rapidjson::CrtAllocator>>" que se está compilando
          C:\Users\Ezequiel\Documents\GitHub\Uboot\build\_deps\rapidjson-src\include\rapidjson\document.h(548,71):
          Vea la referencia a la creación de una instancia de clase plantilla "rapidjson::GenericMemberIterator<false,Encoding,Allocator>" que se está compilando
          with
          [
              Encoding=rapidjson::UTF8<char>,
              Allocator=rapidjson::MemoryPoolAllocator<rapidjson::CrtAllocator>
          ]
  
C:\Users\Ezequiel\Documents\GitHub\Uboot\build\_deps\rapidjson-src\include\rapidjson\document.h(110,5): warning C4996: 'std::iterator<std::random_access_iterator_tag,rapidjson::GenericMember<Encoding,Allocator>,ptrdiff_t,rapidjson::GenericMember<Encoding,Allocator> *,rapidjson::GenericMember<Encoding,Allocator> &>': warning STL4015: The std::iterator class template (used as a base class to provide typedefs) is deprecated in C++17. (The <iterator> header is NOT deprecated.) The C++ Standard has never required user-defined iterators to derive from std::iterator. To fix this warning, stop deriving from std::iterator and start providing publicly accessible typedefs named iterator_category, value_type, difference_type, pointer, and reference. Note that value_type is required to be non-const, even for constant iterators. You can define _SILENCE_CXX17_ITERATOR_BASE_CLASS_DEPRECATION_WARNING or _SILENCE_ALL_CXX17_DEPRECATION_WARNINGS to suppress this warning. [C:\Users\Ezequiel\Documents\GitHub\Uboot\build\Uboot.vcxproj]
C:\Users\Ezequiel\Documents\GitHub\Uboot\build\_deps\rapidjson-src\include\rapidjson\document.h(110,5): warning C4996:         with [C:\Users\Ezequiel\Documents\GitHub\Uboot\build\Uboot.vcxproj]
C:\Users\Ezequiel\Documents\GitHub\Uboot\build\_deps\rapidjson-src\include\rapidjson\document.h(110,5): warning C4996:         [ [C:\Users\Ezequiel\Documents\GitHub\Uboot\build\Uboot.vcxproj]
C:\Users\Ezequiel\Documents\GitHub\Uboot\build\_deps\rapidjson-src\include\rapidjson\document.h(110,5): warning C4996:             Encoding=rapidjson::UTF8<char>, [C:\Users\Ezequiel\Documents\GitHub\Uboot\build\Uboot.vcxproj]
C:\Users\Ezequiel\Documents\GitHub\Uboot\build\_deps\rapidjson-src\include\rapidjson\document.h(110,5): warning C4996:             Allocator=rapidjson::MemoryPoolAllocator<rapidjson::CrtAllocator> [C:\Users\Ezequiel\Documents\GitHub\Uboot\build\Uboot.vcxproj]
C:\Users\Ezequiel\Documents\GitHub\Uboot\build\_deps\rapidjson-src\include\rapidjson\document.h(110,5): warning C4996:         ] [C:\Users\Ezequiel\Documents\GitHub\Uboot\build\Uboot.vcxproj]
  (compilando archivo de origen "../core/tx/Transaction.cpp")
      C:\Program Files (x86)\Microsoft Visual Studio\18\BuildTools\VC\Tools\MSVC\14.50.35717\include\xutility(7698,45):
      vea la declaración de 'std::iterator'
  
C:\Users\Ezequiel\Documents\GitHub\Uboot\build\_deps\rapidjson-src\include\rapidjson\document.h(121,5): warning C4996: 'std::iterator<std::random_access_iterator_tag,rapidjson::GenericMember<Encoding,Allocator>,ptrdiff_t,rapidjson::GenericMember<Encoding,Allocator> *,rapidjson::GenericMember<Encoding,Allocator> &>::pointer': warning STL4015: The std::iterator class template (used as a base class to provide typedefs) is deprecated in C++17. (The <iterator> header is NOT deprecated.) The C++ Standard has never required user-defined iterators to derive from std::iterator. To fix this warning, stop deriving from std::iterator and start providing publicly accessible typedefs named iterator_category, value_type, difference_type, pointer, and reference. Note that value_type is required to be non-const, even for constant iterators. You can define _SILENCE_CXX17_ITERATOR_BASE_CLASS_DEPRECATION_WARNING or _SILENCE_ALL_CXX17_DEPRECATION_WARNINGS to suppress this warning. [C:\Users\Ezequiel\Documents\GitHub\Uboot\build\Uboot.vcxproj]
C:\Users\Ezequiel\Documents\GitHub\Uboot\build\_deps\rapidjson-src\include\rapidjson\document.h(121,5): warning C4996:         with [C:\Users\Ezequiel\Documents\GitHub\Uboot\build\Uboot.vcxproj]
C:\Users\Ezequiel\Documents\GitHub\Uboot\build\_deps\rapidjson-src\include\rapidjson\document.h(121,5): warning C4996:         [ [C:\Users\Ezequiel\Documents\GitHub\Uboot\build\Uboot.vcxproj]
C:\Users\Ezequiel\Documents\GitHub\Uboot\build\_deps\rapidjson-src\include\rapidjson\document.h(121,5): warning C4996:             Encoding=rapidjson::UTF8<char>, [C:\Users\Ezequiel\Documents\GitHub\Uboot\build\Uboot.vcxproj]
C:\Users\Ezequiel\Documents\GitHub\Uboot\build\_deps\rapidjson-src\include\rapidjson\document.h(121,5): warning C4996:             Allocator=rapidjson::MemoryPoolAllocator<rapidjson::CrtAllocator> [C:\Users\Ezequiel\Documents\GitHub\Uboot\build\Uboot.vcxproj]
C:\Users\Ezequiel\Documents\GitHub\Uboot\build\_deps\rapidjson-src\include\rapidjson\document.h(121,5): warning C4996:         ] [C:\Users\Ezequiel\Documents\GitHub\Uboot\build\Uboot.vcxproj]
  (compilando archivo de origen "../core/tx/Transaction.cpp")
  
C:\Users\Ezequiel\Documents\GitHub\Uboot\build\_deps\rapidjson-src\include\rapidjson\document.h(123,5): warning C4996: 'std::iterator<std::random_access_iterator_tag,rapidjson::GenericMember<Encoding,Allocator>,ptrdiff_t,rapidjson::GenericMember<Encoding,Allocator> *,rapidjson::GenericMember<Encoding,Allocator> &>::reference': warning STL4015: The std::iterator class template (used as a base class to provide typedefs) is deprecated in C++17. (The <iterator> header is NOT deprecated.) The C++ Standard has never required user-defined iterators to derive from std::iterator. To fix this warning, stop deriving from std::iterator and start providing publicly accessible typedefs named iterator_category, value_type, difference_type, pointer, and reference. Note that value_type is required to be non-const, even for constant iterators. You can define _SILENCE_CXX17_ITERATOR_BASE_CLASS_DEPRECATION_WARNING or _SILENCE_ALL_CXX17_DEPRECATION_WARNINGS to suppress this warning. [C:\Users\Ezequiel\Documents\GitHub\Uboot\build\Uboot.vcxproj]
C:\Users\Ezequiel\Documents\GitHub\Uboot\build\_deps\rapidjson-src\include\rapidjson\document.h(123,5): warning C4996:         with [C:\Users\Ezequiel\Documents\GitHub\Uboot\build\Uboot.vcxproj]
C:\Users\Ezequiel\Documents\GitHub\Uboot\build\_deps\rapidjson-src\include\rapidjson\document.h(123,5): warning C4996:         [ [C:\Users\Ezequiel\Documents\GitHub\Uboot\build\Uboot.vcxproj]
C:\Users\Ezequiel\Documents\GitHub\Uboot\build\_deps\rapidjson-src\include\rapidjson\document.h(123,5): warning C4996:             Encoding=rapidjson::UTF8<char>, [C:\Users\Ezequiel\Documents\GitHub\Uboot\build\Uboot.vcxproj]
C:\Users\Ezequiel\Documents\GitHub\Uboot\build\_deps\rapidjson-src\include\rapidjson\document.h(123,5): warning C4996:             Allocator=rapidjson::MemoryPoolAllocator<rapidjson::CrtAllocator> [C:\Users\Ezequiel\Documents\GitHub\Uboot\build\Uboot.vcxproj]
C:\Users\Ezequiel\Documents\GitHub\Uboot\build\_deps\rapidjson-src\include\rapidjson\document.h(123,5): warning C4996:         ] [C:\Users\Ezequiel\Documents\GitHub\Uboot\build\Uboot.vcxproj]
  (compilando archivo de origen "../core/tx/Transaction.cpp")
  
C:\Users\Ezequiel\Documents\GitHub\Uboot\build\_deps\rapidjson-src\include\rapidjson\document.h(125,5): warning C4996: 'std::iterator<std::random_access_iterator_tag,rapidjson::GenericMember<Encoding,Allocator>,ptrdiff_t,rapidjson::GenericMember<Encoding,Allocator> *,rapidjson::GenericMember<Encoding,Allocator> &>::difference_type': warning STL4015: The std::iterator class template (used as a base class to provide typedefs) is deprecated in C++17. (The <iterator> header is NOT deprecated.) The C++ Standard has never required user-defined iterators to derive from std::iterator. To fix this warning, stop deriving from std::iterator and start providing publicly accessible typedefs named iterator_category, value_type, difference_type, pointer, and reference. Note that value_type is required to be non-const, even for constant iterators. You can define _SILENCE_CXX17_ITERATOR_BASE_CLASS_DEPRECATION_WARNING or _SILENCE_ALL_CXX17_DEPRECATION_WARNINGS to suppress this warning. [C:\Users\Ezequiel\Documents\GitHub\Uboot\build\Uboot.vcxproj]
C:\Users\Ezequiel\Documents\GitHub\Uboot\build\_deps\rapidjson-src\include\rapidjson\document.h(125,5): warning C4996:         with [C:\Users\Ezequiel\Documents\GitHub\Uboot\build\Uboot.vcxproj]
C:\Users\Ezequiel\Documents\GitHub\Uboot\build\_deps\rapidjson-src\include\rapidjson\document.h(125,5): warning C4996:         [ [C:\Users\Ezequiel\Documents\GitHub\Uboot\build\Uboot.vcxproj]
C:\Users\Ezequiel\Documents\GitHub\Uboot\build\_deps\rapidjson-src\include\rapidjson\document.h(125,5): warning C4996:             Encoding=rapidjson::UTF8<char>, [C:\Users\Ezequiel\Documents\GitHub\Uboot\build\Uboot.vcxproj]
C:\Users\Ezequiel\Documents\GitHub\Uboot\build\_deps\rapidjson-src\include\rapidjson\document.h(125,5): warning C4996:             Allocator=rapidjson::MemoryPoolAllocator<rapidjson::CrtAllocator> [C:\Users\Ezequiel\Documents\GitHub\Uboot\build\Uboot.vcxproj]
C:\Users\Ezequiel\Documents\GitHub\Uboot\build\_deps\rapidjson-src\include\rapidjson\document.h(125,5): warning C4996:         ] [C:\Users\Ezequiel\Documents\GitHub\Uboot\build\Uboot.vcxproj]
  (compilando archivo de origen "../core/tx/Transaction.cpp")
  
C:\Users\Ezequiel\Documents\GitHub\Uboot\build\_deps\rapidjson-src\include\rapidjson\document.h(102,19): warning C4996: 'std::iterator<std::random_access_iterator_tag,const rapidjson::GenericMember<Encoding,Allocator>,ptrdiff_t,const rapidjson::GenericMember<Encoding,Allocator> *,const rapidjson::GenericMember<Encoding,Allocator> &>': warning STL4015: The std::iterator class template (used as a base class to provide typedefs) is deprecated in C++17. (The <iterator> header is NOT deprecated.) The C++ Standard has never required user-defined iterators to derive from std::iterator. To fix this warning, stop deriving from std::iterator and start providing publicly accessible typedefs named iterator_category, value_type, difference_type, pointer, and reference. Note that value_type is required to be non-const, even for constant iterators. You can define _SILENCE_CXX17_ITERATOR_BASE_CLASS_DEPRECATION_WARNING or _SILENCE_ALL_CXX17_DEPRECATION_WARNINGS to suppress this warning. [C:\Users\Ezequiel\Documents\GitHub\Uboot\build\Uboot.vcxproj]
C:\Users\Ezequiel\Documents\GitHub\Uboot\build\_deps\rapidjson-src\include\rapidjson\document.h(102,19): warning C4996:         with [C:\Users\Ezequiel\Documents\GitHub\Uboot\build\Uboot.vcxproj]
C:\Users\Ezequiel\Documents\GitHub\Uboot\build\_deps\rapidjson-src\include\rapidjson\document.h(102,19): warning C4996:         [ [C:\Users\Ezequiel\Documents\GitHub\Uboot\build\Uboot.vcxproj]
C:\Users\Ezequiel\Documents\GitHub\Uboot\build\_deps\rapidjson-src\include\rapidjson\document.h(102,19): warning C4996:             Encoding=rapidjson::UTF8<char>, [C:\Users\Ezequiel\Documents\GitHub\Uboot\build\Uboot.vcxproj]
C:\Users\Ezequiel\Documents\GitHub\Uboot\build\_deps\rapidjson-src\include\rapidjson\document.h(102,19): warning C4996:             Allocator=rapidjson::MemoryPoolAllocator<rapidjson::CrtAllocator> [C:\Users\Ezequiel\Documents\GitHub\Uboot\build\Uboot.vcxproj]
C:\Users\Ezequiel\Documents\GitHub\Uboot\build\_deps\rapidjson-src\include\rapidjson\document.h(102,19): warning C4996:         ] [C:\Users\Ezequiel\Documents\GitHub\Uboot\build\Uboot.vcxproj]
  (compilando archivo de origen "../core/tx/Transaction.cpp")
      C:\Program Files (x86)\Microsoft Visual Studio\18\BuildTools\VC\Tools\MSVC\14.50.35717\include\xutility(7698,45):
      vea la declaración de 'std::iterator'
      C:\Users\Ezequiel\Documents\GitHub\Uboot\build\_deps\rapidjson-src\include\rapidjson\document.h(102,19):
      el contexto de creación de instancias de la plantilla (el más antiguo primero) es
          C:\Users\Ezequiel\Documents\GitHub\Uboot\build\_deps\rapidjson-src\include\rapidjson\document.h(549,70):
          Vea la referencia a la creación de una instancia de clase plantilla "rapidjson::GenericMemberIterator<true,Encoding,Allocator>" que se está compilando
          with
          [
              Encoding=rapidjson::UTF8<char>,
              Allocator=rapidjson::MemoryPoolAllocator<rapidjson::CrtAllocator>
          ]
  
C:\Users\Ezequiel\Documents\GitHub\Uboot\build\_deps\rapidjson-src\include\rapidjson\document.h(110,5): warning C4996: 'std::iterator<std::random_access_iterator_tag,const rapidjson::GenericMember<Encoding,Allocator>,ptrdiff_t,const rapidjson::GenericMember<Encoding,Allocator> *,const rapidjson::GenericMember<Encoding,Allocator> &>': warning STL4015: The std::iterator class template (used as a base class to provide typedefs) is deprecated in C++17. (The <iterator> header is NOT deprecated.) The C++ Standard has never required user-defined iterators to derive from std::iterator. To fix this warning, stop deriving from std::iterator and start providing publicly accessible typedefs named iterator_category, value_type, difference_type, pointer, and reference. Note that value_type is required to be non-const, even for constant iterators. You can define _SILENCE_CXX17_ITERATOR_BASE_CLASS_DEPRECATION_WARNING or _SILENCE_ALL_CXX17_DEPRECATION_WARNINGS to suppress this warning. [C:\Users\Ezequiel\Documents\GitHub\Uboot\build\Uboot.vcxproj]
C:\Users\Ezequiel\Documents\GitHub\Uboot\build\_deps\rapidjson-src\include\rapidjson\document.h(110,5): warning C4996:         with [C:\Users\Ezequiel\Documents\GitHub\Uboot\build\Uboot.vcxproj]
C:\Users\Ezequiel\Documents\GitHub\Uboot\build\_deps\rapidjson-src\include\rapidjson\document.h(110,5): warning C4996:         [ [C:\Users\Ezequiel\Documents\GitHub\Uboot\build\Uboot.vcxproj]
C:\Users\Ezequiel\Documents\GitHub\Uboot\build\_deps\rapidjson-src\include\rapidjson\document.h(110,5): warning C4996:             Encoding=rapidjson::UTF8<char>, [C:\Users\Ezequiel\Documents\GitHub\Uboot\build\Uboot.vcxproj]
C:\Users\Ezequiel\Documents\GitHub\Uboot\build\_deps\rapidjson-src\include\rapidjson\document.h(110,5): warning C4996:             Allocator=rapidjson::MemoryPoolAllocator<rapidjson::CrtAllocator> [C:\Users\Ezequiel\Documents\GitHub\Uboot\build\Uboot.vcxproj]
C:\Users\Ezequiel\Documents\GitHub\Uboot\build\_deps\rapidjson-src\include\rapidjson\document.h(110,5): warning C4996:         ] [C:\Users\Ezequiel\Documents\GitHub\Uboot\build\Uboot.vcxproj]
  (compilando archivo de origen "../core/tx/Transaction.cpp")
      C:\Program Files (x86)\Microsoft Visual Studio\18\BuildTools\VC\Tools\MSVC\14.50.35717\include\xutility(7698,45):
      vea la declaración de 'std::iterator'
  
C:\Users\Ezequiel\Documents\GitHub\Uboot\build\_deps\rapidjson-src\include\rapidjson\document.h(121,5): warning C4996: 'std::iterator<std::random_access_iterator_tag,const rapidjson::GenericMember<Encoding,Allocator>,ptrdiff_t,const rapidjson::GenericMember<Encoding,Allocator> *,const rapidjson::GenericMember<Encoding,Allocator> &>::pointer': warning STL4015: The std::iterator class template (used as a base class to provide typedefs) is deprecated in C++17. (The <iterator> header is NOT deprecated.) The C++ Standard has never required user-defined iterators to derive from std::iterator. To fix this warning, stop deriving from std::iterator and start providing publicly accessible typedefs named iterator_category, value_type, difference_type, pointer, and reference. Note that value_type is required to be non-const, even for constant iterators. You can define _SILENCE_CXX17_ITERATOR_BASE_CLASS_DEPRECATION_WARNING or _SILENCE_ALL_CXX17_DEPRECATION_WARNINGS to suppress this warning. [C:\Users\Ezequiel\Documents\GitHub\Uboot\build\Uboot.vcxproj]
C:\Users\Ezequiel\Documents\GitHub\Uboot\build\_deps\rapidjson-src\include\rapidjson\document.h(121,5): warning C4996:         with [C:\Users\Ezequiel\Documents\GitHub\Uboot\build\Uboot.vcxproj]
C:\Users\Ezequiel\Documents\GitHub\Uboot\build\_deps\rapidjson-src\include\rapidjson\document.h(121,5): warning C4996:         [ [C:\Users\Ezequiel\Documents\GitHub\Uboot\build\Uboot.vcxproj]
C:\Users\Ezequiel\Documents\GitHub\Uboot\build\_deps\rapidjson-src\include\rapidjson\document.h(121,5): warning C4996:             Encoding=rapidjson::UTF8<char>, [C:\Users\Ezequiel\Documents\GitHub\Uboot\build\Uboot.vcxproj]
C:\Users\Ezequiel\Documents\GitHub\Uboot\build\_deps\rapidjson-src\include\rapidjson\document.h(121,5): warning C4996:             Allocator=rapidjson::MemoryPoolAllocator<rapidjson::CrtAllocator> [C:\Users\Ezequiel\Documents\GitHub\Uboot\build\Uboot.vcxproj]
C:\Users\Ezequiel\Documents\GitHub\Uboot\build\_deps\rapidjson-src\include\rapidjson\document.h(121,5): warning C4996:         ] [C:\Users\Ezequiel\Documents\GitHub\Uboot\build\Uboot.vcxproj]
  (compilando archivo de origen "../core/tx/Transaction.cpp")
  
C:\Users\Ezequiel\Documents\GitHub\Uboot\build\_deps\rapidjson-src\include\rapidjson\document.h(123,5): warning C4996: 'std::iterator<std::random_access_iterator_tag,const rapidjson::GenericMember<Encoding,Allocator>,ptrdiff_t,const rapidjson::GenericMember<Encoding,Allocator> *,const rapidjson::GenericMember<Encoding,Allocator> &>::reference': warning STL4015: The std::iterator class template (used as a base class to provide typedefs) is deprecated in C++17. (The <iterator> header is NOT deprecated.) The C++ Standard has never required user-defined iterators to derive from std::iterator. To fix this warning, stop deriving from std::iterator and start providing publicly accessible typedefs named iterator_category, value_type, difference_type, pointer, and reference. Note that value_type is required to be non-const, even for constant iterators. You can define _SILENCE_CXX17_ITERATOR_BASE_CLASS_DEPRECATION_WARNING or _SILENCE_ALL_CXX17_DEPRECATION_WARNINGS to suppress this warning. [C:\Users\Ezequiel\Documents\GitHub\Uboot\build\Uboot.vcxproj]
C:\Users\Ezequiel\Documents\GitHub\Uboot\build\_deps\rapidjson-src\include\rapidjson\document.h(123,5): warning C4996:         with [C:\Users\Ezequiel\Documents\GitHub\Uboot\build\Uboot.vcxproj]
C:\Users\Ezequiel\Documents\GitHub\Uboot\build\_deps\rapidjson-src\include\rapidjson\document.h(123,5): warning C4996:         [ [C:\Users\Ezequiel\Documents\GitHub\Uboot\build\Uboot.vcxproj]
C:\Users\Ezequiel\Documents\GitHub\Uboot\build\_deps\rapidjson-src\include\rapidjson\document.h(123,5): warning C4996:             Encoding=rapidjson::UTF8<char>, [C:\Users\Ezequiel\Documents\GitHub\Uboot\build\Uboot.vcxproj]
C:\Users\Ezequiel\Documents\GitHub\Uboot\build\_deps\rapidjson-src\include\rapidjson\document.h(123,5): warning C4996:             Allocator=rapidjson::MemoryPoolAllocator<rapidjson::CrtAllocator> [C:\Users\Ezequiel\Documents\GitHub\Uboot\build\Uboot.vcxproj]
C:\Users\Ezequiel\Documents\GitHub\Uboot\build\_deps\rapidjson-src\include\rapidjson\document.h(123,5): warning C4996:         ] [C:\Users\Ezequiel\Documents\GitHub\Uboot\build\Uboot.vcxproj]
  (compilando archivo de origen "../core/tx/Transaction.cpp")
  
C:\Users\Ezequiel\Documents\GitHub\Uboot\build\_deps\rapidjson-src\include\rapidjson\document.h(125,5): warning C4996: 'std::iterator<std::random_access_iterator_tag,const rapidjson::GenericMember<Encoding,Allocator>,ptrdiff_t,const rapidjson::GenericMember<Encoding,Allocator> *,const rapidjson::GenericMember<Encoding,Allocator> &>::difference_type': warning STL4015: The std::iterator class template (used as a base class to provide typedefs) is deprecated in C++17. (The <iterator> header is NOT deprecated.) The C++ Standard has never required user-defined iterators to derive from std::iterator. To fix this warning, stop deriving from std::iterator and start providing publicly accessible typedefs named iterator_category, value_type, difference_type, pointer, and reference. Note that value_type is required to be non-const, even for constant iterators. You can define _SILENCE_CXX17_ITERATOR_BASE_CLASS_DEPRECATION_WARNING or _SILENCE_ALL_CXX17_DEPRECATION_WARNINGS to suppress this warning. [C:\Users\Ezequiel\Documents\GitHub\Uboot\build\Uboot.vcxproj]
C:\Users\Ezequiel\Documents\GitHub\Uboot\build\_deps\rapidjson-src\include\rapidjson\document.h(125,5): warning C4996:         with [C:\Users\Ezequiel\Documents\GitHub\Uboot\build\Uboot.vcxproj]
C:\Users\Ezequiel\Documents\GitHub\Uboot\build\_deps\rapidjson-src\include\rapidjson\document.h(125,5): warning C4996:         [ [C:\Users\Ezequiel\Documents\GitHub\Uboot\build\Uboot.vcxproj]
C:\Users\Ezequiel\Documents\GitHub\Uboot\build\_deps\rapidjson-src\include\rapidjson\document.h(125,5): warning C4996:             Encoding=rapidjson::UTF8<char>, [C:\Users\Ezequiel\Documents\GitHub\Uboot\build\Uboot.vcxproj]
C:\Users\Ezequiel\Documents\GitHub\Uboot\build\_deps\rapidjson-src\include\rapidjson\document.h(125,5): warning C4996:             Allocator=rapidjson::MemoryPoolAllocator<rapidjson::CrtAllocator> [C:\Users\Ezequiel\Documents\GitHub\Uboot\build\Uboot.vcxproj]
C:\Users\Ezequiel\Documents\GitHub\Uboot\build\_deps\rapidjson-src\include\rapidjson\document.h(125,5): warning C4996:         ] [C:\Users\Ezequiel\Documents\GitHub\Uboot\build\Uboot.vcxproj]
  (compilando archivo de origen "../core/tx/Transaction.cpp")
  
C:\Users\Ezequiel\Documents\GitHub\Uboot\core\tx\Transaction.cpp(2,10): error C1083: No se puede abrir el archivo incluir: '../../util/GlobalLock.h': No such file or directory [C:\Users\Ezequiel\Documents\GitHub\Uboot\build\Uboot.vcxproj]
  BackupStore.cpp
  CriticalList.cpp
C:\Users\Ezequiel\Documents\GitHub\Uboot\core\hardening\CriticalList.cpp(36,54): warning C4100: 'taskName': parámetro sin referencia [C:\Users\Ezequiel\Documents\GitHub\Uboot\build\Uboot.vcxproj]
C:\Program Files (x86)\Microsoft Visual Studio\18\BuildTools\VC\Tools\MSVC\14.50.35717\include\algorithm(4073,24): warning C4244: '=': conversión de 'int' a 'char'; posible pérdida de datos [C:\Users\Ezequiel\Documents\GitHub\Uboot\build\Uboot.vcxproj]
  (compilando archivo de origen "../core/hardening/CriticalList.cpp")
      C:\Program Files (x86)\Microsoft Visual Studio\18\BuildTools\VC\Tools\MSVC\14.50.35717\include\algorithm(4073,24):
      el contexto de creación de instancias de la plantilla (el más antiguo primero) es
          C:\Users\Ezequiel\Documents\GitHub\Uboot\core\hardening\CriticalList.cpp(30,8):
          Vea la referencia a la creación de una instancia de la función plantilla "_OutIt std::transform<std::_String_iterator<std::_String_val<std::_Simple_types<_Elem>>>,std::_String_iterator<std::_String_val<std::_Simple_types<_Elem>>>,uboot::hardening::CriticalList::IsCriticalService::<lambda_a0a415a1726d90a807e33d3dc6500a7b>>(const _InIt,const _InIt,_OutIt,_Fn)" que se está compilando
          with
          [
              _OutIt=std::_String_iterator<std::_String_val<std::_Simple_types<char>>>,
              _Elem=char,
              _InIt=std::_String_iterator<std::_String_val<std::_Simple_types<char>>>,
              _Fn=uboot::hardening::CriticalList::IsCriticalService::<lambda_a0a415a1726d90a807e33d3dc6500a7b>
          ]
  
  PolicyInspector.cpp
C:\Program Files (x86)\Microsoft Visual Studio\18\BuildTools\VC\Tools\MSVC\14.50.35717\include\algorithm(4073,24): warning C4244: '=': conversión de 'int' a 'char'; posible pérdida de datos [C:\Users\Ezequiel\Documents\GitHub\Uboot\build\Uboot.vcxproj]
  (compilando archivo de origen "../core/hardening/PolicyInspector.cpp")
      C:\Program Files (x86)\Microsoft Visual Studio\18\BuildTools\VC\Tools\MSVC\14.50.35717\include\algorithm(4073,24):
      el contexto de creación de instancias de la plantilla (el más antiguo primero) es
          C:\Users\Ezequiel\Documents\GitHub\Uboot\core\hardening\PolicyInspector.cpp(9,8):
          Vea la referencia a la creación de una instancia de la función plantilla "_OutIt std::transform<std::_String_iterator<std::_String_val<std::_Simple_types<_Elem>>>,std::_String_iterator<std::_String_val<std::_Simple_types<_Elem>>>,uboot::hardening::PolicyInspector::IsPolicyKey::<lambda_3f54512daf4346744db65e3e32771fa9>>(const _InIt,const _InIt,_OutIt,_Fn)" que se está compilando
          with
          [
              _OutIt=std::_String_iterator<std::_String_val<std::_Simple_types<char>>>,
              _Elem=char,
              _InIt=std::_String_iterator<std::_String_val<std::_Simple_types<char>>>,
              _Fn=uboot::hardening::PolicyInspector::IsPolicyKey::<lambda_3f54512daf4346744db65e3e32771fa9>
          ]
  
  SecurityLog.cpp
C:\Users\Ezequiel\Documents\GitHub\Uboot\core\hardening\SecurityLog.cpp(45,28): warning C4996: 'localtime': This function or variable may be unsafe. Consider using localtime_s instead. To disable deprecation, use _CRT_SECURE_NO_WARNINGS. See online help for details. [C:\Users\Ezequiel\Documents\GitHub\Uboot\build\Uboot.vcxproj]
  DependencyAnalyzer.cpp
  RegistryRenameValueOp.cpp
C:\Users\Ezequiel\Documents\GitHub\Uboot\build\_deps\rapidjson-src\include\rapidjson\document.h(110,5): warning C4996: 'std::iterator<std::random_access_iterator_tag,internal::MaybeAddConst<Const,rapidjson::GenericMember<Encoding,Allocator>>::Type,ptrdiff_t,internal::MaybeAddConst<Const,rapidjson::GenericMember<Encoding,Allocator>>::Type*,internal::MaybeAddConst<Const,rapidjson::GenericMember<Encoding,Allocator>>::Type&>': warning STL4015: The std::iterator class template (used as a base class to provide typedefs) is deprecated in C++17. (The <iterator> header is NOT deprecated.) The C++ Standard has never required user-defined iterators to derive from std::iterator. To fix this warning, stop deriving from std::iterator and start providing publicly accessible typedefs named iterator_category, value_type, difference_type, pointer, and reference. Note that value_type is required to be non-const, even for constant iterators. You can define _SILENCE_CXX17_ITERATOR_BASE_CLASS_DEPRECATION_WARNING or _SILENCE_ALL_CXX17_DEPRECATION_WARNINGS to suppress this warning. [C:\Users\Ezequiel\Documents\GitHub\Uboot\build\Uboot.vcxproj]
  (compilando archivo de origen "../core/ops/RegistryRenameValueOp.cpp")
      C:\Program Files (x86)\Microsoft Visual Studio\18\BuildTools\VC\Tools\MSVC\14.50.35717\include\xutility(7698,45):
      vea la declaración de 'std::iterator'
      C:\Users\Ezequiel\Documents\GitHub\Uboot\build\_deps\rapidjson-src\include\rapidjson\document.h(110,5):
      el contexto de creación de instancias de la plantilla (el más antiguo primero) es
          C:\Users\Ezequiel\Documents\GitHub\Uboot\build\_deps\rapidjson-src\include\rapidjson\document.h(101,7):
          al compilar la plantilla de clase 'rapidjson::GenericMemberIterator'
  
C:\Users\Ezequiel\Documents\GitHub\Uboot\build\_deps\rapidjson-src\include\rapidjson\document.h(102,19): warning C4996: 'std::iterator<std::random_access_iterator_tag,rapidjson::GenericMember<Encoding,Allocator>,ptrdiff_t,rapidjson::GenericMember<Encoding,Allocator> *,rapidjson::GenericMember<Encoding,Allocator> &>': warning STL4015: The std::iterator class template (used as a base class to provide typedefs) is deprecated in C++17. (The <iterator> header is NOT deprecated.) The C++ Standard has never required user-defined iterators to derive from std::iterator. To fix this warning, stop deriving from std::iterator and start providing publicly accessible typedefs named iterator_category, value_type, difference_type, pointer, and reference. Note that value_type is required to be non-const, even for constant iterators. You can define _SILENCE_CXX17_ITERATOR_BASE_CLASS_DEPRECATION_WARNING or _SILENCE_ALL_CXX17_DEPRECATION_WARNINGS to suppress this warning. [C:\Users\Ezequiel\Documents\GitHub\Uboot\build\Uboot.vcxproj]
C:\Users\Ezequiel\Documents\GitHub\Uboot\build\_deps\rapidjson-src\include\rapidjson\document.h(102,19): warning C4996:         with [C:\Users\Ezequiel\Documents\GitHub\Uboot\build\Uboot.vcxproj]
C:\Users\Ezequiel\Documents\GitHub\Uboot\build\_deps\rapidjson-src\include\rapidjson\document.h(102,19): warning C4996:         [ [C:\Users\Ezequiel\Documents\GitHub\Uboot\build\Uboot.vcxproj]
C:\Users\Ezequiel\Documents\GitHub\Uboot\build\_deps\rapidjson-src\include\rapidjson\document.h(102,19): warning C4996:             Encoding=rapidjson::UTF8<char>, [C:\Users\Ezequiel\Documents\GitHub\Uboot\build\Uboot.vcxproj]
C:\Users\Ezequiel\Documents\GitHub\Uboot\build\_deps\rapidjson-src\include\rapidjson\document.h(102,19): warning C4996:             Allocator=rapidjson::MemoryPoolAllocator<rapidjson::CrtAllocator> [C:\Users\Ezequiel\Documents\GitHub\Uboot\build\Uboot.vcxproj]
C:\Users\Ezequiel\Documents\GitHub\Uboot\build\_deps\rapidjson-src\include\rapidjson\document.h(102,19): warning C4996:         ] [C:\Users\Ezequiel\Documents\GitHub\Uboot\build\Uboot.vcxproj]
  (compilando archivo de origen "../core/ops/RegistryRenameValueOp.cpp")
      C:\Program Files (x86)\Microsoft Visual Studio\18\BuildTools\VC\Tools\MSVC\14.50.35717\include\xutility(7698,45):
      vea la declaración de 'std::iterator'
      C:\Users\Ezequiel\Documents\GitHub\Uboot\build\_deps\rapidjson-src\include\rapidjson\document.h(102,19):
      el contexto de creación de instancias de la plantilla (el más antiguo primero) es
          C:\Users\Ezequiel\Documents\GitHub\Uboot\core\tx\IOperation.h(35,44):
          Vea la referencia a la creación de una instancia de clase plantilla "rapidjson::GenericDocument<rapidjson::UTF8<char>,rapidjson::MemoryPoolAllocator<rapidjson::CrtAllocator>,rapidjson::CrtAllocator>" que se está compilando
          C:\Users\Ezequiel\Documents\GitHub\Uboot\build\_deps\rapidjson-src\include\rapidjson\document.h(2024,32):
          Vea la referencia a la creación de una instancia de clase plantilla "rapidjson::GenericValue<rapidjson::UTF8<char>,rapidjson::MemoryPoolAllocator<rapidjson::CrtAllocator>>" que se está compilando
          C:\Users\Ezequiel\Documents\GitHub\Uboot\build\_deps\rapidjson-src\include\rapidjson\document.h(548,71):
          Vea la referencia a la creación de una instancia de clase plantilla "rapidjson::GenericMemberIterator<false,Encoding,Allocator>" que se está compilando
          with
          [
              Encoding=rapidjson::UTF8<char>,
              Allocator=rapidjson::MemoryPoolAllocator<rapidjson::CrtAllocator>
          ]
  
C:\Users\Ezequiel\Documents\GitHub\Uboot\build\_deps\rapidjson-src\include\rapidjson\document.h(110,5): warning C4996: 'std::iterator<std::random_access_iterator_tag,rapidjson::GenericMember<Encoding,Allocator>,ptrdiff_t,rapidjson::GenericMember<Encoding,Allocator> *,rapidjson::GenericMember<Encoding,Allocator> &>': warning STL4015: The std::iterator class template (used as a base class to provide typedefs) is deprecated in C++17. (The <iterator> header is NOT deprecated.) The C++ Standard has never required user-defined iterators to derive from std::iterator. To fix this warning, stop deriving from std::iterator and start providing publicly accessible typedefs named iterator_category, value_type, difference_type, pointer, and reference. Note that value_type is required to be non-const, even for constant iterators. You can define _SILENCE_CXX17_ITERATOR_BASE_CLASS_DEPRECATION_WARNING or _SILENCE_ALL_CXX17_DEPRECATION_WARNINGS to suppress this warning. [C:\Users\Ezequiel\Documents\GitHub\Uboot\build\Uboot.vcxproj]
C:\Users\Ezequiel\Documents\GitHub\Uboot\build\_deps\rapidjson-src\include\rapidjson\document.h(110,5): warning C4996:         with [C:\Users\Ezequiel\Documents\GitHub\Uboot\build\Uboot.vcxproj]
C:\Users\Ezequiel\Documents\GitHub\Uboot\build\_deps\rapidjson-src\include\rapidjson\document.h(110,5): warning C4996:         [ [C:\Users\Ezequiel\Documents\GitHub\Uboot\build\Uboot.vcxproj]
C:\Users\Ezequiel\Documents\GitHub\Uboot\build\_deps\rapidjson-src\include\rapidjson\document.h(110,5): warning C4996:             Encoding=rapidjson::UTF8<char>, [C:\Users\Ezequiel\Documents\GitHub\Uboot\build\Uboot.vcxproj]
C:\Users\Ezequiel\Documents\GitHub\Uboot\build\_deps\rapidjson-src\include\rapidjson\document.h(110,5): warning C4996:             Allocator=rapidjson::MemoryPoolAllocator<rapidjson::CrtAllocator> [C:\Users\Ezequiel\Documents\GitHub\Uboot\build\Uboot.vcxproj]
C:\Users\Ezequiel\Documents\GitHub\Uboot\build\_deps\rapidjson-src\include\rapidjson\document.h(110,5): warning C4996:         ] [C:\Users\Ezequiel\Documents\GitHub\Uboot\build\Uboot.vcxproj]
  (compilando archivo de origen "../core/ops/RegistryRenameValueOp.cpp")
      C:\Program Files (x86)\Microsoft Visual Studio\18\BuildTools\VC\Tools\MSVC\14.50.35717\include\xutility(7698,45):
      vea la declaración de 'std::iterator'
  
C:\Users\Ezequiel\Documents\GitHub\Uboot\build\_deps\rapidjson-src\include\rapidjson\document.h(121,5): warning C4996: 'std::iterator<std::random_access_iterator_tag,rapidjson::GenericMember<Encoding,Allocator>,ptrdiff_t,rapidjson::GenericMember<Encoding,Allocator> *,rapidjson::GenericMember<Encoding,Allocator> &>::pointer': warning STL4015: The std::iterator class template (used as a base class to provide typedefs) is deprecated in C++17. (The <iterator> header is NOT deprecated.) The C++ Standard has never required user-defined iterators to derive from std::iterator. To fix this warning, stop deriving from std::iterator and start providing publicly accessible typedefs named iterator_category, value_type, difference_type, pointer, and reference. Note that value_type is required to be non-const, even for constant iterators. You can define _SILENCE_CXX17_ITERATOR_BASE_CLASS_DEPRECATION_WARNING or _SILENCE_ALL_CXX17_DEPRECATION_WARNINGS to suppress this warning. [C:\Users\Ezequiel\Documents\GitHub\Uboot\build\Uboot.vcxproj]
C:\Users\Ezequiel\Documents\GitHub\Uboot\build\_deps\rapidjson-src\include\rapidjson\document.h(121,5): warning C4996:         with [C:\Users\Ezequiel\Documents\GitHub\Uboot\build\Uboot.vcxproj]
C:\Users\Ezequiel\Documents\GitHub\Uboot\build\_deps\rapidjson-src\include\rapidjson\document.h(121,5): warning C4996:         [ [C:\Users\Ezequiel\Documents\GitHub\Uboot\build\Uboot.vcxproj]
C:\Users\Ezequiel\Documents\GitHub\Uboot\build\_deps\rapidjson-src\include\rapidjson\document.h(121,5): warning C4996:             Encoding=rapidjson::UTF8<char>, [C:\Users\Ezequiel\Documents\GitHub\Uboot\build\Uboot.vcxproj]
C:\Users\Ezequiel\Documents\GitHub\Uboot\build\_deps\rapidjson-src\include\rapidjson\document.h(121,5): warning C4996:             Allocator=rapidjson::MemoryPoolAllocator<rapidjson::CrtAllocator> [C:\Users\Ezequiel\Documents\GitHub\Uboot\build\Uboot.vcxproj]
C:\Users\Ezequiel\Documents\GitHub\Uboot\build\_deps\rapidjson-src\include\rapidjson\document.h(121,5): warning C4996:         ] [C:\Users\Ezequiel\Documents\GitHub\Uboot\build\Uboot.vcxproj]
  (compilando archivo de origen "../core/ops/RegistryRenameValueOp.cpp")
  
C:\Users\Ezequiel\Documents\GitHub\Uboot\build\_deps\rapidjson-src\include\rapidjson\document.h(123,5): warning C4996: 'std::iterator<std::random_access_iterator_tag,rapidjson::GenericMember<Encoding,Allocator>,ptrdiff_t,rapidjson::GenericMember<Encoding,Allocator> *,rapidjson::GenericMember<Encoding,Allocator> &>::reference': warning STL4015: The std::iterator class template (used as a base class to provide typedefs) is deprecated in C++17. (The <iterator> header is NOT deprecated.) The C++ Standard has never required user-defined iterators to derive from std::iterator. To fix this warning, stop deriving from std::iterator and start providing publicly accessible typedefs named iterator_category, value_type, difference_type, pointer, and reference. Note that value_type is required to be non-const, even for constant iterators. You can define _SILENCE_CXX17_ITERATOR_BASE_CLASS_DEPRECATION_WARNING or _SILENCE_ALL_CXX17_DEPRECATION_WARNINGS to suppress this warning. [C:\Users\Ezequiel\Documents\GitHub\Uboot\build\Uboot.vcxproj]
C:\Users\Ezequiel\Documents\GitHub\Uboot\build\_deps\rapidjson-src\include\rapidjson\document.h(123,5): warning C4996:         with [C:\Users\Ezequiel\Documents\GitHub\Uboot\build\Uboot.vcxproj]
C:\Users\Ezequiel\Documents\GitHub\Uboot\build\_deps\rapidjson-src\include\rapidjson\document.h(123,5): warning C4996:         [ [C:\Users\Ezequiel\Documents\GitHub\Uboot\build\Uboot.vcxproj]
C:\Users\Ezequiel\Documents\GitHub\Uboot\build\_deps\rapidjson-src\include\rapidjson\document.h(123,5): warning C4996:             Encoding=rapidjson::UTF8<char>, [C:\Users\Ezequiel\Documents\GitHub\Uboot\build\Uboot.vcxproj]
C:\Users\Ezequiel\Documents\GitHub\Uboot\build\_deps\rapidjson-src\include\rapidjson\document.h(123,5): warning C4996:             Allocator=rapidjson::MemoryPoolAllocator<rapidjson::CrtAllocator> [C:\Users\Ezequiel\Documents\GitHub\Uboot\build\Uboot.vcxproj]
C:\Users\Ezequiel\Documents\GitHub\Uboot\build\_deps\rapidjson-src\include\rapidjson\document.h(123,5): warning C4996:         ] [C:\Users\Ezequiel\Documents\GitHub\Uboot\build\Uboot.vcxproj]
  (compilando archivo de origen "../core/ops/RegistryRenameValueOp.cpp")
  
C:\Users\Ezequiel\Documents\GitHub\Uboot\build\_deps\rapidjson-src\include\rapidjson\document.h(125,5): warning C4996: 'std::iterator<std::random_access_iterator_tag,rapidjson::GenericMember<Encoding,Allocator>,ptrdiff_t,rapidjson::GenericMember<Encoding,Allocator> *,rapidjson::GenericMember<Encoding,Allocator> &>::difference_type': warning STL4015: The std::iterator class template (used as a base class to provide typedefs) is deprecated in C++17. (The <iterator> header is NOT deprecated.) The C++ Standard has never required user-defined iterators to derive from std::iterator. To fix this warning, stop deriving from std::iterator and start providing publicly accessible typedefs named iterator_category, value_type, difference_type, pointer, and reference. Note that value_type is required to be non-const, even for constant iterators. You can define _SILENCE_CXX17_ITERATOR_BASE_CLASS_DEPRECATION_WARNING or _SILENCE_ALL_CXX17_DEPRECATION_WARNINGS to suppress this warning. [C:\Users\Ezequiel\Documents\GitHub\Uboot\build\Uboot.vcxproj]
C:\Users\Ezequiel\Documents\GitHub\Uboot\build\_deps\rapidjson-src\include\rapidjson\document.h(125,5): warning C4996:         with [C:\Users\Ezequiel\Documents\GitHub\Uboot\build\Uboot.vcxproj]
C:\Users\Ezequiel\Documents\GitHub\Uboot\build\_deps\rapidjson-src\include\rapidjson\document.h(125,5): warning C4996:         [ [C:\Users\Ezequiel\Documents\GitHub\Uboot\build\Uboot.vcxproj]
C:\Users\Ezequiel\Documents\GitHub\Uboot\build\_deps\rapidjson-src\include\rapidjson\document.h(125,5): warning C4996:             Encoding=rapidjson::UTF8<char>, [C:\Users\Ezequiel\Documents\GitHub\Uboot\build\Uboot.vcxproj]
C:\Users\Ezequiel\Documents\GitHub\Uboot\build\_deps\rapidjson-src\include\rapidjson\document.h(125,5): warning C4996:             Allocator=rapidjson::MemoryPoolAllocator<rapidjson::CrtAllocator> [C:\Users\Ezequiel\Documents\GitHub\Uboot\build\Uboot.vcxproj]
C:\Users\Ezequiel\Documents\GitHub\Uboot\build\_deps\rapidjson-src\include\rapidjson\document.h(125,5): warning C4996:         ] [C:\Users\Ezequiel\Documents\GitHub\Uboot\build\Uboot.vcxproj]
  (compilando archivo de origen "../core/ops/RegistryRenameValueOp.cpp")
  
C:\Users\Ezequiel\Documents\GitHub\Uboot\build\_deps\rapidjson-src\include\rapidjson\document.h(102,19): warning C4996: 'std::iterator<std::random_access_iterator_tag,const rapidjson::GenericMember<Encoding,Allocator>,ptrdiff_t,const rapidjson::GenericMember<Encoding,Allocator> *,const rapidjson::GenericMember<Encoding,Allocator> &>': warning STL4015: The std::iterator class template (used as a base class to provide typedefs) is deprecated in C++17. (The <iterator> header is NOT deprecated.) The C++ Standard has never required user-defined iterators to derive from std::iterator. To fix this warning, stop deriving from std::iterator and start providing publicly accessible typedefs named iterator_category, value_type, difference_type, pointer, and reference. Note that value_type is required to be non-const, even for constant iterators. You can define _SILENCE_CXX17_ITERATOR_BASE_CLASS_DEPRECATION_WARNING or _SILENCE_ALL_CXX17_DEPRECATION_WARNINGS to suppress this warning. [C:\Users\Ezequiel\Documents\GitHub\Uboot\build\Uboot.vcxproj]
C:\Users\Ezequiel\Documents\GitHub\Uboot\build\_deps\rapidjson-src\include\rapidjson\document.h(102,19): warning C4996:         with [C:\Users\Ezequiel\Documents\GitHub\Uboot\build\Uboot.vcxproj]
C:\Users\Ezequiel\Documents\GitHub\Uboot\build\_deps\rapidjson-src\include\rapidjson\document.h(102,19): warning C4996:         [ [C:\Users\Ezequiel\Documents\GitHub\Uboot\build\Uboot.vcxproj]
C:\Users\Ezequiel\Documents\GitHub\Uboot\build\_deps\rapidjson-src\include\rapidjson\document.h(102,19): warning C4996:             Encoding=rapidjson::UTF8<char>, [C:\Users\Ezequiel\Documents\GitHub\Uboot\build\Uboot.vcxproj]
C:\Users\Ezequiel\Documents\GitHub\Uboot\build\_deps\rapidjson-src\include\rapidjson\document.h(102,19): warning C4996:             Allocator=rapidjson::MemoryPoolAllocator<rapidjson::CrtAllocator> [C:\Users\Ezequiel\Documents\GitHub\Uboot\build\Uboot.vcxproj]
C:\Users\Ezequiel\Documents\GitHub\Uboot\build\_deps\rapidjson-src\include\rapidjson\document.h(102,19): warning C4996:         ] [C:\Users\Ezequiel\Documents\GitHub\Uboot\build\Uboot.vcxproj]
  (compilando archivo de origen "../core/ops/RegistryRenameValueOp.cpp")
      C:\Program Files (x86)\Microsoft Visual Studio\18\BuildTools\VC\Tools\MSVC\14.50.35717\include\xutility(7698,45):
      vea la declaración de 'std::iterator'
      C:\Users\Ezequiel\Documents\GitHub\Uboot\build\_deps\rapidjson-src\include\rapidjson\document.h(102,19):
      el contexto de creación de instancias de la plantilla (el más antiguo primero) es
          C:\Users\Ezequiel\Documents\GitHub\Uboot\build\_deps\rapidjson-src\include\rapidjson\document.h(549,70):
          Vea la referencia a la creación de una instancia de clase plantilla "rapidjson::GenericMemberIterator<true,Encoding,Allocator>" que se está compilando
          with
          [
              Encoding=rapidjson::UTF8<char>,
              Allocator=rapidjson::MemoryPoolAllocator<rapidjson::CrtAllocator>
          ]
  
C:\Users\Ezequiel\Documents\GitHub\Uboot\build\_deps\rapidjson-src\include\rapidjson\document.h(110,5): warning C4996: 'std::iterator<std::random_access_iterator_tag,const rapidjson::GenericMember<Encoding,Allocator>,ptrdiff_t,const rapidjson::GenericMember<Encoding,Allocator> *,const rapidjson::GenericMember<Encoding,Allocator> &>': warning STL4015: The std::iterator class template (used as a base class to provide typedefs) is deprecated in C++17. (The <iterator> header is NOT deprecated.) The C++ Standard has never required user-defined iterators to derive from std::iterator. To fix this warning, stop deriving from std::iterator and start providing publicly accessible typedefs named iterator_category, value_type, difference_type, pointer, and reference. Note that value_type is required to be non-const, even for constant iterators. You can define _SILENCE_CXX17_ITERATOR_BASE_CLASS_DEPRECATION_WARNING or _SILENCE_ALL_CXX17_DEPRECATION_WARNINGS to suppress this warning. [C:\Users\Ezequiel\Documents\GitHub\Uboot\build\Uboot.vcxproj]
C:\Users\Ezequiel\Documents\GitHub\Uboot\build\_deps\rapidjson-src\include\rapidjson\document.h(110,5): warning C4996:         with [C:\Users\Ezequiel\Documents\GitHub\Uboot\build\Uboot.vcxproj]
C:\Users\Ezequiel\Documents\GitHub\Uboot\build\_deps\rapidjson-src\include\rapidjson\document.h(110,5): warning C4996:         [ [C:\Users\Ezequiel\Documents\GitHub\Uboot\build\Uboot.vcxproj]
C:\Users\Ezequiel\Documents\GitHub\Uboot\build\_deps\rapidjson-src\include\rapidjson\document.h(110,5): warning C4996:             Encoding=rapidjson::UTF8<char>, [C:\Users\Ezequiel\Documents\GitHub\Uboot\build\Uboot.vcxproj]
C:\Users\Ezequiel\Documents\GitHub\Uboot\build\_deps\rapidjson-src\include\rapidjson\document.h(110,5): warning C4996:             Allocator=rapidjson::MemoryPoolAllocator<rapidjson::CrtAllocator> [C:\Users\Ezequiel\Documents\GitHub\Uboot\build\Uboot.vcxproj]
C:\Users\Ezequiel\Documents\GitHub\Uboot\build\_deps\rapidjson-src\include\rapidjson\document.h(110,5): warning C4996:         ] [C:\Users\Ezequiel\Documents\GitHub\Uboot\build\Uboot.vcxproj]
  (compilando archivo de origen "../core/ops/RegistryRenameValueOp.cpp")
      C:\Program Files (x86)\Microsoft Visual Studio\18\BuildTools\VC\Tools\MSVC\14.50.35717\include\xutility(7698,45):
      vea la declaración de 'std::iterator'
  
C:\Users\Ezequiel\Documents\GitHub\Uboot\build\_deps\rapidjson-src\include\rapidjson\document.h(121,5): warning C4996: 'std::iterator<std::random_access_iterator_tag,const rapidjson::GenericMember<Encoding,Allocator>,ptrdiff_t,const rapidjson::GenericMember<Encoding,Allocator> *,const rapidjson::GenericMember<Encoding,Allocator> &>::pointer': warning STL4015: The std::iterator class template (used as a base class to provide typedefs) is deprecated in C++17. (The <iterator> header is NOT deprecated.) The C++ Standard has never required user-defined iterators to derive from std::iterator. To fix this warning, stop deriving from std::iterator and start providing publicly accessible typedefs named iterator_category, value_type, difference_type, pointer, and reference. Note that value_type is required to be non-const, even for constant iterators. You can define _SILENCE_CXX17_ITERATOR_BASE_CLASS_DEPRECATION_WARNING or _SILENCE_ALL_CXX17_DEPRECATION_WARNINGS to suppress this warning. [C:\Users\Ezequiel\Documents\GitHub\Uboot\build\Uboot.vcxproj]
C:\Users\Ezequiel\Documents\GitHub\Uboot\build\_deps\rapidjson-src\include\rapidjson\document.h(121,5): warning C4996:         with [C:\Users\Ezequiel\Documents\GitHub\Uboot\build\Uboot.vcxproj]
C:\Users\Ezequiel\Documents\GitHub\Uboot\build\_deps\rapidjson-src\include\rapidjson\document.h(121,5): warning C4996:         [ [C:\Users\Ezequiel\Documents\GitHub\Uboot\build\Uboot.vcxproj]
C:\Users\Ezequiel\Documents\GitHub\Uboot\build\_deps\rapidjson-src\include\rapidjson\document.h(121,5): warning C4996:             Encoding=rapidjson::UTF8<char>, [C:\Users\Ezequiel\Documents\GitHub\Uboot\build\Uboot.vcxproj]
C:\Users\Ezequiel\Documents\GitHub\Uboot\build\_deps\rapidjson-src\include\rapidjson\document.h(121,5): warning C4996:             Allocator=rapidjson::MemoryPoolAllocator<rapidjson::CrtAllocator> [C:\Users\Ezequiel\Documents\GitHub\Uboot\build\Uboot.vcxproj]
C:\Users\Ezequiel\Documents\GitHub\Uboot\build\_deps\rapidjson-src\include\rapidjson\document.h(121,5): warning C4996:         ] [C:\Users\Ezequiel\Documents\GitHub\Uboot\build\Uboot.vcxproj]
  (compilando archivo de origen "../core/ops/RegistryRenameValueOp.cpp")
  
C:\Users\Ezequiel\Documents\GitHub\Uboot\build\_deps\rapidjson-src\include\rapidjson\document.h(123,5): warning C4996: 'std::iterator<std::random_access_iterator_tag,const rapidjson::GenericMember<Encoding,Allocator>,ptrdiff_t,const rapidjson::GenericMember<Encoding,Allocator> *,const rapidjson::GenericMember<Encoding,Allocator> &>::reference': warning STL4015: The std::iterator class template (used as a base class to provide typedefs) is deprecated in C++17. (The <iterator> header is NOT deprecated.) The C++ Standard has never required user-defined iterators to derive from std::iterator. To fix this warning, stop deriving from std::iterator and start providing publicly accessible typedefs named iterator_category, value_type, difference_type, pointer, and reference. Note that value_type is required to be non-const, even for constant iterators. You can define _SILENCE_CXX17_ITERATOR_BASE_CLASS_DEPRECATION_WARNING or _SILENCE_ALL_CXX17_DEPRECATION_WARNINGS to suppress this warning. [C:\Users\Ezequiel\Documents\GitHub\Uboot\build\Uboot.vcxproj]
C:\Users\Ezequiel\Documents\GitHub\Uboot\build\_deps\rapidjson-src\include\rapidjson\document.h(123,5): warning C4996:         with [C:\Users\Ezequiel\Documents\GitHub\Uboot\build\Uboot.vcxproj]
C:\Users\Ezequiel\Documents\GitHub\Uboot\build\_deps\rapidjson-src\include\rapidjson\document.h(123,5): warning C4996:         [ [C:\Users\Ezequiel\Documents\GitHub\Uboot\build\Uboot.vcxproj]
C:\Users\Ezequiel\Documents\GitHub\Uboot\build\_deps\rapidjson-src\include\rapidjson\document.h(123,5): warning C4996:             Encoding=rapidjson::UTF8<char>, [C:\Users\Ezequiel\Documents\GitHub\Uboot\build\Uboot.vcxproj]
C:\Users\Ezequiel\Documents\GitHub\Uboot\build\_deps\rapidjson-src\include\rapidjson\document.h(123,5): warning C4996:             Allocator=rapidjson::MemoryPoolAllocator<rapidjson::CrtAllocator> [C:\Users\Ezequiel\Documents\GitHub\Uboot\build\Uboot.vcxproj]
C:\Users\Ezequiel\Documents\GitHub\Uboot\build\_deps\rapidjson-src\include\rapidjson\document.h(123,5): warning C4996:         ] [C:\Users\Ezequiel\Documents\GitHub\Uboot\build\Uboot.vcxproj]
  (compilando archivo de origen "../core/ops/RegistryRenameValueOp.cpp")
  
C:\Users\Ezequiel\Documents\GitHub\Uboot\build\_deps\rapidjson-src\include\rapidjson\document.h(125,5): warning C4996: 'std::iterator<std::random_access_iterator_tag,const rapidjson::GenericMember<Encoding,Allocator>,ptrdiff_t,const rapidjson::GenericMember<Encoding,Allocator> *,const rapidjson::GenericMember<Encoding,Allocator> &>::difference_type': warning STL4015: The std::iterator class template (used as a base class to provide typedefs) is deprecated in C++17. (The <iterator> header is NOT deprecated.) The C++ Standard has never required user-defined iterators to derive from std::iterator. To fix this warning, stop deriving from std::iterator and start providing publicly accessible typedefs named iterator_category, value_type, difference_type, pointer, and reference. Note that value_type is required to be non-const, even for constant iterators. You can define _SILENCE_CXX17_ITERATOR_BASE_CLASS_DEPRECATION_WARNING or _SILENCE_ALL_CXX17_DEPRECATION_WARNINGS to suppress this warning. [C:\Users\Ezequiel\Documents\GitHub\Uboot\build\Uboot.vcxproj]
C:\Users\Ezequiel\Documents\GitHub\Uboot\build\_deps\rapidjson-src\include\rapidjson\document.h(125,5): warning C4996:         with [C:\Users\Ezequiel\Documents\GitHub\Uboot\build\Uboot.vcxproj]
C:\Users\Ezequiel\Documents\GitHub\Uboot\build\_deps\rapidjson-src\include\rapidjson\document.h(125,5): warning C4996:         [ [C:\Users\Ezequiel\Documents\GitHub\Uboot\build\Uboot.vcxproj]
C:\Users\Ezequiel\Documents\GitHub\Uboot\build\_deps\rapidjson-src\include\rapidjson\document.h(125,5): warning C4996:             Encoding=rapidjson::UTF8<char>, [C:\Users\Ezequiel\Documents\GitHub\Uboot\build\Uboot.vcxproj]
C:\Users\Ezequiel\Documents\GitHub\Uboot\build\_deps\rapidjson-src\include\rapidjson\document.h(125,5): warning C4996:             Allocator=rapidjson::MemoryPoolAllocator<rapidjson::CrtAllocator> [C:\Users\Ezequiel\Documents\GitHub\Uboot\build\Uboot.vcxproj]
C:\Users\Ezequiel\Documents\GitHub\Uboot\build\_deps\rapidjson-src\include\rapidjson\document.h(125,5): warning C4996:         ] [C:\Users\Ezequiel\Documents\GitHub\Uboot\build\Uboot.vcxproj]
  (compilando archivo de origen "../core/ops/RegistryRenameValueOp.cpp")
  
C:\Users\Ezequiel\Documents\GitHub\Uboot\core\ops\RegistryRenameValueOp.cpp(52,56): warning C4100: 'txBasePath': parámetro sin referencia [C:\Users\Ezequiel\Documents\GitHub\Uboot\build\Uboot.vcxproj]
C:\Users\Ezequiel\Documents\GitHub\Uboot\core\ops\RegistryRenameValueOp.cpp(149,57): warning C4100: 'txBasePath': parámetro sin referencia [C:\Users\Ezequiel\Documents\GitHub\Uboot\build\Uboot.vcxproj]
C:\Program Files (x86)\Microsoft Visual Studio\18\BuildTools\VC\Tools\MSVC\14.50.35717\include\algorithm(4073,24): warning C4244: '=': conversión de 'int' a 'char'; posible pérdida de datos [C:\Users\Ezequiel\Documents\GitHub\Uboot\build\Uboot.vcxproj]
  (compilando archivo de origen "../core/ops/RegistryRenameValueOp.cpp")
      C:\Program Files (x86)\Microsoft Visual Studio\18\BuildTools\VC\Tools\MSVC\14.50.35717\include\algorithm(4073,24):
      el contexto de creación de instancias de la plantilla (el más antiguo primero) es
          C:\Users\Ezequiel\Documents\GitHub\Uboot\core\ops\RegistryRenameValueOp.cpp(55,8):
          Vea la referencia a la creación de una instancia de la función plantilla "_OutIt std::transform<std::_String_iterator<std::_String_val<std::_Simple_types<_Elem>>>,std::_String_iterator<std::_String_val<std::_Simple_types<_Elem>>>,uboot::ops::RegistryRenameValueOp::prepare::<lambda_627cc4a9a5d17a9f2754348f79e935a3>>(const _InIt,const _InIt,_OutIt,_Fn)" que se está compilando
          with
          [
              _OutIt=std::_String_iterator<std::_String_val<std::_Simple_types<char>>>,
              _Elem=char,
              _InIt=std::_String_iterator<std::_String_val<std::_Simple_types<char>>>,
              _Fn=uboot::ops::RegistryRenameValueOp::prepare::<lambda_627cc4a9a5d17a9f2754348f79e935a3>
          ]
  
  TaskToggleEnabledOp.cpp
C:\Users\Ezequiel\Documents\GitHub\Uboot\build\_deps\rapidjson-src\include\rapidjson\document.h(110,5): warning C4996: 'std::iterator<std::random_access_iterator_tag,internal::MaybeAddConst<Const,rapidjson::GenericMember<Encoding,Allocator>>::Type,ptrdiff_t,internal::MaybeAddConst<Const,rapidjson::GenericMember<Encoding,Allocator>>::Type*,internal::MaybeAddConst<Const,rapidjson::GenericMember<Encoding,Allocator>>::Type&>': warning STL4015: The std::iterator class template (used as a base class to provide typedefs) is deprecated in C++17. (The <iterator> header is NOT deprecated.) The C++ Standard has never required user-defined iterators to derive from std::iterator. To fix this warning, stop deriving from std::iterator and start providing publicly accessible typedefs named iterator_category, value_type, difference_type, pointer, and reference. Note that value_type is required to be non-const, even for constant iterators. You can define _SILENCE_CXX17_ITERATOR_BASE_CLASS_DEPRECATION_WARNING or _SILENCE_ALL_CXX17_DEPRECATION_WARNINGS to suppress this warning. [C:\Users\Ezequiel\Documents\GitHub\Uboot\build\Uboot.vcxproj]
  (compilando archivo de origen "../core/ops/TaskToggleEnabledOp.cpp")
      C:\Program Files (x86)\Microsoft Visual Studio\18\BuildTools\VC\Tools\MSVC\14.50.35717\include\xutility(7698,45):
      vea la declaración de 'std::iterator'
      C:\Users\Ezequiel\Documents\GitHub\Uboot\build\_deps\rapidjson-src\include\rapidjson\document.h(110,5):
      el contexto de creación de instancias de la plantilla (el más antiguo primero) es
          C:\Users\Ezequiel\Documents\GitHub\Uboot\build\_deps\rapidjson-src\include\rapidjson\document.h(101,7):
          al compilar la plantilla de clase 'rapidjson::GenericMemberIterator'
  
C:\Users\Ezequiel\Documents\GitHub\Uboot\build\_deps\rapidjson-src\include\rapidjson\document.h(102,19): warning C4996: 'std::iterator<std::random_access_iterator_tag,rapidjson::GenericMember<Encoding,Allocator>,ptrdiff_t,rapidjson::GenericMember<Encoding,Allocator> *,rapidjson::GenericMember<Encoding,Allocator> &>': warning STL4015: The std::iterator class template (used as a base class to provide typedefs) is deprecated in C++17. (The <iterator> header is NOT deprecated.) The C++ Standard has never required user-defined iterators to derive from std::iterator. To fix this warning, stop deriving from std::iterator and start providing publicly accessible typedefs named iterator_category, value_type, difference_type, pointer, and reference. Note that value_type is required to be non-const, even for constant iterators. You can define _SILENCE_CXX17_ITERATOR_BASE_CLASS_DEPRECATION_WARNING or _SILENCE_ALL_CXX17_DEPRECATION_WARNINGS to suppress this warning. [C:\Users\Ezequiel\Documents\GitHub\Uboot\build\Uboot.vcxproj]
C:\Users\Ezequiel\Documents\GitHub\Uboot\build\_deps\rapidjson-src\include\rapidjson\document.h(102,19): warning C4996:         with [C:\Users\Ezequiel\Documents\GitHub\Uboot\build\Uboot.vcxproj]
C:\Users\Ezequiel\Documents\GitHub\Uboot\build\_deps\rapidjson-src\include\rapidjson\document.h(102,19): warning C4996:         [ [C:\Users\Ezequiel\Documents\GitHub\Uboot\build\Uboot.vcxproj]
C:\Users\Ezequiel\Documents\GitHub\Uboot\build\_deps\rapidjson-src\include\rapidjson\document.h(102,19): warning C4996:             Encoding=rapidjson::UTF8<char>, [C:\Users\Ezequiel\Documents\GitHub\Uboot\build\Uboot.vcxproj]
C:\Users\Ezequiel\Documents\GitHub\Uboot\build\_deps\rapidjson-src\include\rapidjson\document.h(102,19): warning C4996:             Allocator=rapidjson::MemoryPoolAllocator<rapidjson::CrtAllocator> [C:\Users\Ezequiel\Documents\GitHub\Uboot\build\Uboot.vcxproj]
C:\Users\Ezequiel\Documents\GitHub\Uboot\build\_deps\rapidjson-src\include\rapidjson\document.h(102,19): warning C4996:         ] [C:\Users\Ezequiel\Documents\GitHub\Uboot\build\Uboot.vcxproj]
  (compilando archivo de origen "../core/ops/TaskToggleEnabledOp.cpp")
      C:\Program Files (x86)\Microsoft Visual Studio\18\BuildTools\VC\Tools\MSVC\14.50.35717\include\xutility(7698,45):
      vea la declaración de 'std::iterator'
      C:\Users\Ezequiel\Documents\GitHub\Uboot\build\_deps\rapidjson-src\include\rapidjson\document.h(102,19):
      el contexto de creación de instancias de la plantilla (el más antiguo primero) es
          C:\Users\Ezequiel\Documents\GitHub\Uboot\core\tx\IOperation.h(35,44):
          Vea la referencia a la creación de una instancia de clase plantilla "rapidjson::GenericDocument<rapidjson::UTF8<char>,rapidjson::MemoryPoolAllocator<rapidjson::CrtAllocator>,rapidjson::CrtAllocator>" que se está compilando
          C:\Users\Ezequiel\Documents\GitHub\Uboot\build\_deps\rapidjson-src\include\rapidjson\document.h(2024,32):
          Vea la referencia a la creación de una instancia de clase plantilla "rapidjson::GenericValue<rapidjson::UTF8<char>,rapidjson::MemoryPoolAllocator<rapidjson::CrtAllocator>>" que se está compilando
          C:\Users\Ezequiel\Documents\GitHub\Uboot\build\_deps\rapidjson-src\include\rapidjson\document.h(548,71):
          Vea la referencia a la creación de una instancia de clase plantilla "rapidjson::GenericMemberIterator<false,Encoding,Allocator>" que se está compilando
          with
          [
              Encoding=rapidjson::UTF8<char>,
              Allocator=rapidjson::MemoryPoolAllocator<rapidjson::CrtAllocator>
          ]
  
C:\Users\Ezequiel\Documents\GitHub\Uboot\build\_deps\rapidjson-src\include\rapidjson\document.h(110,5): warning C4996: 'std::iterator<std::random_access_iterator_tag,rapidjson::GenericMember<Encoding,Allocator>,ptrdiff_t,rapidjson::GenericMember<Encoding,Allocator> *,rapidjson::GenericMember<Encoding,Allocator> &>': warning STL4015: The std::iterator class template (used as a base class to provide typedefs) is deprecated in C++17. (The <iterator> header is NOT deprecated.) The C++ Standard has never required user-defined iterators to derive from std::iterator. To fix this warning, stop deriving from std::iterator and start providing publicly accessible typedefs named iterator_category, value_type, difference_type, pointer, and reference. Note that value_type is required to be non-const, even for constant iterators. You can define _SILENCE_CXX17_ITERATOR_BASE_CLASS_DEPRECATION_WARNING or _SILENCE_ALL_CXX17_DEPRECATION_WARNINGS to suppress this warning. [C:\Users\Ezequiel\Documents\GitHub\Uboot\build\Uboot.vcxproj]
C:\Users\Ezequiel\Documents\GitHub\Uboot\build\_deps\rapidjson-src\include\rapidjson\document.h(110,5): warning C4996:         with [C:\Users\Ezequiel\Documents\GitHub\Uboot\build\Uboot.vcxproj]
C:\Users\Ezequiel\Documents\GitHub\Uboot\build\_deps\rapidjson-src\include\rapidjson\document.h(110,5): warning C4996:         [ [C:\Users\Ezequiel\Documents\GitHub\Uboot\build\Uboot.vcxproj]
C:\Users\Ezequiel\Documents\GitHub\Uboot\build\_deps\rapidjson-src\include\rapidjson\document.h(110,5): warning C4996:             Encoding=rapidjson::UTF8<char>, [C:\Users\Ezequiel\Documents\GitHub\Uboot\build\Uboot.vcxproj]
C:\Users\Ezequiel\Documents\GitHub\Uboot\build\_deps\rapidjson-src\include\rapidjson\document.h(110,5): warning C4996:             Allocator=rapidjson::MemoryPoolAllocator<rapidjson::CrtAllocator> [C:\Users\Ezequiel\Documents\GitHub\Uboot\build\Uboot.vcxproj]
C:\Users\Ezequiel\Documents\GitHub\Uboot\build\_deps\rapidjson-src\include\rapidjson\document.h(110,5): warning C4996:         ] [C:\Users\Ezequiel\Documents\GitHub\Uboot\build\Uboot.vcxproj]
  (compilando archivo de origen "../core/ops/TaskToggleEnabledOp.cpp")
      C:\Program Files (x86)\Microsoft Visual Studio\18\BuildTools\VC\Tools\MSVC\14.50.35717\include\xutility(7698,45):
      vea la declaración de 'std::iterator'
  
C:\Users\Ezequiel\Documents\GitHub\Uboot\build\_deps\rapidjson-src\include\rapidjson\document.h(121,5): warning C4996: 'std::iterator<std::random_access_iterator_tag,rapidjson::GenericMember<Encoding,Allocator>,ptrdiff_t,rapidjson::GenericMember<Encoding,Allocator> *,rapidjson::GenericMember<Encoding,Allocator> &>::pointer': warning STL4015: The std::iterator class template (used as a base class to provide typedefs) is deprecated in C++17. (The <iterator> header is NOT deprecated.) The C++ Standard has never required user-defined iterators to derive from std::iterator. To fix this warning, stop deriving from std::iterator and start providing publicly accessible typedefs named iterator_category, value_type, difference_type, pointer, and reference. Note that value_type is required to be non-const, even for constant iterators. You can define _SILENCE_CXX17_ITERATOR_BASE_CLASS_DEPRECATION_WARNING or _SILENCE_ALL_CXX17_DEPRECATION_WARNINGS to suppress this warning. [C:\Users\Ezequiel\Documents\GitHub\Uboot\build\Uboot.vcxproj]
C:\Users\Ezequiel\Documents\GitHub\Uboot\build\_deps\rapidjson-src\include\rapidjson\document.h(121,5): warning C4996:         with [C:\Users\Ezequiel\Documents\GitHub\Uboot\build\Uboot.vcxproj]
C:\Users\Ezequiel\Documents\GitHub\Uboot\build\_deps\rapidjson-src\include\rapidjson\document.h(121,5): warning C4996:         [ [C:\Users\Ezequiel\Documents\GitHub\Uboot\build\Uboot.vcxproj]
C:\Users\Ezequiel\Documents\GitHub\Uboot\build\_deps\rapidjson-src\include\rapidjson\document.h(121,5): warning C4996:             Encoding=rapidjson::UTF8<char>, [C:\Users\Ezequiel\Documents\GitHub\Uboot\build\Uboot.vcxproj]
C:\Users\Ezequiel\Documents\GitHub\Uboot\build\_deps\rapidjson-src\include\rapidjson\document.h(121,5): warning C4996:             Allocator=rapidjson::MemoryPoolAllocator<rapidjson::CrtAllocator> [C:\Users\Ezequiel\Documents\GitHub\Uboot\build\Uboot.vcxproj]
C:\Users\Ezequiel\Documents\GitHub\Uboot\build\_deps\rapidjson-src\include\rapidjson\document.h(121,5): warning C4996:         ] [C:\Users\Ezequiel\Documents\GitHub\Uboot\build\Uboot.vcxproj]
  (compilando archivo de origen "../core/ops/TaskToggleEnabledOp.cpp")
  
C:\Users\Ezequiel\Documents\GitHub\Uboot\build\_deps\rapidjson-src\include\rapidjson\document.h(123,5): warning C4996: 'std::iterator<std::random_access_iterator_tag,rapidjson::GenericMember<Encoding,Allocator>,ptrdiff_t,rapidjson::GenericMember<Encoding,Allocator> *,rapidjson::GenericMember<Encoding,Allocator> &>::reference': warning STL4015: The std::iterator class template (used as a base class to provide typedefs) is deprecated in C++17. (The <iterator> header is NOT deprecated.) The C++ Standard has never required user-defined iterators to derive from std::iterator. To fix this warning, stop deriving from std::iterator and start providing publicly accessible typedefs named iterator_category, value_type, difference_type, pointer, and reference. Note that value_type is required to be non-const, even for constant iterators. You can define _SILENCE_CXX17_ITERATOR_BASE_CLASS_DEPRECATION_WARNING or _SILENCE_ALL_CXX17_DEPRECATION_WARNINGS to suppress this warning. [C:\Users\Ezequiel\Documents\GitHub\Uboot\build\Uboot.vcxproj]
C:\Users\Ezequiel\Documents\GitHub\Uboot\build\_deps\rapidjson-src\include\rapidjson\document.h(123,5): warning C4996:         with [C:\Users\Ezequiel\Documents\GitHub\Uboot\build\Uboot.vcxproj]
C:\Users\Ezequiel\Documents\GitHub\Uboot\build\_deps\rapidjson-src\include\rapidjson\document.h(123,5): warning C4996:         [ [C:\Users\Ezequiel\Documents\GitHub\Uboot\build\Uboot.vcxproj]
C:\Users\Ezequiel\Documents\GitHub\Uboot\build\_deps\rapidjson-src\include\rapidjson\document.h(123,5): warning C4996:             Encoding=rapidjson::UTF8<char>, [C:\Users\Ezequiel\Documents\GitHub\Uboot\build\Uboot.vcxproj]
C:\Users\Ezequiel\Documents\GitHub\Uboot\build\_deps\rapidjson-src\include\rapidjson\document.h(123,5): warning C4996:             Allocator=rapidjson::MemoryPoolAllocator<rapidjson::CrtAllocator> [C:\Users\Ezequiel\Documents\GitHub\Uboot\build\Uboot.vcxproj]
C:\Users\Ezequiel\Documents\GitHub\Uboot\build\_deps\rapidjson-src\include\rapidjson\document.h(123,5): warning C4996:         ] [C:\Users\Ezequiel\Documents\GitHub\Uboot\build\Uboot.vcxproj]
  (compilando archivo de origen "../core/ops/TaskToggleEnabledOp.cpp")
  
C:\Users\Ezequiel\Documents\GitHub\Uboot\build\_deps\rapidjson-src\include\rapidjson\document.h(125,5): warning C4996: 'std::iterator<std::random_access_iterator_tag,rapidjson::GenericMember<Encoding,Allocator>,ptrdiff_t,rapidjson::GenericMember<Encoding,Allocator> *,rapidjson::GenericMember<Encoding,Allocator> &>::difference_type': warning STL4015: The std::iterator class template (used as a base class to provide typedefs) is deprecated in C++17. (The <iterator> header is NOT deprecated.) The C++ Standard has never required user-defined iterators to derive from std::iterator. To fix this warning, stop deriving from std::iterator and start providing publicly accessible typedefs named iterator_category, value_type, difference_type, pointer, and reference. Note that value_type is required to be non-const, even for constant iterators. You can define _SILENCE_CXX17_ITERATOR_BASE_CLASS_DEPRECATION_WARNING or _SILENCE_ALL_CXX17_DEPRECATION_WARNINGS to suppress this warning. [C:\Users\Ezequiel\Documents\GitHub\Uboot\build\Uboot.vcxproj]
C:\Users\Ezequiel\Documents\GitHub\Uboot\build\_deps\rapidjson-src\include\rapidjson\document.h(125,5): warning C4996:         with [C:\Users\Ezequiel\Documents\GitHub\Uboot\build\Uboot.vcxproj]
C:\Users\Ezequiel\Documents\GitHub\Uboot\build\_deps\rapidjson-src\include\rapidjson\document.h(125,5): warning C4996:         [ [C:\Users\Ezequiel\Documents\GitHub\Uboot\build\Uboot.vcxproj]
C:\Users\Ezequiel\Documents\GitHub\Uboot\build\_deps\rapidjson-src\include\rapidjson\document.h(125,5): warning C4996:             Encoding=rapidjson::UTF8<char>, [C:\Users\Ezequiel\Documents\GitHub\Uboot\build\Uboot.vcxproj]
C:\Users\Ezequiel\Documents\GitHub\Uboot\build\_deps\rapidjson-src\include\rapidjson\document.h(125,5): warning C4996:             Allocator=rapidjson::MemoryPoolAllocator<rapidjson::CrtAllocator> [C:\Users\Ezequiel\Documents\GitHub\Uboot\build\Uboot.vcxproj]
C:\Users\Ezequiel\Documents\GitHub\Uboot\build\_deps\rapidjson-src\include\rapidjson\document.h(125,5): warning C4996:         ] [C:\Users\Ezequiel\Documents\GitHub\Uboot\build\Uboot.vcxproj]
  (compilando archivo de origen "../core/ops/TaskToggleEnabledOp.cpp")
  
C:\Users\Ezequiel\Documents\GitHub\Uboot\build\_deps\rapidjson-src\include\rapidjson\document.h(102,19): warning C4996: 'std::iterator<std::random_access_iterator_tag,const rapidjson::GenericMember<Encoding,Allocator>,ptrdiff_t,const rapidjson::GenericMember<Encoding,Allocator> *,const rapidjson::GenericMember<Encoding,Allocator> &>': warning STL4015: The std::iterator class template (used as a base class to provide typedefs) is deprecated in C++17. (The <iterator> header is NOT deprecated.) The C++ Standard has never required user-defined iterators to derive from std::iterator. To fix this warning, stop deriving from std::iterator and start providing publicly accessible typedefs named iterator_category, value_type, difference_type, pointer, and reference. Note that value_type is required to be non-const, even for constant iterators. You can define _SILENCE_CXX17_ITERATOR_BASE_CLASS_DEPRECATION_WARNING or _SILENCE_ALL_CXX17_DEPRECATION_WARNINGS to suppress this warning. [C:\Users\Ezequiel\Documents\GitHub\Uboot\build\Uboot.vcxproj]
C:\Users\Ezequiel\Documents\GitHub\Uboot\build\_deps\rapidjson-src\include\rapidjson\document.h(102,19): warning C4996:         with [C:\Users\Ezequiel\Documents\GitHub\Uboot\build\Uboot.vcxproj]
C:\Users\Ezequiel\Documents\GitHub\Uboot\build\_deps\rapidjson-src\include\rapidjson\document.h(102,19): warning C4996:         [ [C:\Users\Ezequiel\Documents\GitHub\Uboot\build\Uboot.vcxproj]
C:\Users\Ezequiel\Documents\GitHub\Uboot\build\_deps\rapidjson-src\include\rapidjson\document.h(102,19): warning C4996:             Encoding=rapidjson::UTF8<char>, [C:\Users\Ezequiel\Documents\GitHub\Uboot\build\Uboot.vcxproj]
C:\Users\Ezequiel\Documents\GitHub\Uboot\build\_deps\rapidjson-src\include\rapidjson\document.h(102,19): warning C4996:             Allocator=rapidjson::MemoryPoolAllocator<rapidjson::CrtAllocator> [C:\Users\Ezequiel\Documents\GitHub\Uboot\build\Uboot.vcxproj]
C:\Users\Ezequiel\Documents\GitHub\Uboot\build\_deps\rapidjson-src\include\rapidjson\document.h(102,19): warning C4996:         ] [C:\Users\Ezequiel\Documents\GitHub\Uboot\build\Uboot.vcxproj]
  (compilando archivo de origen "../core/ops/TaskToggleEnabledOp.cpp")
      C:\Program Files (x86)\Microsoft Visual Studio\18\BuildTools\VC\Tools\MSVC\14.50.35717\include\xutility(7698,45):
      vea la declaración de 'std::iterator'
      C:\Users\Ezequiel\Documents\GitHub\Uboot\build\_deps\rapidjson-src\include\rapidjson\document.h(102,19):
      el contexto de creación de instancias de la plantilla (el más antiguo primero) es
          C:\Users\Ezequiel\Documents\GitHub\Uboot\build\_deps\rapidjson-src\include\rapidjson\document.h(549,70):
          Vea la referencia a la creación de una instancia de clase plantilla "rapidjson::GenericMemberIterator<true,Encoding,Allocator>" que se está compilando
          with
          [
              Encoding=rapidjson::UTF8<char>,
              Allocator=rapidjson::MemoryPoolAllocator<rapidjson::CrtAllocator>
          ]
  
C:\Users\Ezequiel\Documents\GitHub\Uboot\build\_deps\rapidjson-src\include\rapidjson\document.h(110,5): warning C4996: 'std::iterator<std::random_access_iterator_tag,const rapidjson::GenericMember<Encoding,Allocator>,ptrdiff_t,const rapidjson::GenericMember<Encoding,Allocator> *,const rapidjson::GenericMember<Encoding,Allocator> &>': warning STL4015: The std::iterator class template (used as a base class to provide typedefs) is deprecated in C++17. (The <iterator> header is NOT deprecated.) The C++ Standard has never required user-defined iterators to derive from std::iterator. To fix this warning, stop deriving from std::iterator and start providing publicly accessible typedefs named iterator_category, value_type, difference_type, pointer, and reference. Note that value_type is required to be non-const, even for constant iterators. You can define _SILENCE_CXX17_ITERATOR_BASE_CLASS_DEPRECATION_WARNING or _SILENCE_ALL_CXX17_DEPRECATION_WARNINGS to suppress this warning. [C:\Users\Ezequiel\Documents\GitHub\Uboot\build\Uboot.vcxproj]
C:\Users\Ezequiel\Documents\GitHub\Uboot\build\_deps\rapidjson-src\include\rapidjson\document.h(110,5): warning C4996:         with [C:\Users\Ezequiel\Documents\GitHub\Uboot\build\Uboot.vcxproj]
C:\Users\Ezequiel\Documents\GitHub\Uboot\build\_deps\rapidjson-src\include\rapidjson\document.h(110,5): warning C4996:         [ [C:\Users\Ezequiel\Documents\GitHub\Uboot\build\Uboot.vcxproj]
C:\Users\Ezequiel\Documents\GitHub\Uboot\build\_deps\rapidjson-src\include\rapidjson\document.h(110,5): warning C4996:             Encoding=rapidjson::UTF8<char>, [C:\Users\Ezequiel\Documents\GitHub\Uboot\build\Uboot.vcxproj]
C:\Users\Ezequiel\Documents\GitHub\Uboot\build\_deps\rapidjson-src\include\rapidjson\document.h(110,5): warning C4996:             Allocator=rapidjson::MemoryPoolAllocator<rapidjson::CrtAllocator> [C:\Users\Ezequiel\Documents\GitHub\Uboot\build\Uboot.vcxproj]
C:\Users\Ezequiel\Documents\GitHub\Uboot\build\_deps\rapidjson-src\include\rapidjson\document.h(110,5): warning C4996:         ] [C:\Users\Ezequiel\Documents\GitHub\Uboot\build\Uboot.vcxproj]
  (compilando archivo de origen "../core/ops/TaskToggleEnabledOp.cpp")
      C:\Program Files (x86)\Microsoft Visual Studio\18\BuildTools\VC\Tools\MSVC\14.50.35717\include\xutility(7698,45):
      vea la declaración de 'std::iterator'
  
C:\Users\Ezequiel\Documents\GitHub\Uboot\build\_deps\rapidjson-src\include\rapidjson\document.h(121,5): warning C4996: 'std::iterator<std::random_access_iterator_tag,const rapidjson::GenericMember<Encoding,Allocator>,ptrdiff_t,const rapidjson::GenericMember<Encoding,Allocator> *,const rapidjson::GenericMember<Encoding,Allocator> &>::pointer': warning STL4015: The std::iterator class template (used as a base class to provide typedefs) is deprecated in C++17. (The <iterator> header is NOT deprecated.) The C++ Standard has never required user-defined iterators to derive from std::iterator. To fix this warning, stop deriving from std::iterator and start providing publicly accessible typedefs named iterator_category, value_type, difference_type, pointer, and reference. Note that value_type is required to be non-const, even for constant iterators. You can define _SILENCE_CXX17_ITERATOR_BASE_CLASS_DEPRECATION_WARNING or _SILENCE_ALL_CXX17_DEPRECATION_WARNINGS to suppress this warning. [C:\Users\Ezequiel\Documents\GitHub\Uboot\build\Uboot.vcxproj]
C:\Users\Ezequiel\Documents\GitHub\Uboot\build\_deps\rapidjson-src\include\rapidjson\document.h(121,5): warning C4996:         with [C:\Users\Ezequiel\Documents\GitHub\Uboot\build\Uboot.vcxproj]
C:\Users\Ezequiel\Documents\GitHub\Uboot\build\_deps\rapidjson-src\include\rapidjson\document.h(121,5): warning C4996:         [ [C:\Users\Ezequiel\Documents\GitHub\Uboot\build\Uboot.vcxproj]
C:\Users\Ezequiel\Documents\GitHub\Uboot\build\_deps\rapidjson-src\include\rapidjson\document.h(121,5): warning C4996:             Encoding=rapidjson::UTF8<char>, [C:\Users\Ezequiel\Documents\GitHub\Uboot\build\Uboot.vcxproj]
C:\Users\Ezequiel\Documents\GitHub\Uboot\build\_deps\rapidjson-src\include\rapidjson\document.h(121,5): warning C4996:             Allocator=rapidjson::MemoryPoolAllocator<rapidjson::CrtAllocator> [C:\Users\Ezequiel\Documents\GitHub\Uboot\build\Uboot.vcxproj]
C:\Users\Ezequiel\Documents\GitHub\Uboot\build\_deps\rapidjson-src\include\rapidjson\document.h(121,5): warning C4996:         ] [C:\Users\Ezequiel\Documents\GitHub\Uboot\build\Uboot.vcxproj]
  (compilando archivo de origen "../core/ops/TaskToggleEnabledOp.cpp")
  
C:\Users\Ezequiel\Documents\GitHub\Uboot\build\_deps\rapidjson-src\include\rapidjson\document.h(123,5): warning C4996: 'std::iterator<std::random_access_iterator_tag,const rapidjson::GenericMember<Encoding,Allocator>,ptrdiff_t,const rapidjson::GenericMember<Encoding,Allocator> *,const rapidjson::GenericMember<Encoding,Allocator> &>::reference': warning STL4015: The std::iterator class template (used as a base class to provide typedefs) is deprecated in C++17. (The <iterator> header is NOT deprecated.) The C++ Standard has never required user-defined iterators to derive from std::iterator. To fix this warning, stop deriving from std::iterator and start providing publicly accessible typedefs named iterator_category, value_type, difference_type, pointer, and reference. Note that value_type is required to be non-const, even for constant iterators. You can define _SILENCE_CXX17_ITERATOR_BASE_CLASS_DEPRECATION_WARNING or _SILENCE_ALL_CXX17_DEPRECATION_WARNINGS to suppress this warning. [C:\Users\Ezequiel\Documents\GitHub\Uboot\build\Uboot.vcxproj]
C:\Users\Ezequiel\Documents\GitHub\Uboot\build\_deps\rapidjson-src\include\rapidjson\document.h(123,5): warning C4996:         with [C:\Users\Ezequiel\Documents\GitHub\Uboot\build\Uboot.vcxproj]
C:\Users\Ezequiel\Documents\GitHub\Uboot\build\_deps\rapidjson-src\include\rapidjson\document.h(123,5): warning C4996:         [ [C:\Users\Ezequiel\Documents\GitHub\Uboot\build\Uboot.vcxproj]
C:\Users\Ezequiel\Documents\GitHub\Uboot\build\_deps\rapidjson-src\include\rapidjson\document.h(123,5): warning C4996:             Encoding=rapidjson::UTF8<char>, [C:\Users\Ezequiel\Documents\GitHub\Uboot\build\Uboot.vcxproj]
C:\Users\Ezequiel\Documents\GitHub\Uboot\build\_deps\rapidjson-src\include\rapidjson\document.h(123,5): warning C4996:             Allocator=rapidjson::MemoryPoolAllocator<rapidjson::CrtAllocator> [C:\Users\Ezequiel\Documents\GitHub\Uboot\build\Uboot.vcxproj]
C:\Users\Ezequiel\Documents\GitHub\Uboot\build\_deps\rapidjson-src\include\rapidjson\document.h(123,5): warning C4996:         ] [C:\Users\Ezequiel\Documents\GitHub\Uboot\build\Uboot.vcxproj]
  (compilando archivo de origen "../core/ops/TaskToggleEnabledOp.cpp")
  
C:\Users\Ezequiel\Documents\GitHub\Uboot\build\_deps\rapidjson-src\include\rapidjson\document.h(125,5): warning C4996: 'std::iterator<std::random_access_iterator_tag,const rapidjson::GenericMember<Encoding,Allocator>,ptrdiff_t,const rapidjson::GenericMember<Encoding,Allocator> *,const rapidjson::GenericMember<Encoding,Allocator> &>::difference_type': warning STL4015: The std::iterator class template (used as a base class to provide typedefs) is deprecated in C++17. (The <iterator> header is NOT deprecated.) The C++ Standard has never required user-defined iterators to derive from std::iterator. To fix this warning, stop deriving from std::iterator and start providing publicly accessible typedefs named iterator_category, value_type, difference_type, pointer, and reference. Note that value_type is required to be non-const, even for constant iterators. You can define _SILENCE_CXX17_ITERATOR_BASE_CLASS_DEPRECATION_WARNING or _SILENCE_ALL_CXX17_DEPRECATION_WARNINGS to suppress this warning. [C:\Users\Ezequiel\Documents\GitHub\Uboot\build\Uboot.vcxproj]
C:\Users\Ezequiel\Documents\GitHub\Uboot\build\_deps\rapidjson-src\include\rapidjson\document.h(125,5): warning C4996:         with [C:\Users\Ezequiel\Documents\GitHub\Uboot\build\Uboot.vcxproj]
C:\Users\Ezequiel\Documents\GitHub\Uboot\build\_deps\rapidjson-src\include\rapidjson\document.h(125,5): warning C4996:         [ [C:\Users\Ezequiel\Documents\GitHub\Uboot\build\Uboot.vcxproj]
C:\Users\Ezequiel\Documents\GitHub\Uboot\build\_deps\rapidjson-src\include\rapidjson\document.h(125,5): warning C4996:             Encoding=rapidjson::UTF8<char>, [C:\Users\Ezequiel\Documents\GitHub\Uboot\build\Uboot.vcxproj]
C:\Users\Ezequiel\Documents\GitHub\Uboot\build\_deps\rapidjson-src\include\rapidjson\document.h(125,5): warning C4996:             Allocator=rapidjson::MemoryPoolAllocator<rapidjson::CrtAllocator> [C:\Users\Ezequiel\Documents\GitHub\Uboot\build\Uboot.vcxproj]
C:\Users\Ezequiel\Documents\GitHub\Uboot\build\_deps\rapidjson-src\include\rapidjson\document.h(125,5): warning C4996:         ] [C:\Users\Ezequiel\Documents\GitHub\Uboot\build\Uboot.vcxproj]
  (compilando archivo de origen "../core/ops/TaskToggleEnabledOp.cpp")
  
C:\Users\Ezequiel\Documents\GitHub\Uboot\core\ops\TaskToggleEnabledOp.cpp(2,10): error C1083: No se puede abrir el archivo incluir: '../../util/ComUtils.h': No such file or directory [C:\Users\Ezequiel\Documents\GitHub\Uboot\build\Uboot.vcxproj]
  ServiceStartTypeOp.cpp
C:\Users\Ezequiel\Documents\GitHub\Uboot\build\_deps\rapidjson-src\include\rapidjson\document.h(110,5): warning C4996: 'std::iterator<std::random_access_iterator_tag,internal::MaybeAddConst<Const,rapidjson::GenericMember<Encoding,Allocator>>::Type,ptrdiff_t,internal::MaybeAddConst<Const,rapidjson::GenericMember<Encoding,Allocator>>::Type*,internal::MaybeAddConst<Const,rapidjson::GenericMember<Encoding,Allocator>>::Type&>': warning STL4015: The std::iterator class template (used as a base class to provide typedefs) is deprecated in C++17. (The <iterator> header is NOT deprecated.) The C++ Standard has never required user-defined iterators to derive from std::iterator. To fix this warning, stop deriving from std::iterator and start providing publicly accessible typedefs named iterator_category, value_type, difference_type, pointer, and reference. Note that value_type is required to be non-const, even for constant iterators. You can define _SILENCE_CXX17_ITERATOR_BASE_CLASS_DEPRECATION_WARNING or _SILENCE_ALL_CXX17_DEPRECATION_WARNINGS to suppress this warning. [C:\Users\Ezequiel\Documents\GitHub\Uboot\build\Uboot.vcxproj]
  (compilando archivo de origen "../core/ops/ServiceStartTypeOp.cpp")
      C:\Program Files (x86)\Microsoft Visual Studio\18\BuildTools\VC\Tools\MSVC\14.50.35717\include\xutility(7698,45):
      vea la declaración de 'std::iterator'
      C:\Users\Ezequiel\Documents\GitHub\Uboot\build\_deps\rapidjson-src\include\rapidjson\document.h(110,5):
      el contexto de creación de instancias de la plantilla (el más antiguo primero) es
          C:\Users\Ezequiel\Documents\GitHub\Uboot\build\_deps\rapidjson-src\include\rapidjson\document.h(101,7):
          al compilar la plantilla de clase 'rapidjson::GenericMemberIterator'
  
C:\Users\Ezequiel\Documents\GitHub\Uboot\build\_deps\rapidjson-src\include\rapidjson\document.h(102,19): warning C4996: 'std::iterator<std::random_access_iterator_tag,rapidjson::GenericMember<Encoding,Allocator>,ptrdiff_t,rapidjson::GenericMember<Encoding,Allocator> *,rapidjson::GenericMember<Encoding,Allocator> &>': warning STL4015: The std::iterator class template (used as a base class to provide typedefs) is deprecated in C++17. (The <iterator> header is NOT deprecated.) The C++ Standard has never required user-defined iterators to derive from std::iterator. To fix this warning, stop deriving from std::iterator and start providing publicly accessible typedefs named iterator_category, value_type, difference_type, pointer, and reference. Note that value_type is required to be non-const, even for constant iterators. You can define _SILENCE_CXX17_ITERATOR_BASE_CLASS_DEPRECATION_WARNING or _SILENCE_ALL_CXX17_DEPRECATION_WARNINGS to suppress this warning. [C:\Users\Ezequiel\Documents\GitHub\Uboot\build\Uboot.vcxproj]
C:\Users\Ezequiel\Documents\GitHub\Uboot\build\_deps\rapidjson-src\include\rapidjson\document.h(102,19): warning C4996:         with [C:\Users\Ezequiel\Documents\GitHub\Uboot\build\Uboot.vcxproj]
C:\Users\Ezequiel\Documents\GitHub\Uboot\build\_deps\rapidjson-src\include\rapidjson\document.h(102,19): warning C4996:         [ [C:\Users\Ezequiel\Documents\GitHub\Uboot\build\Uboot.vcxproj]
C:\Users\Ezequiel\Documents\GitHub\Uboot\build\_deps\rapidjson-src\include\rapidjson\document.h(102,19): warning C4996:             Encoding=rapidjson::UTF8<char>, [C:\Users\Ezequiel\Documents\GitHub\Uboot\build\Uboot.vcxproj]
C:\Users\Ezequiel\Documents\GitHub\Uboot\build\_deps\rapidjson-src\include\rapidjson\document.h(102,19): warning C4996:             Allocator=rapidjson::MemoryPoolAllocator<rapidjson::CrtAllocator> [C:\Users\Ezequiel\Documents\GitHub\Uboot\build\Uboot.vcxproj]
C:\Users\Ezequiel\Documents\GitHub\Uboot\build\_deps\rapidjson-src\include\rapidjson\document.h(102,19): warning C4996:         ] [C:\Users\Ezequiel\Documents\GitHub\Uboot\build\Uboot.vcxproj]
  (compilando archivo de origen "../core/ops/ServiceStartTypeOp.cpp")
      C:\Program Files (x86)\Microsoft Visual Studio\18\BuildTools\VC\Tools\MSVC\14.50.35717\include\xutility(7698,45):
      vea la declaración de 'std::iterator'
      C:\Users\Ezequiel\Documents\GitHub\Uboot\build\_deps\rapidjson-src\include\rapidjson\document.h(102,19):
      el contexto de creación de instancias de la plantilla (el más antiguo primero) es
          C:\Users\Ezequiel\Documents\GitHub\Uboot\core\tx\IOperation.h(35,44):
          Vea la referencia a la creación de una instancia de clase plantilla "rapidjson::GenericDocument<rapidjson::UTF8<char>,rapidjson::MemoryPoolAllocator<rapidjson::CrtAllocator>,rapidjson::CrtAllocator>" que se está compilando
          C:\Users\Ezequiel\Documents\GitHub\Uboot\build\_deps\rapidjson-src\include\rapidjson\document.h(2024,32):
          Vea la referencia a la creación de una instancia de clase plantilla "rapidjson::GenericValue<rapidjson::UTF8<char>,rapidjson::MemoryPoolAllocator<rapidjson::CrtAllocator>>" que se está compilando
          C:\Users\Ezequiel\Documents\GitHub\Uboot\build\_deps\rapidjson-src\include\rapidjson\document.h(548,71):
          Vea la referencia a la creación de una instancia de clase plantilla "rapidjson::GenericMemberIterator<false,Encoding,Allocator>" que se está compilando
          with
          [
              Encoding=rapidjson::UTF8<char>,
              Allocator=rapidjson::MemoryPoolAllocator<rapidjson::CrtAllocator>
          ]
  
C:\Users\Ezequiel\Documents\GitHub\Uboot\build\_deps\rapidjson-src\include\rapidjson\document.h(110,5): warning C4996: 'std::iterator<std::random_access_iterator_tag,rapidjson::GenericMember<Encoding,Allocator>,ptrdiff_t,rapidjson::GenericMember<Encoding,Allocator> *,rapidjson::GenericMember<Encoding,Allocator> &>': warning STL4015: The std::iterator class template (used as a base class to provide typedefs) is deprecated in C++17. (The <iterator> header is NOT deprecated.) The C++ Standard has never required user-defined iterators to derive from std::iterator. To fix this warning, stop deriving from std::iterator and start providing publicly accessible typedefs named iterator_category, value_type, difference_type, pointer, and reference. Note that value_type is required to be non-const, even for constant iterators. You can define _SILENCE_CXX17_ITERATOR_BASE_CLASS_DEPRECATION_WARNING or _SILENCE_ALL_CXX17_DEPRECATION_WARNINGS to suppress this warning. [C:\Users\Ezequiel\Documents\GitHub\Uboot\build\Uboot.vcxproj]
C:\Users\Ezequiel\Documents\GitHub\Uboot\build\_deps\rapidjson-src\include\rapidjson\document.h(110,5): warning C4996:         with [C:\Users\Ezequiel\Documents\GitHub\Uboot\build\Uboot.vcxproj]
C:\Users\Ezequiel\Documents\GitHub\Uboot\build\_deps\rapidjson-src\include\rapidjson\document.h(110,5): warning C4996:         [ [C:\Users\Ezequiel\Documents\GitHub\Uboot\build\Uboot.vcxproj]
C:\Users\Ezequiel\Documents\GitHub\Uboot\build\_deps\rapidjson-src\include\rapidjson\document.h(110,5): warning C4996:             Encoding=rapidjson::UTF8<char>, [C:\Users\Ezequiel\Documents\GitHub\Uboot\build\Uboot.vcxproj]
C:\Users\Ezequiel\Documents\GitHub\Uboot\build\_deps\rapidjson-src\include\rapidjson\document.h(110,5): warning C4996:             Allocator=rapidjson::MemoryPoolAllocator<rapidjson::CrtAllocator> [C:\Users\Ezequiel\Documents\GitHub\Uboot\build\Uboot.vcxproj]
C:\Users\Ezequiel\Documents\GitHub\Uboot\build\_deps\rapidjson-src\include\rapidjson\document.h(110,5): warning C4996:         ] [C:\Users\Ezequiel\Documents\GitHub\Uboot\build\Uboot.vcxproj]
  (compilando archivo de origen "../core/ops/ServiceStartTypeOp.cpp")
      C:\Program Files (x86)\Microsoft Visual Studio\18\BuildTools\VC\Tools\MSVC\14.50.35717\include\xutility(7698,45):
      vea la declaración de 'std::iterator'
  
C:\Users\Ezequiel\Documents\GitHub\Uboot\build\_deps\rapidjson-src\include\rapidjson\document.h(121,5): warning C4996: 'std::iterator<std::random_access_iterator_tag,rapidjson::GenericMember<Encoding,Allocator>,ptrdiff_t,rapidjson::GenericMember<Encoding,Allocator> *,rapidjson::GenericMember<Encoding,Allocator> &>::pointer': warning STL4015: The std::iterator class template (used as a base class to provide typedefs) is deprecated in C++17. (The <iterator> header is NOT deprecated.) The C++ Standard has never required user-defined iterators to derive from std::iterator. To fix this warning, stop deriving from std::iterator and start providing publicly accessible typedefs named iterator_category, value_type, difference_type, pointer, and reference. Note that value_type is required to be non-const, even for constant iterators. You can define _SILENCE_CXX17_ITERATOR_BASE_CLASS_DEPRECATION_WARNING or _SILENCE_ALL_CXX17_DEPRECATION_WARNINGS to suppress this warning. [C:\Users\Ezequiel\Documents\GitHub\Uboot\build\Uboot.vcxproj]
C:\Users\Ezequiel\Documents\GitHub\Uboot\build\_deps\rapidjson-src\include\rapidjson\document.h(121,5): warning C4996:         with [C:\Users\Ezequiel\Documents\GitHub\Uboot\build\Uboot.vcxproj]
C:\Users\Ezequiel\Documents\GitHub\Uboot\build\_deps\rapidjson-src\include\rapidjson\document.h(121,5): warning C4996:         [ [C:\Users\Ezequiel\Documents\GitHub\Uboot\build\Uboot.vcxproj]
C:\Users\Ezequiel\Documents\GitHub\Uboot\build\_deps\rapidjson-src\include\rapidjson\document.h(121,5): warning C4996:             Encoding=rapidjson::UTF8<char>, [C:\Users\Ezequiel\Documents\GitHub\Uboot\build\Uboot.vcxproj]
C:\Users\Ezequiel\Documents\GitHub\Uboot\build\_deps\rapidjson-src\include\rapidjson\document.h(121,5): warning C4996:             Allocator=rapidjson::MemoryPoolAllocator<rapidjson::CrtAllocator> [C:\Users\Ezequiel\Documents\GitHub\Uboot\build\Uboot.vcxproj]
C:\Users\Ezequiel\Documents\GitHub\Uboot\build\_deps\rapidjson-src\include\rapidjson\document.h(121,5): warning C4996:         ] [C:\Users\Ezequiel\Documents\GitHub\Uboot\build\Uboot.vcxproj]
  (compilando archivo de origen "../core/ops/ServiceStartTypeOp.cpp")
  
C:\Users\Ezequiel\Documents\GitHub\Uboot\build\_deps\rapidjson-src\include\rapidjson\document.h(123,5): warning C4996: 'std::iterator<std::random_access_iterator_tag,rapidjson::GenericMember<Encoding,Allocator>,ptrdiff_t,rapidjson::GenericMember<Encoding,Allocator> *,rapidjson::GenericMember<Encoding,Allocator> &>::reference': warning STL4015: The std::iterator class template (used as a base class to provide typedefs) is deprecated in C++17. (The <iterator> header is NOT deprecated.) The C++ Standard has never required user-defined iterators to derive from std::iterator. To fix this warning, stop deriving from std::iterator and start providing publicly accessible typedefs named iterator_category, value_type, difference_type, pointer, and reference. Note that value_type is required to be non-const, even for constant iterators. You can define _SILENCE_CXX17_ITERATOR_BASE_CLASS_DEPRECATION_WARNING or _SILENCE_ALL_CXX17_DEPRECATION_WARNINGS to suppress this warning. [C:\Users\Ezequiel\Documents\GitHub\Uboot\build\Uboot.vcxproj]
C:\Users\Ezequiel\Documents\GitHub\Uboot\build\_deps\rapidjson-src\include\rapidjson\document.h(123,5): warning C4996:         with [C:\Users\Ezequiel\Documents\GitHub\Uboot\build\Uboot.vcxproj]
C:\Users\Ezequiel\Documents\GitHub\Uboot\build\_deps\rapidjson-src\include\rapidjson\document.h(123,5): warning C4996:         [ [C:\Users\Ezequiel\Documents\GitHub\Uboot\build\Uboot.vcxproj]
C:\Users\Ezequiel\Documents\GitHub\Uboot\build\_deps\rapidjson-src\include\rapidjson\document.h(123,5): warning C4996:             Encoding=rapidjson::UTF8<char>, [C:\Users\Ezequiel\Documents\GitHub\Uboot\build\Uboot.vcxproj]
C:\Users\Ezequiel\Documents\GitHub\Uboot\build\_deps\rapidjson-src\include\rapidjson\document.h(123,5): warning C4996:             Allocator=rapidjson::MemoryPoolAllocator<rapidjson::CrtAllocator> [C:\Users\Ezequiel\Documents\GitHub\Uboot\build\Uboot.vcxproj]
C:\Users\Ezequiel\Documents\GitHub\Uboot\build\_deps\rapidjson-src\include\rapidjson\document.h(123,5): warning C4996:         ] [C:\Users\Ezequiel\Documents\GitHub\Uboot\build\Uboot.vcxproj]
  (compilando archivo de origen "../core/ops/ServiceStartTypeOp.cpp")
  
C:\Users\Ezequiel\Documents\GitHub\Uboot\build\_deps\rapidjson-src\include\rapidjson\document.h(125,5): warning C4996: 'std::iterator<std::random_access_iterator_tag,rapidjson::GenericMember<Encoding,Allocator>,ptrdiff_t,rapidjson::GenericMember<Encoding,Allocator> *,rapidjson::GenericMember<Encoding,Allocator> &>::difference_type': warning STL4015: The std::iterator class template (used as a base class to provide typedefs) is deprecated in C++17. (The <iterator> header is NOT deprecated.) The C++ Standard has never required user-defined iterators to derive from std::iterator. To fix this warning, stop deriving from std::iterator and start providing publicly accessible typedefs named iterator_category, value_type, difference_type, pointer, and reference. Note that value_type is required to be non-const, even for constant iterators. You can define _SILENCE_CXX17_ITERATOR_BASE_CLASS_DEPRECATION_WARNING or _SILENCE_ALL_CXX17_DEPRECATION_WARNINGS to suppress this warning. [C:\Users\Ezequiel\Documents\GitHub\Uboot\build\Uboot.vcxproj]
C:\Users\Ezequiel\Documents\GitHub\Uboot\build\_deps\rapidjson-src\include\rapidjson\document.h(125,5): warning C4996:         with [C:\Users\Ezequiel\Documents\GitHub\Uboot\build\Uboot.vcxproj]
C:\Users\Ezequiel\Documents\GitHub\Uboot\build\_deps\rapidjson-src\include\rapidjson\document.h(125,5): warning C4996:         [ [C:\Users\Ezequiel\Documents\GitHub\Uboot\build\Uboot.vcxproj]
C:\Users\Ezequiel\Documents\GitHub\Uboot\build\_deps\rapidjson-src\include\rapidjson\document.h(125,5): warning C4996:             Encoding=rapidjson::UTF8<char>, [C:\Users\Ezequiel\Documents\GitHub\Uboot\build\Uboot.vcxproj]
C:\Users\Ezequiel\Documents\GitHub\Uboot\build\_deps\rapidjson-src\include\rapidjson\document.h(125,5): warning C4996:             Allocator=rapidjson::MemoryPoolAllocator<rapidjson::CrtAllocator> [C:\Users\Ezequiel\Documents\GitHub\Uboot\build\Uboot.vcxproj]
C:\Users\Ezequiel\Documents\GitHub\Uboot\build\_deps\rapidjson-src\include\rapidjson\document.h(125,5): warning C4996:         ] [C:\Users\Ezequiel\Documents\GitHub\Uboot\build\Uboot.vcxproj]
  (compilando archivo de origen "../core/ops/ServiceStartTypeOp.cpp")
  
C:\Users\Ezequiel\Documents\GitHub\Uboot\build\_deps\rapidjson-src\include\rapidjson\document.h(102,19): warning C4996: 'std::iterator<std::random_access_iterator_tag,const rapidjson::GenericMember<Encoding,Allocator>,ptrdiff_t,const rapidjson::GenericMember<Encoding,Allocator> *,const rapidjson::GenericMember<Encoding,Allocator> &>': warning STL4015: The std::iterator class template (used as a base class to provide typedefs) is deprecated in C++17. (The <iterator> header is NOT deprecated.) The C++ Standard has never required user-defined iterators to derive from std::iterator. To fix this warning, stop deriving from std::iterator and start providing publicly accessible typedefs named iterator_category, value_type, difference_type, pointer, and reference. Note that value_type is required to be non-const, even for constant iterators. You can define _SILENCE_CXX17_ITERATOR_BASE_CLASS_DEPRECATION_WARNING or _SILENCE_ALL_CXX17_DEPRECATION_WARNINGS to suppress this warning. [C:\Users\Ezequiel\Documents\GitHub\Uboot\build\Uboot.vcxproj]
C:\Users\Ezequiel\Documents\GitHub\Uboot\build\_deps\rapidjson-src\include\rapidjson\document.h(102,19): warning C4996:         with [C:\Users\Ezequiel\Documents\GitHub\Uboot\build\Uboot.vcxproj]
C:\Users\Ezequiel\Documents\GitHub\Uboot\build\_deps\rapidjson-src\include\rapidjson\document.h(102,19): warning C4996:         [ [C:\Users\Ezequiel\Documents\GitHub\Uboot\build\Uboot.vcxproj]
C:\Users\Ezequiel\Documents\GitHub\Uboot\build\_deps\rapidjson-src\include\rapidjson\document.h(102,19): warning C4996:             Encoding=rapidjson::UTF8<char>, [C:\Users\Ezequiel\Documents\GitHub\Uboot\build\Uboot.vcxproj]
C:\Users\Ezequiel\Documents\GitHub\Uboot\build\_deps\rapidjson-src\include\rapidjson\document.h(102,19): warning C4996:             Allocator=rapidjson::MemoryPoolAllocator<rapidjson::CrtAllocator> [C:\Users\Ezequiel\Documents\GitHub\Uboot\build\Uboot.vcxproj]
C:\Users\Ezequiel\Documents\GitHub\Uboot\build\_deps\rapidjson-src\include\rapidjson\document.h(102,19): warning C4996:         ] [C:\Users\Ezequiel\Documents\GitHub\Uboot\build\Uboot.vcxproj]
  (compilando archivo de origen "../core/ops/ServiceStartTypeOp.cpp")
      C:\Program Files (x86)\Microsoft Visual Studio\18\BuildTools\VC\Tools\MSVC\14.50.35717\include\xutility(7698,45):
      vea la declaración de 'std::iterator'
      C:\Users\Ezequiel\Documents\GitHub\Uboot\build\_deps\rapidjson-src\include\rapidjson\document.h(102,19):
      el contexto de creación de instancias de la plantilla (el más antiguo primero) es
          C:\Users\Ezequiel\Documents\GitHub\Uboot\build\_deps\rapidjson-src\include\rapidjson\document.h(549,70):
          Vea la referencia a la creación de una instancia de clase plantilla "rapidjson::GenericMemberIterator<true,Encoding,Allocator>" que se está compilando
          with
          [
              Encoding=rapidjson::UTF8<char>,
              Allocator=rapidjson::MemoryPoolAllocator<rapidjson::CrtAllocator>
          ]
  
C:\Users\Ezequiel\Documents\GitHub\Uboot\build\_deps\rapidjson-src\include\rapidjson\document.h(110,5): warning C4996: 'std::iterator<std::random_access_iterator_tag,const rapidjson::GenericMember<Encoding,Allocator>,ptrdiff_t,const rapidjson::GenericMember<Encoding,Allocator> *,const rapidjson::GenericMember<Encoding,Allocator> &>': warning STL4015: The std::iterator class template (used as a base class to provide typedefs) is deprecated in C++17. (The <iterator> header is NOT deprecated.) The C++ Standard has never required user-defined iterators to derive from std::iterator. To fix this warning, stop deriving from std::iterator and start providing publicly accessible typedefs named iterator_category, value_type, difference_type, pointer, and reference. Note that value_type is required to be non-const, even for constant iterators. You can define _SILENCE_CXX17_ITERATOR_BASE_CLASS_DEPRECATION_WARNING or _SILENCE_ALL_CXX17_DEPRECATION_WARNINGS to suppress this warning. [C:\Users\Ezequiel\Documents\GitHub\Uboot\build\Uboot.vcxproj]
C:\Users\Ezequiel\Documents\GitHub\Uboot\build\_deps\rapidjson-src\include\rapidjson\document.h(110,5): warning C4996:         with [C:\Users\Ezequiel\Documents\GitHub\Uboot\build\Uboot.vcxproj]
C:\Users\Ezequiel\Documents\GitHub\Uboot\build\_deps\rapidjson-src\include\rapidjson\document.h(110,5): warning C4996:         [ [C:\Users\Ezequiel\Documents\GitHub\Uboot\build\Uboot.vcxproj]
C:\Users\Ezequiel\Documents\GitHub\Uboot\build\_deps\rapidjson-src\include\rapidjson\document.h(110,5): warning C4996:             Encoding=rapidjson::UTF8<char>, [C:\Users\Ezequiel\Documents\GitHub\Uboot\build\Uboot.vcxproj]
C:\Users\Ezequiel\Documents\GitHub\Uboot\build\_deps\rapidjson-src\include\rapidjson\document.h(110,5): warning C4996:             Allocator=rapidjson::MemoryPoolAllocator<rapidjson::CrtAllocator> [C:\Users\Ezequiel\Documents\GitHub\Uboot\build\Uboot.vcxproj]
C:\Users\Ezequiel\Documents\GitHub\Uboot\build\_deps\rapidjson-src\include\rapidjson\document.h(110,5): warning C4996:         ] [C:\Users\Ezequiel\Documents\GitHub\Uboot\build\Uboot.vcxproj]
  (compilando archivo de origen "../core/ops/ServiceStartTypeOp.cpp")
      C:\Program Files (x86)\Microsoft Visual Studio\18\BuildTools\VC\Tools\MSVC\14.50.35717\include\xutility(7698,45):
      vea la declaración de 'std::iterator'
  
C:\Users\Ezequiel\Documents\GitHub\Uboot\build\_deps\rapidjson-src\include\rapidjson\document.h(121,5): warning C4996: 'std::iterator<std::random_access_iterator_tag,const rapidjson::GenericMember<Encoding,Allocator>,ptrdiff_t,const rapidjson::GenericMember<Encoding,Allocator> *,const rapidjson::GenericMember<Encoding,Allocator> &>::pointer': warning STL4015: The std::iterator class template (used as a base class to provide typedefs) is deprecated in C++17. (The <iterator> header is NOT deprecated.) The C++ Standard has never required user-defined iterators to derive from std::iterator. To fix this warning, stop deriving from std::iterator and start providing publicly accessible typedefs named iterator_category, value_type, difference_type, pointer, and reference. Note that value_type is required to be non-const, even for constant iterators. You can define _SILENCE_CXX17_ITERATOR_BASE_CLASS_DEPRECATION_WARNING or _SILENCE_ALL_CXX17_DEPRECATION_WARNINGS to suppress this warning. [C:\Users\Ezequiel\Documents\GitHub\Uboot\build\Uboot.vcxproj]
C:\Users\Ezequiel\Documents\GitHub\Uboot\build\_deps\rapidjson-src\include\rapidjson\document.h(121,5): warning C4996:         with [C:\Users\Ezequiel\Documents\GitHub\Uboot\build\Uboot.vcxproj]
C:\Users\Ezequiel\Documents\GitHub\Uboot\build\_deps\rapidjson-src\include\rapidjson\document.h(121,5): warning C4996:         [ [C:\Users\Ezequiel\Documents\GitHub\Uboot\build\Uboot.vcxproj]
C:\Users\Ezequiel\Documents\GitHub\Uboot\build\_deps\rapidjson-src\include\rapidjson\document.h(121,5): warning C4996:             Encoding=rapidjson::UTF8<char>, [C:\Users\Ezequiel\Documents\GitHub\Uboot\build\Uboot.vcxproj]
C:\Users\Ezequiel\Documents\GitHub\Uboot\build\_deps\rapidjson-src\include\rapidjson\document.h(121,5): warning C4996:             Allocator=rapidjson::MemoryPoolAllocator<rapidjson::CrtAllocator> [C:\Users\Ezequiel\Documents\GitHub\Uboot\build\Uboot.vcxproj]
C:\Users\Ezequiel\Documents\GitHub\Uboot\build\_deps\rapidjson-src\include\rapidjson\document.h(121,5): warning C4996:         ] [C:\Users\Ezequiel\Documents\GitHub\Uboot\build\Uboot.vcxproj]
  (compilando archivo de origen "../core/ops/ServiceStartTypeOp.cpp")
  
C:\Users\Ezequiel\Documents\GitHub\Uboot\build\_deps\rapidjson-src\include\rapidjson\document.h(123,5): warning C4996: 'std::iterator<std::random_access_iterator_tag,const rapidjson::GenericMember<Encoding,Allocator>,ptrdiff_t,const rapidjson::GenericMember<Encoding,Allocator> *,const rapidjson::GenericMember<Encoding,Allocator> &>::reference': warning STL4015: The std::iterator class template (used as a base class to provide typedefs) is deprecated in C++17. (The <iterator> header is NOT deprecated.) The C++ Standard has never required user-defined iterators to derive from std::iterator. To fix this warning, stop deriving from std::iterator and start providing publicly accessible typedefs named iterator_category, value_type, difference_type, pointer, and reference. Note that value_type is required to be non-const, even for constant iterators. You can define _SILENCE_CXX17_ITERATOR_BASE_CLASS_DEPRECATION_WARNING or _SILENCE_ALL_CXX17_DEPRECATION_WARNINGS to suppress this warning. [C:\Users\Ezequiel\Documents\GitHub\Uboot\build\Uboot.vcxproj]
C:\Users\Ezequiel\Documents\GitHub\Uboot\build\_deps\rapidjson-src\include\rapidjson\document.h(123,5): warning C4996:         with [C:\Users\Ezequiel\Documents\GitHub\Uboot\build\Uboot.vcxproj]
C:\Users\Ezequiel\Documents\GitHub\Uboot\build\_deps\rapidjson-src\include\rapidjson\document.h(123,5): warning C4996:         [ [C:\Users\Ezequiel\Documents\GitHub\Uboot\build\Uboot.vcxproj]
C:\Users\Ezequiel\Documents\GitHub\Uboot\build\_deps\rapidjson-src\include\rapidjson\document.h(123,5): warning C4996:             Encoding=rapidjson::UTF8<char>, [C:\Users\Ezequiel\Documents\GitHub\Uboot\build\Uboot.vcxproj]
C:\Users\Ezequiel\Documents\GitHub\Uboot\build\_deps\rapidjson-src\include\rapidjson\document.h(123,5): warning C4996:             Allocator=rapidjson::MemoryPoolAllocator<rapidjson::CrtAllocator> [C:\Users\Ezequiel\Documents\GitHub\Uboot\build\Uboot.vcxproj]
C:\Users\Ezequiel\Documents\GitHub\Uboot\build\_deps\rapidjson-src\include\rapidjson\document.h(123,5): warning C4996:         ] [C:\Users\Ezequiel\Documents\GitHub\Uboot\build\Uboot.vcxproj]
  (compilando archivo de origen "../core/ops/ServiceStartTypeOp.cpp")
  
C:\Users\Ezequiel\Documents\GitHub\Uboot\build\_deps\rapidjson-src\include\rapidjson\document.h(125,5): warning C4996: 'std::iterator<std::random_access_iterator_tag,const rapidjson::GenericMember<Encoding,Allocator>,ptrdiff_t,const rapidjson::GenericMember<Encoding,Allocator> *,const rapidjson::GenericMember<Encoding,Allocator> &>::difference_type': warning STL4015: The std::iterator class template (used as a base class to provide typedefs) is deprecated in C++17. (The <iterator> header is NOT deprecated.) The C++ Standard has never required user-defined iterators to derive from std::iterator. To fix this warning, stop deriving from std::iterator and start providing publicly accessible typedefs named iterator_category, value_type, difference_type, pointer, and reference. Note that value_type is required to be non-const, even for constant iterators. You can define _SILENCE_CXX17_ITERATOR_BASE_CLASS_DEPRECATION_WARNING or _SILENCE_ALL_CXX17_DEPRECATION_WARNINGS to suppress this warning. [C:\Users\Ezequiel\Documents\GitHub\Uboot\build\Uboot.vcxproj]
C:\Users\Ezequiel\Documents\GitHub\Uboot\build\_deps\rapidjson-src\include\rapidjson\document.h(125,5): warning C4996:         with [C:\Users\Ezequiel\Documents\GitHub\Uboot\build\Uboot.vcxproj]
C:\Users\Ezequiel\Documents\GitHub\Uboot\build\_deps\rapidjson-src\include\rapidjson\document.h(125,5): warning C4996:         [ [C:\Users\Ezequiel\Documents\GitHub\Uboot\build\Uboot.vcxproj]
C:\Users\Ezequiel\Documents\GitHub\Uboot\build\_deps\rapidjson-src\include\rapidjson\document.h(125,5): warning C4996:             Encoding=rapidjson::UTF8<char>, [C:\Users\Ezequiel\Documents\GitHub\Uboot\build\Uboot.vcxproj]
C:\Users\Ezequiel\Documents\GitHub\Uboot\build\_deps\rapidjson-src\include\rapidjson\document.h(125,5): warning C4996:             Allocator=rapidjson::MemoryPoolAllocator<rapidjson::CrtAllocator> [C:\Users\Ezequiel\Documents\GitHub\Uboot\build\Uboot.vcxproj]
C:\Users\Ezequiel\Documents\GitHub\Uboot\build\_deps\rapidjson-src\include\rapidjson\document.h(125,5): warning C4996:         ] [C:\Users\Ezequiel\Documents\GitHub\Uboot\build\Uboot.vcxproj]
  (compilando archivo de origen "../core/ops/ServiceStartTypeOp.cpp")
  
C:\Users\Ezequiel\Documents\GitHub\Uboot\core\ops\ServiceStartTypeOp.cpp(24,53): warning C4100: 'txBasePath': parámetro sin referencia [C:\Users\Ezequiel\Documents\GitHub\Uboot\build\Uboot.vcxproj]
C:\Users\Ezequiel\Documents\GitHub\Uboot\core\ops\ServiceStartTypeOp.cpp(71,22): warning C4389: '==': no coinciden signed/unsigned [C:\Users\Ezequiel\Documents\GitHub\Uboot\build\Uboot.vcxproj]
C:\Users\Ezequiel\Documents\GitHub\Uboot\core\ops\ServiceStartTypeOp.cpp(77,54): warning C4100: 'txBasePath': parámetro sin referencia [C:\Users\Ezequiel\Documents\GitHub\Uboot\build\Uboot.vcxproj]
  OperationFactory.cpp
C:\Users\Ezequiel\Documents\GitHub\Uboot\build\_deps\rapidjson-src\include\rapidjson\document.h(110,5): warning C4996: 'std::iterator<std::random_access_iterator_tag,internal::MaybeAddConst<Const,rapidjson::GenericMember<Encoding,Allocator>>::Type,ptrdiff_t,internal::MaybeAddConst<Const,rapidjson::GenericMember<Encoding,Allocator>>::Type*,internal::MaybeAddConst<Const,rapidjson::GenericMember<Encoding,Allocator>>::Type&>': warning STL4015: The std::iterator class template (used as a base class to provide typedefs) is deprecated in C++17. (The <iterator> header is NOT deprecated.) The C++ Standard has never required user-defined iterators to derive from std::iterator. To fix this warning, stop deriving from std::iterator and start providing publicly accessible typedefs named iterator_category, value_type, difference_type, pointer, and reference. Note that value_type is required to be non-const, even for constant iterators. You can define _SILENCE_CXX17_ITERATOR_BASE_CLASS_DEPRECATION_WARNING or _SILENCE_ALL_CXX17_DEPRECATION_WARNINGS to suppress this warning. [C:\Users\Ezequiel\Documents\GitHub\Uboot\build\Uboot.vcxproj]
  (compilando archivo de origen "../core/ops/OperationFactory.cpp")
      C:\Program Files (x86)\Microsoft Visual Studio\18\BuildTools\VC\Tools\MSVC\14.50.35717\include\xutility(7698,45):
      vea la declaración de 'std::iterator'
      C:\Users\Ezequiel\Documents\GitHub\Uboot\build\_deps\rapidjson-src\include\rapidjson\document.h(110,5):
      el contexto de creación de instancias de la plantilla (el más antiguo primero) es
          C:\Users\Ezequiel\Documents\GitHub\Uboot\build\_deps\rapidjson-src\include\rapidjson\document.h(101,7):
          al compilar la plantilla de clase 'rapidjson::GenericMemberIterator'
  
C:\Users\Ezequiel\Documents\GitHub\Uboot\build\_deps\rapidjson-src\include\rapidjson\document.h(102,19): warning C4996: 'std::iterator<std::random_access_iterator_tag,rapidjson::GenericMember<Encoding,Allocator>,ptrdiff_t,rapidjson::GenericMember<Encoding,Allocator> *,rapidjson::GenericMember<Encoding,Allocator> &>': warning STL4015: The std::iterator class template (used as a base class to provide typedefs) is deprecated in C++17. (The <iterator> header is NOT deprecated.) The C++ Standard has never required user-defined iterators to derive from std::iterator. To fix this warning, stop deriving from std::iterator and start providing publicly accessible typedefs named iterator_category, value_type, difference_type, pointer, and reference. Note that value_type is required to be non-const, even for constant iterators. You can define _SILENCE_CXX17_ITERATOR_BASE_CLASS_DEPRECATION_WARNING or _SILENCE_ALL_CXX17_DEPRECATION_WARNINGS to suppress this warning. [C:\Users\Ezequiel\Documents\GitHub\Uboot\build\Uboot.vcxproj]
C:\Users\Ezequiel\Documents\GitHub\Uboot\build\_deps\rapidjson-src\include\rapidjson\document.h(102,19): warning C4996:         with [C:\Users\Ezequiel\Documents\GitHub\Uboot\build\Uboot.vcxproj]
C:\Users\Ezequiel\Documents\GitHub\Uboot\build\_deps\rapidjson-src\include\rapidjson\document.h(102,19): warning C4996:         [ [C:\Users\Ezequiel\Documents\GitHub\Uboot\build\Uboot.vcxproj]
C:\Users\Ezequiel\Documents\GitHub\Uboot\build\_deps\rapidjson-src\include\rapidjson\document.h(102,19): warning C4996:             Encoding=rapidjson::UTF8<char>, [C:\Users\Ezequiel\Documents\GitHub\Uboot\build\Uboot.vcxproj]
C:\Users\Ezequiel\Documents\GitHub\Uboot\build\_deps\rapidjson-src\include\rapidjson\document.h(102,19): warning C4996:             Allocator=rapidjson::MemoryPoolAllocator<rapidjson::CrtAllocator> [C:\Users\Ezequiel\Documents\GitHub\Uboot\build\Uboot.vcxproj]
C:\Users\Ezequiel\Documents\GitHub\Uboot\build\_deps\rapidjson-src\include\rapidjson\document.h(102,19): warning C4996:         ] [C:\Users\Ezequiel\Documents\GitHub\Uboot\build\Uboot.vcxproj]
  (compilando archivo de origen "../core/ops/OperationFactory.cpp")
      C:\Program Files (x86)\Microsoft Visual Studio\18\BuildTools\VC\Tools\MSVC\14.50.35717\include\xutility(7698,45):
      vea la declaración de 'std::iterator'
      C:\Users\Ezequiel\Documents\GitHub\Uboot\build\_deps\rapidjson-src\include\rapidjson\document.h(102,19):
      el contexto de creación de instancias de la plantilla (el más antiguo primero) es
          C:\Users\Ezequiel\Documents\GitHub\Uboot\core\tx\IOperation.h(35,44):
          Vea la referencia a la creación de una instancia de clase plantilla "rapidjson::GenericDocument<rapidjson::UTF8<char>,rapidjson::MemoryPoolAllocator<rapidjson::CrtAllocator>,rapidjson::CrtAllocator>" que se está compilando
          C:\Users\Ezequiel\Documents\GitHub\Uboot\build\_deps\rapidjson-src\include\rapidjson\document.h(2024,32):
          Vea la referencia a la creación de una instancia de clase plantilla "rapidjson::GenericValue<rapidjson::UTF8<char>,rapidjson::MemoryPoolAllocator<rapidjson::CrtAllocator>>" que se está compilando
          C:\Users\Ezequiel\Documents\GitHub\Uboot\build\_deps\rapidjson-src\include\rapidjson\document.h(548,71):
          Vea la referencia a la creación de una instancia de clase plantilla "rapidjson::GenericMemberIterator<false,Encoding,Allocator>" que se está compilando
          with
          [
              Encoding=rapidjson::UTF8<char>,
              Allocator=rapidjson::MemoryPoolAllocator<rapidjson::CrtAllocator>
          ]
  
C:\Users\Ezequiel\Documents\GitHub\Uboot\build\_deps\rapidjson-src\include\rapidjson\document.h(110,5): warning C4996: 'std::iterator<std::random_access_iterator_tag,rapidjson::GenericMember<Encoding,Allocator>,ptrdiff_t,rapidjson::GenericMember<Encoding,Allocator> *,rapidjson::GenericMember<Encoding,Allocator> &>': warning STL4015: The std::iterator class template (used as a base class to provide typedefs) is deprecated in C++17. (The <iterator> header is NOT deprecated.) The C++ Standard has never required user-defined iterators to derive from std::iterator. To fix this warning, stop deriving from std::iterator and start providing publicly accessible typedefs named iterator_category, value_type, difference_type, pointer, and reference. Note that value_type is required to be non-const, even for constant iterators. You can define _SILENCE_CXX17_ITERATOR_BASE_CLASS_DEPRECATION_WARNING or _SILENCE_ALL_CXX17_DEPRECATION_WARNINGS to suppress this warning. [C:\Users\Ezequiel\Documents\GitHub\Uboot\build\Uboot.vcxproj]
C:\Users\Ezequiel\Documents\GitHub\Uboot\build\_deps\rapidjson-src\include\rapidjson\document.h(110,5): warning C4996:         with [C:\Users\Ezequiel\Documents\GitHub\Uboot\build\Uboot.vcxproj]
C:\Users\Ezequiel\Documents\GitHub\Uboot\build\_deps\rapidjson-src\include\rapidjson\document.h(110,5): warning C4996:         [ [C:\Users\Ezequiel\Documents\GitHub\Uboot\build\Uboot.vcxproj]
C:\Users\Ezequiel\Documents\GitHub\Uboot\build\_deps\rapidjson-src\include\rapidjson\document.h(110,5): warning C4996:             Encoding=rapidjson::UTF8<char>, [C:\Users\Ezequiel\Documents\GitHub\Uboot\build\Uboot.vcxproj]
C:\Users\Ezequiel\Documents\GitHub\Uboot\build\_deps\rapidjson-src\include\rapidjson\document.h(110,5): warning C4996:             Allocator=rapidjson::MemoryPoolAllocator<rapidjson::CrtAllocator> [C:\Users\Ezequiel\Documents\GitHub\Uboot\build\Uboot.vcxproj]
C:\Users\Ezequiel\Documents\GitHub\Uboot\build\_deps\rapidjson-src\include\rapidjson\document.h(110,5): warning C4996:         ] [C:\Users\Ezequiel\Documents\GitHub\Uboot\build\Uboot.vcxproj]
  (compilando archivo de origen "../core/ops/OperationFactory.cpp")
      C:\Program Files (x86)\Microsoft Visual Studio\18\BuildTools\VC\Tools\MSVC\14.50.35717\include\xutility(7698,45):
      vea la declaración de 'std::iterator'
  
C:\Users\Ezequiel\Documents\GitHub\Uboot\build\_deps\rapidjson-src\include\rapidjson\document.h(121,5): warning C4996: 'std::iterator<std::random_access_iterator_tag,rapidjson::GenericMember<Encoding,Allocator>,ptrdiff_t,rapidjson::GenericMember<Encoding,Allocator> *,rapidjson::GenericMember<Encoding,Allocator> &>::pointer': warning STL4015: The std::iterator class template (used as a base class to provide typedefs) is deprecated in C++17. (The <iterator> header is NOT deprecated.) The C++ Standard has never required user-defined iterators to derive from std::iterator. To fix this warning, stop deriving from std::iterator and start providing publicly accessible typedefs named iterator_category, value_type, difference_type, pointer, and reference. Note that value_type is required to be non-const, even for constant iterators. You can define _SILENCE_CXX17_ITERATOR_BASE_CLASS_DEPRECATION_WARNING or _SILENCE_ALL_CXX17_DEPRECATION_WARNINGS to suppress this warning. [C:\Users\Ezequiel\Documents\GitHub\Uboot\build\Uboot.vcxproj]
C:\Users\Ezequiel\Documents\GitHub\Uboot\build\_deps\rapidjson-src\include\rapidjson\document.h(121,5): warning C4996:         with [C:\Users\Ezequiel\Documents\GitHub\Uboot\build\Uboot.vcxproj]
C:\Users\Ezequiel\Documents\GitHub\Uboot\build\_deps\rapidjson-src\include\rapidjson\document.h(121,5): warning C4996:         [ [C:\Users\Ezequiel\Documents\GitHub\Uboot\build\Uboot.vcxproj]
C:\Users\Ezequiel\Documents\GitHub\Uboot\build\_deps\rapidjson-src\include\rapidjson\document.h(121,5): warning C4996:             Encoding=rapidjson::UTF8<char>, [C:\Users\Ezequiel\Documents\GitHub\Uboot\build\Uboot.vcxproj]
C:\Users\Ezequiel\Documents\GitHub\Uboot\build\_deps\rapidjson-src\include\rapidjson\document.h(121,5): warning C4996:             Allocator=rapidjson::MemoryPoolAllocator<rapidjson::CrtAllocator> [C:\Users\Ezequiel\Documents\GitHub\Uboot\build\Uboot.vcxproj]
C:\Users\Ezequiel\Documents\GitHub\Uboot\build\_deps\rapidjson-src\include\rapidjson\document.h(121,5): warning C4996:         ] [C:\Users\Ezequiel\Documents\GitHub\Uboot\build\Uboot.vcxproj]
  (compilando archivo de origen "../core/ops/OperationFactory.cpp")
  
C:\Users\Ezequiel\Documents\GitHub\Uboot\build\_deps\rapidjson-src\include\rapidjson\document.h(123,5): warning C4996: 'std::iterator<std::random_access_iterator_tag,rapidjson::GenericMember<Encoding,Allocator>,ptrdiff_t,rapidjson::GenericMember<Encoding,Allocator> *,rapidjson::GenericMember<Encoding,Allocator> &>::reference': warning STL4015: The std::iterator class template (used as a base class to provide typedefs) is deprecated in C++17. (The <iterator> header is NOT deprecated.) The C++ Standard has never required user-defined iterators to derive from std::iterator. To fix this warning, stop deriving from std::iterator and start providing publicly accessible typedefs named iterator_category, value_type, difference_type, pointer, and reference. Note that value_type is required to be non-const, even for constant iterators. You can define _SILENCE_CXX17_ITERATOR_BASE_CLASS_DEPRECATION_WARNING or _SILENCE_ALL_CXX17_DEPRECATION_WARNINGS to suppress this warning. [C:\Users\Ezequiel\Documents\GitHub\Uboot\build\Uboot.vcxproj]
C:\Users\Ezequiel\Documents\GitHub\Uboot\build\_deps\rapidjson-src\include\rapidjson\document.h(123,5): warning C4996:         with [C:\Users\Ezequiel\Documents\GitHub\Uboot\build\Uboot.vcxproj]
C:\Users\Ezequiel\Documents\GitHub\Uboot\build\_deps\rapidjson-src\include\rapidjson\document.h(123,5): warning C4996:         [ [C:\Users\Ezequiel\Documents\GitHub\Uboot\build\Uboot.vcxproj]
C:\Users\Ezequiel\Documents\GitHub\Uboot\build\_deps\rapidjson-src\include\rapidjson\document.h(123,5): warning C4996:             Encoding=rapidjson::UTF8<char>, [C:\Users\Ezequiel\Documents\GitHub\Uboot\build\Uboot.vcxproj]
C:\Users\Ezequiel\Documents\GitHub\Uboot\build\_deps\rapidjson-src\include\rapidjson\document.h(123,5): warning C4996:             Allocator=rapidjson::MemoryPoolAllocator<rapidjson::CrtAllocator> [C:\Users\Ezequiel\Documents\GitHub\Uboot\build\Uboot.vcxproj]
C:\Users\Ezequiel\Documents\GitHub\Uboot\build\_deps\rapidjson-src\include\rapidjson\document.h(123,5): warning C4996:         ] [C:\Users\Ezequiel\Documents\GitHub\Uboot\build\Uboot.vcxproj]
  (compilando archivo de origen "../core/ops/OperationFactory.cpp")
  
C:\Users\Ezequiel\Documents\GitHub\Uboot\build\_deps\rapidjson-src\include\rapidjson\document.h(125,5): warning C4996: 'std::iterator<std::random_access_iterator_tag,rapidjson::GenericMember<Encoding,Allocator>,ptrdiff_t,rapidjson::GenericMember<Encoding,Allocator> *,rapidjson::GenericMember<Encoding,Allocator> &>::difference_type': warning STL4015: The std::iterator class template (used as a base class to provide typedefs) is deprecated in C++17. (The <iterator> header is NOT deprecated.) The C++ Standard has never required user-defined iterators to derive from std::iterator. To fix this warning, stop deriving from std::iterator and start providing publicly accessible typedefs named iterator_category, value_type, difference_type, pointer, and reference. Note that value_type is required to be non-const, even for constant iterators. You can define _SILENCE_CXX17_ITERATOR_BASE_CLASS_DEPRECATION_WARNING or _SILENCE_ALL_CXX17_DEPRECATION_WARNINGS to suppress this warning. [C:\Users\Ezequiel\Documents\GitHub\Uboot\build\Uboot.vcxproj]
C:\Users\Ezequiel\Documents\GitHub\Uboot\build\_deps\rapidjson-src\include\rapidjson\document.h(125,5): warning C4996:         with [C:\Users\Ezequiel\Documents\GitHub\Uboot\build\Uboot.vcxproj]
C:\Users\Ezequiel\Documents\GitHub\Uboot\build\_deps\rapidjson-src\include\rapidjson\document.h(125,5): warning C4996:         [ [C:\Users\Ezequiel\Documents\GitHub\Uboot\build\Uboot.vcxproj]
C:\Users\Ezequiel\Documents\GitHub\Uboot\build\_deps\rapidjson-src\include\rapidjson\document.h(125,5): warning C4996:             Encoding=rapidjson::UTF8<char>, [C:\Users\Ezequiel\Documents\GitHub\Uboot\build\Uboot.vcxproj]
C:\Users\Ezequiel\Documents\GitHub\Uboot\build\_deps\rapidjson-src\include\rapidjson\document.h(125,5): warning C4996:             Allocator=rapidjson::MemoryPoolAllocator<rapidjson::CrtAllocator> [C:\Users\Ezequiel\Documents\GitHub\Uboot\build\Uboot.vcxproj]
C:\Users\Ezequiel\Documents\GitHub\Uboot\build\_deps\rapidjson-src\include\rapidjson\document.h(125,5): warning C4996:         ] [C:\Users\Ezequiel\Documents\GitHub\Uboot\build\Uboot.vcxproj]
  (compilando archivo de origen "../core/ops/OperationFactory.cpp")
  
C:\Users\Ezequiel\Documents\GitHub\Uboot\build\_deps\rapidjson-src\include\rapidjson\document.h(102,19): warning C4996: 'std::iterator<std::random_access_iterator_tag,const rapidjson::GenericMember<Encoding,Allocator>,ptrdiff_t,const rapidjson::GenericMember<Encoding,Allocator> *,const rapidjson::GenericMember<Encoding,Allocator> &>': warning STL4015: The std::iterator class template (used as a base class to provide typedefs) is deprecated in C++17. (The <iterator> header is NOT deprecated.) The C++ Standard has never required user-defined iterators to derive from std::iterator. To fix this warning, stop deriving from std::iterator and start providing publicly accessible typedefs named iterator_category, value_type, difference_type, pointer, and reference. Note that value_type is required to be non-const, even for constant iterators. You can define _SILENCE_CXX17_ITERATOR_BASE_CLASS_DEPRECATION_WARNING or _SILENCE_ALL_CXX17_DEPRECATION_WARNINGS to suppress this warning. [C:\Users\Ezequiel\Documents\GitHub\Uboot\build\Uboot.vcxproj]
C:\Users\Ezequiel\Documents\GitHub\Uboot\build\_deps\rapidjson-src\include\rapidjson\document.h(102,19): warning C4996:         with [C:\Users\Ezequiel\Documents\GitHub\Uboot\build\Uboot.vcxproj]
C:\Users\Ezequiel\Documents\GitHub\Uboot\build\_deps\rapidjson-src\include\rapidjson\document.h(102,19): warning C4996:         [ [C:\Users\Ezequiel\Documents\GitHub\Uboot\build\Uboot.vcxproj]
C:\Users\Ezequiel\Documents\GitHub\Uboot\build\_deps\rapidjson-src\include\rapidjson\document.h(102,19): warning C4996:             Encoding=rapidjson::UTF8<char>, [C:\Users\Ezequiel\Documents\GitHub\Uboot\build\Uboot.vcxproj]
C:\Users\Ezequiel\Documents\GitHub\Uboot\build\_deps\rapidjson-src\include\rapidjson\document.h(102,19): warning C4996:             Allocator=rapidjson::MemoryPoolAllocator<rapidjson::CrtAllocator> [C:\Users\Ezequiel\Documents\GitHub\Uboot\build\Uboot.vcxproj]
C:\Users\Ezequiel\Documents\GitHub\Uboot\build\_deps\rapidjson-src\include\rapidjson\document.h(102,19): warning C4996:         ] [C:\Users\Ezequiel\Documents\GitHub\Uboot\build\Uboot.vcxproj]
  (compilando archivo de origen "../core/ops/OperationFactory.cpp")
      C:\Program Files (x86)\Microsoft Visual Studio\18\BuildTools\VC\Tools\MSVC\14.50.35717\include\xutility(7698,45):
      vea la declaración de 'std::iterator'
      C:\Users\Ezequiel\Documents\GitHub\Uboot\build\_deps\rapidjson-src\include\rapidjson\document.h(102,19):
      el contexto de creación de instancias de la plantilla (el más antiguo primero) es
          C:\Users\Ezequiel\Documents\GitHub\Uboot\build\_deps\rapidjson-src\include\rapidjson\document.h(549,70):
          Vea la referencia a la creación de una instancia de clase plantilla "rapidjson::GenericMemberIterator<true,Encoding,Allocator>" que se está compilando
          with
          [
              Encoding=rapidjson::UTF8<char>,
              Allocator=rapidjson::MemoryPoolAllocator<rapidjson::CrtAllocator>
          ]
  
C:\Users\Ezequiel\Documents\GitHub\Uboot\build\_deps\rapidjson-src\include\rapidjson\document.h(110,5): warning C4996: 'std::iterator<std::random_access_iterator_tag,const rapidjson::GenericMember<Encoding,Allocator>,ptrdiff_t,const rapidjson::GenericMember<Encoding,Allocator> *,const rapidjson::GenericMember<Encoding,Allocator> &>': warning STL4015: The std::iterator class template (used as a base class to provide typedefs) is deprecated in C++17. (The <iterator> header is NOT deprecated.) The C++ Standard has never required user-defined iterators to derive from std::iterator. To fix this warning, stop deriving from std::iterator and start providing publicly accessible typedefs named iterator_category, value_type, difference_type, pointer, and reference. Note that value_type is required to be non-const, even for constant iterators. You can define _SILENCE_CXX17_ITERATOR_BASE_CLASS_DEPRECATION_WARNING or _SILENCE_ALL_CXX17_DEPRECATION_WARNINGS to suppress this warning. [C:\Users\Ezequiel\Documents\GitHub\Uboot\build\Uboot.vcxproj]
C:\Users\Ezequiel\Documents\GitHub\Uboot\build\_deps\rapidjson-src\include\rapidjson\document.h(110,5): warning C4996:         with [C:\Users\Ezequiel\Documents\GitHub\Uboot\build\Uboot.vcxproj]
C:\Users\Ezequiel\Documents\GitHub\Uboot\build\_deps\rapidjson-src\include\rapidjson\document.h(110,5): warning C4996:         [ [C:\Users\Ezequiel\Documents\GitHub\Uboot\build\Uboot.vcxproj]
C:\Users\Ezequiel\Documents\GitHub\Uboot\build\_deps\rapidjson-src\include\rapidjson\document.h(110,5): warning C4996:             Encoding=rapidjson::UTF8<char>, [C:\Users\Ezequiel\Documents\GitHub\Uboot\build\Uboot.vcxproj]
C:\Users\Ezequiel\Documents\GitHub\Uboot\build\_deps\rapidjson-src\include\rapidjson\document.h(110,5): warning C4996:             Allocator=rapidjson::MemoryPoolAllocator<rapidjson::CrtAllocator> [C:\Users\Ezequiel\Documents\GitHub\Uboot\build\Uboot.vcxproj]
C:\Users\Ezequiel\Documents\GitHub\Uboot\build\_deps\rapidjson-src\include\rapidjson\document.h(110,5): warning C4996:         ] [C:\Users\Ezequiel\Documents\GitHub\Uboot\build\Uboot.vcxproj]
  (compilando archivo de origen "../core/ops/OperationFactory.cpp")
      C:\Program Files (x86)\Microsoft Visual Studio\18\BuildTools\VC\Tools\MSVC\14.50.35717\include\xutility(7698,45):
      vea la declaración de 'std::iterator'
  
C:\Users\Ezequiel\Documents\GitHub\Uboot\build\_deps\rapidjson-src\include\rapidjson\document.h(121,5): warning C4996: 'std::iterator<std::random_access_iterator_tag,const rapidjson::GenericMember<Encoding,Allocator>,ptrdiff_t,const rapidjson::GenericMember<Encoding,Allocator> *,const rapidjson::GenericMember<Encoding,Allocator> &>::pointer': warning STL4015: The std::iterator class template (used as a base class to provide typedefs) is deprecated in C++17. (The <iterator> header is NOT deprecated.) The C++ Standard has never required user-defined iterators to derive from std::iterator. To fix this warning, stop deriving from std::iterator and start providing publicly accessible typedefs named iterator_category, value_type, difference_type, pointer, and reference. Note that value_type is required to be non-const, even for constant iterators. You can define _SILENCE_CXX17_ITERATOR_BASE_CLASS_DEPRECATION_WARNING or _SILENCE_ALL_CXX17_DEPRECATION_WARNINGS to suppress this warning. [C:\Users\Ezequiel\Documents\GitHub\Uboot\build\Uboot.vcxproj]
C:\Users\Ezequiel\Documents\GitHub\Uboot\build\_deps\rapidjson-src\include\rapidjson\document.h(121,5): warning C4996:         with [C:\Users\Ezequiel\Documents\GitHub\Uboot\build\Uboot.vcxproj]
C:\Users\Ezequiel\Documents\GitHub\Uboot\build\_deps\rapidjson-src\include\rapidjson\document.h(121,5): warning C4996:         [ [C:\Users\Ezequiel\Documents\GitHub\Uboot\build\Uboot.vcxproj]
C:\Users\Ezequiel\Documents\GitHub\Uboot\build\_deps\rapidjson-src\include\rapidjson\document.h(121,5): warning C4996:             Encoding=rapidjson::UTF8<char>, [C:\Users\Ezequiel\Documents\GitHub\Uboot\build\Uboot.vcxproj]
C:\Users\Ezequiel\Documents\GitHub\Uboot\build\_deps\rapidjson-src\include\rapidjson\document.h(121,5): warning C4996:             Allocator=rapidjson::MemoryPoolAllocator<rapidjson::CrtAllocator> [C:\Users\Ezequiel\Documents\GitHub\Uboot\build\Uboot.vcxproj]
C:\Users\Ezequiel\Documents\GitHub\Uboot\build\_deps\rapidjson-src\include\rapidjson\document.h(121,5): warning C4996:         ] [C:\Users\Ezequiel\Documents\GitHub\Uboot\build\Uboot.vcxproj]
  (compilando archivo de origen "../core/ops/OperationFactory.cpp")
  
C:\Users\Ezequiel\Documents\GitHub\Uboot\build\_deps\rapidjson-src\include\rapidjson\document.h(123,5): warning C4996: 'std::iterator<std::random_access_iterator_tag,const rapidjson::GenericMember<Encoding,Allocator>,ptrdiff_t,const rapidjson::GenericMember<Encoding,Allocator> *,const rapidjson::GenericMember<Encoding,Allocator> &>::reference': warning STL4015: The std::iterator class template (used as a base class to provide typedefs) is deprecated in C++17. (The <iterator> header is NOT deprecated.) The C++ Standard has never required user-defined iterators to derive from std::iterator. To fix this warning, stop deriving from std::iterator and start providing publicly accessible typedefs named iterator_category, value_type, difference_type, pointer, and reference. Note that value_type is required to be non-const, even for constant iterators. You can define _SILENCE_CXX17_ITERATOR_BASE_CLASS_DEPRECATION_WARNING or _SILENCE_ALL_CXX17_DEPRECATION_WARNINGS to suppress this warning. [C:\Users\Ezequiel\Documents\GitHub\Uboot\build\Uboot.vcxproj]
C:\Users\Ezequiel\Documents\GitHub\Uboot\build\_deps\rapidjson-src\include\rapidjson\document.h(123,5): warning C4996:         with [C:\Users\Ezequiel\Documents\GitHub\Uboot\build\Uboot.vcxproj]
C:\Users\Ezequiel\Documents\GitHub\Uboot\build\_deps\rapidjson-src\include\rapidjson\document.h(123,5): warning C4996:         [ [C:\Users\Ezequiel\Documents\GitHub\Uboot\build\Uboot.vcxproj]
C:\Users\Ezequiel\Documents\GitHub\Uboot\build\_deps\rapidjson-src\include\rapidjson\document.h(123,5): warning C4996:             Encoding=rapidjson::UTF8<char>, [C:\Users\Ezequiel\Documents\GitHub\Uboot\build\Uboot.vcxproj]
C:\Users\Ezequiel\Documents\GitHub\Uboot\build\_deps\rapidjson-src\include\rapidjson\document.h(123,5): warning C4996:             Allocator=rapidjson::MemoryPoolAllocator<rapidjson::CrtAllocator> [C:\Users\Ezequiel\Documents\GitHub\Uboot\build\Uboot.vcxproj]
C:\Users\Ezequiel\Documents\GitHub\Uboot\build\_deps\rapidjson-src\include\rapidjson\document.h(123,5): warning C4996:         ] [C:\Users\Ezequiel\Documents\GitHub\Uboot\build\Uboot.vcxproj]
  (compilando archivo de origen "../core/ops/OperationFactory.cpp")
  
C:\Users\Ezequiel\Documents\GitHub\Uboot\build\_deps\rapidjson-src\include\rapidjson\document.h(125,5): warning C4996: 'std::iterator<std::random_access_iterator_tag,const rapidjson::GenericMember<Encoding,Allocator>,ptrdiff_t,const rapidjson::GenericMember<Encoding,Allocator> *,const rapidjson::GenericMember<Encoding,Allocator> &>::difference_type': warning STL4015: The std::iterator class template (used as a base class to provide typedefs) is deprecated in C++17. (The <iterator> header is NOT deprecated.) The C++ Standard has never required user-defined iterators to derive from std::iterator. To fix this warning, stop deriving from std::iterator and start providing publicly accessible typedefs named iterator_category, value_type, difference_type, pointer, and reference. Note that value_type is required to be non-const, even for constant iterators. You can define _SILENCE_CXX17_ITERATOR_BASE_CLASS_DEPRECATION_WARNING or _SILENCE_ALL_CXX17_DEPRECATION_WARNINGS to suppress this warning. [C:\Users\Ezequiel\Documents\GitHub\Uboot\build\Uboot.vcxproj]
C:\Users\Ezequiel\Documents\GitHub\Uboot\build\_deps\rapidjson-src\include\rapidjson\document.h(125,5): warning C4996:         with [C:\Users\Ezequiel\Documents\GitHub\Uboot\build\Uboot.vcxproj]
C:\Users\Ezequiel\Documents\GitHub\Uboot\build\_deps\rapidjson-src\include\rapidjson\document.h(125,5): warning C4996:         [ [C:\Users\Ezequiel\Documents\GitHub\Uboot\build\Uboot.vcxproj]
C:\Users\Ezequiel\Documents\GitHub\Uboot\build\_deps\rapidjson-src\include\rapidjson\document.h(125,5): warning C4996:             Encoding=rapidjson::UTF8<char>, [C:\Users\Ezequiel\Documents\GitHub\Uboot\build\Uboot.vcxproj]
C:\Users\Ezequiel\Documents\GitHub\Uboot\build\_deps\rapidjson-src\include\rapidjson\document.h(125,5): warning C4996:             Allocator=rapidjson::MemoryPoolAllocator<rapidjson::CrtAllocator> [C:\Users\Ezequiel\Documents\GitHub\Uboot\build\Uboot.vcxproj]
C:\Users\Ezequiel\Documents\GitHub\Uboot\build\_deps\rapidjson-src\include\rapidjson\document.h(125,5): warning C4996:         ] [C:\Users\Ezequiel\Documents\GitHub\Uboot\build\Uboot.vcxproj]
  (compilando archivo de origen "../core/ops/OperationFactory.cpp")
  
C:\Users\Ezequiel\Documents\GitHub\Uboot\core\ops\OperationFactory.cpp(9,24): warning C4515: 'ops': el espacio de nombres se utiliza a sí mismo [C:\Users\Ezequiel\Documents\GitHub\Uboot\build\Uboot.vcxproj]
  CollectorRunner.cpp
C:\Program Files (x86)\Microsoft Visual Studio\18\BuildTools\VC\Tools\MSVC\14.50.35717\include\algorithm(4073,24): warning C4244: '=': conversión de 'int' a 'char'; posible pérdida de datos [C:\Users\Ezequiel\Documents\GitHub\Uboot\build\Uboot.vcxproj]
  (compilando archivo de origen "../core/runner/CollectorRunner.cpp")
      C:\Program Files (x86)\Microsoft Visual Studio\18\BuildTools\VC\Tools\MSVC\14.50.35717\include\algorithm(4073,24):
      el contexto de creación de instancias de la plantilla (el más antiguo primero) es
          C:\Users\Ezequiel\Documents\GitHub\Uboot\core\runner\CollectorRunner.cpp(41,10):
          Vea la referencia a la creación de una instancia de la función plantilla "_OutIt std::transform<std::_String_iterator<std::_String_val<std::_Simple_types<_Elem>>>,std::_String_iterator<std::_String_val<std::_Simple_types<_Elem>>>,int(__cdecl *)(int)>(const _InIt,const _InIt,_OutIt,_Fn)" que se está compilando
          with
          [
              _OutIt=std::_String_iterator<std::_String_val<std::_Simple_types<char>>>,
              _Elem=char,
              _InIt=std::_String_iterator<std::_String_val<std::_Simple_types<char>>>,
              _Fn=int (__cdecl *)(int)
          ]
  
  CliArgs.cpp
  CommandResolver.cpp
C:\Program Files (x86)\Microsoft Visual Studio\18\BuildTools\VC\Tools\MSVC\14.50.35717\include\algorithm(4073,24): warning C4244: '=': conversión de 'int' a 'char'; posible pérdida de datos [C:\Users\Ezequiel\Documents\GitHub\Uboot\build\Uboot.vcxproj]
  (compilando archivo de origen "../core/util/CommandResolver.cpp")
      C:\Program Files (x86)\Microsoft Visual Studio\18\BuildTools\VC\Tools\MSVC\14.50.35717\include\algorithm(4073,24):
      el contexto de creación de instancias de la plantilla (el más antiguo primero) es
          C:\Users\Ezequiel\Documents\GitHub\Uboot\core\util\CommandResolver.cpp(13,10):
          Vea la referencia a la creación de una instancia de la función plantilla "_OutIt std::transform<std::_String_iterator<std::_String_val<std::_Simple_types<_Elem>>>,std::_String_iterator<std::_String_val<std::_Simple_types<_Elem>>>,int(__cdecl *)(int)>(const _InIt,const _InIt,_OutIt,_Fn)" que se está compilando
          with
          [
              _OutIt=std::_String_iterator<std::_String_val<std::_Simple_types<char>>>,
              _Elem=char,
              _InIt=std::_String_iterator<std::_String_val<std::_Simple_types<char>>>,
              _Fn=int (__cdecl *)(int)
          ]
  
  GlobalLock.cpp
  Generando código...
  Compilando...
  LnkResolver.cpp
  CommandNormalizer.cpp
C:\Users\Ezequiel\Documents\GitHub\Uboot\core\normalize\CommandNormalizer.cpp(227,9): warning C4995: 'PathCombineW': se marcó el nombre como #pragma deprecated [C:\Users\Ezequiel\Documents\GitHub\Uboot\build\Uboot.vcxproj]
  JsonWriter.cpp
C:\Users\Ezequiel\Documents\GitHub\Uboot\build\_deps\rapidjson-src\include\rapidjson\document.h(110,5): warning C4996: 'std::iterator<std::random_access_iterator_tag,internal::MaybeAddConst<Const,rapidjson::GenericMember<Encoding,Allocator>>::Type,ptrdiff_t,internal::MaybeAddConst<Const,rapidjson::GenericMember<Encoding,Allocator>>::Type*,internal::MaybeAddConst<Const,rapidjson::GenericMember<Encoding,Allocator>>::Type&>': warning STL4015: The std::iterator class template (used as a base class to provide typedefs) is deprecated in C++17. (The <iterator> header is NOT deprecated.) The C++ Standard has never required user-defined iterators to derive from std::iterator. To fix this warning, stop deriving from std::iterator and start providing publicly accessible typedefs named iterator_category, value_type, difference_type, pointer, and reference. Note that value_type is required to be non-const, even for constant iterators. You can define _SILENCE_CXX17_ITERATOR_BASE_CLASS_DEPRECATION_WARNING or _SILENCE_ALL_CXX17_DEPRECATION_WARNINGS to suppress this warning. [C:\Users\Ezequiel\Documents\GitHub\Uboot\build\Uboot.vcxproj]
  (compilando archivo de origen "../core/json/JsonWriter.cpp")
      C:\Program Files (x86)\Microsoft Visual Studio\18\BuildTools\VC\Tools\MSVC\14.50.35717\include\xutility(7698,45):
      vea la declaración de 'std::iterator'
      C:\Users\Ezequiel\Documents\GitHub\Uboot\build\_deps\rapidjson-src\include\rapidjson\document.h(110,5):
      el contexto de creación de instancias de la plantilla (el más antiguo primero) es
          C:\Users\Ezequiel\Documents\GitHub\Uboot\build\_deps\rapidjson-src\include\rapidjson\document.h(101,7):
          al compilar la plantilla de clase 'rapidjson::GenericMemberIterator'
  
C:\Users\Ezequiel\Documents\GitHub\Uboot\build\_deps\rapidjson-src\include\rapidjson\document.h(102,19): warning C4996: 'std::iterator<std::random_access_iterator_tag,rapidjson::GenericMember<Encoding,Allocator>,ptrdiff_t,rapidjson::GenericMember<Encoding,Allocator> *,rapidjson::GenericMember<Encoding,Allocator> &>': warning STL4015: The std::iterator class template (used as a base class to provide typedefs) is deprecated in C++17. (The <iterator> header is NOT deprecated.) The C++ Standard has never required user-defined iterators to derive from std::iterator. To fix this warning, stop deriving from std::iterator and start providing publicly accessible typedefs named iterator_category, value_type, difference_type, pointer, and reference. Note that value_type is required to be non-const, even for constant iterators. You can define _SILENCE_CXX17_ITERATOR_BASE_CLASS_DEPRECATION_WARNING or _SILENCE_ALL_CXX17_DEPRECATION_WARNINGS to suppress this warning. [C:\Users\Ezequiel\Documents\GitHub\Uboot\build\Uboot.vcxproj]
C:\Users\Ezequiel\Documents\GitHub\Uboot\build\_deps\rapidjson-src\include\rapidjson\document.h(102,19): warning C4996:         with [C:\Users\Ezequiel\Documents\GitHub\Uboot\build\Uboot.vcxproj]
C:\Users\Ezequiel\Documents\GitHub\Uboot\build\_deps\rapidjson-src\include\rapidjson\document.h(102,19): warning C4996:         [ [C:\Users\Ezequiel\Documents\GitHub\Uboot\build\Uboot.vcxproj]
C:\Users\Ezequiel\Documents\GitHub\Uboot\build\_deps\rapidjson-src\include\rapidjson\document.h(102,19): warning C4996:             Encoding=rapidjson::UTF8<char>, [C:\Users\Ezequiel\Documents\GitHub\Uboot\build\Uboot.vcxproj]
C:\Users\Ezequiel\Documents\GitHub\Uboot\build\_deps\rapidjson-src\include\rapidjson\document.h(102,19): warning C4996:             Allocator=rapidjson::MemoryPoolAllocator<rapidjson::CrtAllocator> [C:\Users\Ezequiel\Documents\GitHub\Uboot\build\Uboot.vcxproj]
C:\Users\Ezequiel\Documents\GitHub\Uboot\build\_deps\rapidjson-src\include\rapidjson\document.h(102,19): warning C4996:         ] [C:\Users\Ezequiel\Documents\GitHub\Uboot\build\Uboot.vcxproj]
  (compilando archivo de origen "../core/json/JsonWriter.cpp")
      C:\Program Files (x86)\Microsoft Visual Studio\18\BuildTools\VC\Tools\MSVC\14.50.35717\include\xutility(7698,45):
      vea la declaración de 'std::iterator'
      C:\Users\Ezequiel\Documents\GitHub\Uboot\build\_deps\rapidjson-src\include\rapidjson\document.h(102,19):
      el contexto de creación de instancias de la plantilla (el más antiguo primero) es
          C:\Users\Ezequiel\Documents\GitHub\Uboot\core\json\JsonWriter.cpp(47,12):
          Vea la referencia a la creación de una instancia de clase plantilla "rapidjson::GenericDocument<rapidjson::UTF8<char>,rapidjson::MemoryPoolAllocator<rapidjson::CrtAllocator>,rapidjson::CrtAllocator>" que se está compilando
          C:\Users\Ezequiel\Documents\GitHub\Uboot\build\_deps\rapidjson-src\include\rapidjson\document.h(2024,32):
          Vea la referencia a la creación de una instancia de clase plantilla "rapidjson::GenericValue<rapidjson::UTF8<char>,rapidjson::MemoryPoolAllocator<rapidjson::CrtAllocator>>" que se está compilando
          C:\Users\Ezequiel\Documents\GitHub\Uboot\build\_deps\rapidjson-src\include\rapidjson\document.h(548,71):
          Vea la referencia a la creación de una instancia de clase plantilla "rapidjson::GenericMemberIterator<false,Encoding,Allocator>" que se está compilando
          with
          [
              Encoding=rapidjson::UTF8<char>,
              Allocator=rapidjson::MemoryPoolAllocator<rapidjson::CrtAllocator>
          ]
  
C:\Users\Ezequiel\Documents\GitHub\Uboot\build\_deps\rapidjson-src\include\rapidjson\document.h(110,5): warning C4996: 'std::iterator<std::random_access_iterator_tag,rapidjson::GenericMember<Encoding,Allocator>,ptrdiff_t,rapidjson::GenericMember<Encoding,Allocator> *,rapidjson::GenericMember<Encoding,Allocator> &>': warning STL4015: The std::iterator class template (used as a base class to provide typedefs) is deprecated in C++17. (The <iterator> header is NOT deprecated.) The C++ Standard has never required user-defined iterators to derive from std::iterator. To fix this warning, stop deriving from std::iterator and start providing publicly accessible typedefs named iterator_category, value_type, difference_type, pointer, and reference. Note that value_type is required to be non-const, even for constant iterators. You can define _SILENCE_CXX17_ITERATOR_BASE_CLASS_DEPRECATION_WARNING or _SILENCE_ALL_CXX17_DEPRECATION_WARNINGS to suppress this warning. [C:\Users\Ezequiel\Documents\GitHub\Uboot\build\Uboot.vcxproj]
C:\Users\Ezequiel\Documents\GitHub\Uboot\build\_deps\rapidjson-src\include\rapidjson\document.h(110,5): warning C4996:         with [C:\Users\Ezequiel\Documents\GitHub\Uboot\build\Uboot.vcxproj]
C:\Users\Ezequiel\Documents\GitHub\Uboot\build\_deps\rapidjson-src\include\rapidjson\document.h(110,5): warning C4996:         [ [C:\Users\Ezequiel\Documents\GitHub\Uboot\build\Uboot.vcxproj]
C:\Users\Ezequiel\Documents\GitHub\Uboot\build\_deps\rapidjson-src\include\rapidjson\document.h(110,5): warning C4996:             Encoding=rapidjson::UTF8<char>, [C:\Users\Ezequiel\Documents\GitHub\Uboot\build\Uboot.vcxproj]
C:\Users\Ezequiel\Documents\GitHub\Uboot\build\_deps\rapidjson-src\include\rapidjson\document.h(110,5): warning C4996:             Allocator=rapidjson::MemoryPoolAllocator<rapidjson::CrtAllocator> [C:\Users\Ezequiel\Documents\GitHub\Uboot\build\Uboot.vcxproj]
C:\Users\Ezequiel\Documents\GitHub\Uboot\build\_deps\rapidjson-src\include\rapidjson\document.h(110,5): warning C4996:         ] [C:\Users\Ezequiel\Documents\GitHub\Uboot\build\Uboot.vcxproj]
  (compilando archivo de origen "../core/json/JsonWriter.cpp")
      C:\Program Files (x86)\Microsoft Visual Studio\18\BuildTools\VC\Tools\MSVC\14.50.35717\include\xutility(7698,45):
      vea la declaración de 'std::iterator'
  
C:\Users\Ezequiel\Documents\GitHub\Uboot\build\_deps\rapidjson-src\include\rapidjson\document.h(121,5): warning C4996: 'std::iterator<std::random_access_iterator_tag,rapidjson::GenericMember<Encoding,Allocator>,ptrdiff_t,rapidjson::GenericMember<Encoding,Allocator> *,rapidjson::GenericMember<Encoding,Allocator> &>::pointer': warning STL4015: The std::iterator class template (used as a base class to provide typedefs) is deprecated in C++17. (The <iterator> header is NOT deprecated.) The C++ Standard has never required user-defined iterators to derive from std::iterator. To fix this warning, stop deriving from std::iterator and start providing publicly accessible typedefs named iterator_category, value_type, difference_type, pointer, and reference. Note that value_type is required to be non-const, even for constant iterators. You can define _SILENCE_CXX17_ITERATOR_BASE_CLASS_DEPRECATION_WARNING or _SILENCE_ALL_CXX17_DEPRECATION_WARNINGS to suppress this warning. [C:\Users\Ezequiel\Documents\GitHub\Uboot\build\Uboot.vcxproj]
C:\Users\Ezequiel\Documents\GitHub\Uboot\build\_deps\rapidjson-src\include\rapidjson\document.h(121,5): warning C4996:         with [C:\Users\Ezequiel\Documents\GitHub\Uboot\build\Uboot.vcxproj]
C:\Users\Ezequiel\Documents\GitHub\Uboot\build\_deps\rapidjson-src\include\rapidjson\document.h(121,5): warning C4996:         [ [C:\Users\Ezequiel\Documents\GitHub\Uboot\build\Uboot.vcxproj]
C:\Users\Ezequiel\Documents\GitHub\Uboot\build\_deps\rapidjson-src\include\rapidjson\document.h(121,5): warning C4996:             Encoding=rapidjson::UTF8<char>, [C:\Users\Ezequiel\Documents\GitHub\Uboot\build\Uboot.vcxproj]
C:\Users\Ezequiel\Documents\GitHub\Uboot\build\_deps\rapidjson-src\include\rapidjson\document.h(121,5): warning C4996:             Allocator=rapidjson::MemoryPoolAllocator<rapidjson::CrtAllocator> [C:\Users\Ezequiel\Documents\GitHub\Uboot\build\Uboot.vcxproj]
C:\Users\Ezequiel\Documents\GitHub\Uboot\build\_deps\rapidjson-src\include\rapidjson\document.h(121,5): warning C4996:         ] [C:\Users\Ezequiel\Documents\GitHub\Uboot\build\Uboot.vcxproj]
  (compilando archivo de origen "../core/json/JsonWriter.cpp")
  
C:\Users\Ezequiel\Documents\GitHub\Uboot\build\_deps\rapidjson-src\include\rapidjson\document.h(123,5): warning C4996: 'std::iterator<std::random_access_iterator_tag,rapidjson::GenericMember<Encoding,Allocator>,ptrdiff_t,rapidjson::GenericMember<Encoding,Allocator> *,rapidjson::GenericMember<Encoding,Allocator> &>::reference': warning STL4015: The std::iterator class template (used as a base class to provide typedefs) is deprecated in C++17. (The <iterator> header is NOT deprecated.) The C++ Standard has never required user-defined iterators to derive from std::iterator. To fix this warning, stop deriving from std::iterator and start providing publicly accessible typedefs named iterator_category, value_type, difference_type, pointer, and reference. Note that value_type is required to be non-const, even for constant iterators. You can define _SILENCE_CXX17_ITERATOR_BASE_CLASS_DEPRECATION_WARNING or _SILENCE_ALL_CXX17_DEPRECATION_WARNINGS to suppress this warning. [C:\Users\Ezequiel\Documents\GitHub\Uboot\build\Uboot.vcxproj]
C:\Users\Ezequiel\Documents\GitHub\Uboot\build\_deps\rapidjson-src\include\rapidjson\document.h(123,5): warning C4996:         with [C:\Users\Ezequiel\Documents\GitHub\Uboot\build\Uboot.vcxproj]
C:\Users\Ezequiel\Documents\GitHub\Uboot\build\_deps\rapidjson-src\include\rapidjson\document.h(123,5): warning C4996:         [ [C:\Users\Ezequiel\Documents\GitHub\Uboot\build\Uboot.vcxproj]
C:\Users\Ezequiel\Documents\GitHub\Uboot\build\_deps\rapidjson-src\include\rapidjson\document.h(123,5): warning C4996:             Encoding=rapidjson::UTF8<char>, [C:\Users\Ezequiel\Documents\GitHub\Uboot\build\Uboot.vcxproj]
C:\Users\Ezequiel\Documents\GitHub\Uboot\build\_deps\rapidjson-src\include\rapidjson\document.h(123,5): warning C4996:             Allocator=rapidjson::MemoryPoolAllocator<rapidjson::CrtAllocator> [C:\Users\Ezequiel\Documents\GitHub\Uboot\build\Uboot.vcxproj]
C:\Users\Ezequiel\Documents\GitHub\Uboot\build\_deps\rapidjson-src\include\rapidjson\document.h(123,5): warning C4996:         ] [C:\Users\Ezequiel\Documents\GitHub\Uboot\build\Uboot.vcxproj]
  (compilando archivo de origen "../core/json/JsonWriter.cpp")
  
C:\Users\Ezequiel\Documents\GitHub\Uboot\build\_deps\rapidjson-src\include\rapidjson\document.h(125,5): warning C4996: 'std::iterator<std::random_access_iterator_tag,rapidjson::GenericMember<Encoding,Allocator>,ptrdiff_t,rapidjson::GenericMember<Encoding,Allocator> *,rapidjson::GenericMember<Encoding,Allocator> &>::difference_type': warning STL4015: The std::iterator class template (used as a base class to provide typedefs) is deprecated in C++17. (The <iterator> header is NOT deprecated.) The C++ Standard has never required user-defined iterators to derive from std::iterator. To fix this warning, stop deriving from std::iterator and start providing publicly accessible typedefs named iterator_category, value_type, difference_type, pointer, and reference. Note that value_type is required to be non-const, even for constant iterators. You can define _SILENCE_CXX17_ITERATOR_BASE_CLASS_DEPRECATION_WARNING or _SILENCE_ALL_CXX17_DEPRECATION_WARNINGS to suppress this warning. [C:\Users\Ezequiel\Documents\GitHub\Uboot\build\Uboot.vcxproj]
C:\Users\Ezequiel\Documents\GitHub\Uboot\build\_deps\rapidjson-src\include\rapidjson\document.h(125,5): warning C4996:         with [C:\Users\Ezequiel\Documents\GitHub\Uboot\build\Uboot.vcxproj]
C:\Users\Ezequiel\Documents\GitHub\Uboot\build\_deps\rapidjson-src\include\rapidjson\document.h(125,5): warning C4996:         [ [C:\Users\Ezequiel\Documents\GitHub\Uboot\build\Uboot.vcxproj]
C:\Users\Ezequiel\Documents\GitHub\Uboot\build\_deps\rapidjson-src\include\rapidjson\document.h(125,5): warning C4996:             Encoding=rapidjson::UTF8<char>, [C:\Users\Ezequiel\Documents\GitHub\Uboot\build\Uboot.vcxproj]
C:\Users\Ezequiel\Documents\GitHub\Uboot\build\_deps\rapidjson-src\include\rapidjson\document.h(125,5): warning C4996:             Allocator=rapidjson::MemoryPoolAllocator<rapidjson::CrtAllocator> [C:\Users\Ezequiel\Documents\GitHub\Uboot\build\Uboot.vcxproj]
C:\Users\Ezequiel\Documents\GitHub\Uboot\build\_deps\rapidjson-src\include\rapidjson\document.h(125,5): warning C4996:         ] [C:\Users\Ezequiel\Documents\GitHub\Uboot\build\Uboot.vcxproj]
  (compilando archivo de origen "../core/json/JsonWriter.cpp")
  
C:\Users\Ezequiel\Documents\GitHub\Uboot\build\_deps\rapidjson-src\include\rapidjson\document.h(102,19): warning C4996: 'std::iterator<std::random_access_iterator_tag,const rapidjson::GenericMember<Encoding,Allocator>,ptrdiff_t,const rapidjson::GenericMember<Encoding,Allocator> *,const rapidjson::GenericMember<Encoding,Allocator> &>': warning STL4015: The std::iterator class template (used as a base class to provide typedefs) is deprecated in C++17. (The <iterator> header is NOT deprecated.) The C++ Standard has never required user-defined iterators to derive from std::iterator. To fix this warning, stop deriving from std::iterator and start providing publicly accessible typedefs named iterator_category, value_type, difference_type, pointer, and reference. Note that value_type is required to be non-const, even for constant iterators. You can define _SILENCE_CXX17_ITERATOR_BASE_CLASS_DEPRECATION_WARNING or _SILENCE_ALL_CXX17_DEPRECATION_WARNINGS to suppress this warning. [C:\Users\Ezequiel\Documents\GitHub\Uboot\build\Uboot.vcxproj]
C:\Users\Ezequiel\Documents\GitHub\Uboot\build\_deps\rapidjson-src\include\rapidjson\document.h(102,19): warning C4996:         with [C:\Users\Ezequiel\Documents\GitHub\Uboot\build\Uboot.vcxproj]
C:\Users\Ezequiel\Documents\GitHub\Uboot\build\_deps\rapidjson-src\include\rapidjson\document.h(102,19): warning C4996:         [ [C:\Users\Ezequiel\Documents\GitHub\Uboot\build\Uboot.vcxproj]
C:\Users\Ezequiel\Documents\GitHub\Uboot\build\_deps\rapidjson-src\include\rapidjson\document.h(102,19): warning C4996:             Encoding=rapidjson::UTF8<char>, [C:\Users\Ezequiel\Documents\GitHub\Uboot\build\Uboot.vcxproj]
C:\Users\Ezequiel\Documents\GitHub\Uboot\build\_deps\rapidjson-src\include\rapidjson\document.h(102,19): warning C4996:             Allocator=rapidjson::MemoryPoolAllocator<rapidjson::CrtAllocator> [C:\Users\Ezequiel\Documents\GitHub\Uboot\build\Uboot.vcxproj]
C:\Users\Ezequiel\Documents\GitHub\Uboot\build\_deps\rapidjson-src\include\rapidjson\document.h(102,19): warning C4996:         ] [C:\Users\Ezequiel\Documents\GitHub\Uboot\build\Uboot.vcxproj]
  (compilando archivo de origen "../core/json/JsonWriter.cpp")
      C:\Program Files (x86)\Microsoft Visual Studio\18\BuildTools\VC\Tools\MSVC\14.50.35717\include\xutility(7698,45):
      vea la declaración de 'std::iterator'
      C:\Users\Ezequiel\Documents\GitHub\Uboot\build\_deps\rapidjson-src\include\rapidjson\document.h(102,19):
      el contexto de creación de instancias de la plantilla (el más antiguo primero) es
          C:\Users\Ezequiel\Documents\GitHub\Uboot\build\_deps\rapidjson-src\include\rapidjson\document.h(549,70):
          Vea la referencia a la creación de una instancia de clase plantilla "rapidjson::GenericMemberIterator<true,Encoding,Allocator>" que se está compilando
          with
          [
              Encoding=rapidjson::UTF8<char>,
              Allocator=rapidjson::MemoryPoolAllocator<rapidjson::CrtAllocator>
          ]
  
C:\Users\Ezequiel\Documents\GitHub\Uboot\build\_deps\rapidjson-src\include\rapidjson\document.h(110,5): warning C4996: 'std::iterator<std::random_access_iterator_tag,const rapidjson::GenericMember<Encoding,Allocator>,ptrdiff_t,const rapidjson::GenericMember<Encoding,Allocator> *,const rapidjson::GenericMember<Encoding,Allocator> &>': warning STL4015: The std::iterator class template (used as a base class to provide typedefs) is deprecated in C++17. (The <iterator> header is NOT deprecated.) The C++ Standard has never required user-defined iterators to derive from std::iterator. To fix this warning, stop deriving from std::iterator and start providing publicly accessible typedefs named iterator_category, value_type, difference_type, pointer, and reference. Note that value_type is required to be non-const, even for constant iterators. You can define _SILENCE_CXX17_ITERATOR_BASE_CLASS_DEPRECATION_WARNING or _SILENCE_ALL_CXX17_DEPRECATION_WARNINGS to suppress this warning. [C:\Users\Ezequiel\Documents\GitHub\Uboot\build\Uboot.vcxproj]
C:\Users\Ezequiel\Documents\GitHub\Uboot\build\_deps\rapidjson-src\include\rapidjson\document.h(110,5): warning C4996:         with [C:\Users\Ezequiel\Documents\GitHub\Uboot\build\Uboot.vcxproj]
C:\Users\Ezequiel\Documents\GitHub\Uboot\build\_deps\rapidjson-src\include\rapidjson\document.h(110,5): warning C4996:         [ [C:\Users\Ezequiel\Documents\GitHub\Uboot\build\Uboot.vcxproj]
C:\Users\Ezequiel\Documents\GitHub\Uboot\build\_deps\rapidjson-src\include\rapidjson\document.h(110,5): warning C4996:             Encoding=rapidjson::UTF8<char>, [C:\Users\Ezequiel\Documents\GitHub\Uboot\build\Uboot.vcxproj]
C:\Users\Ezequiel\Documents\GitHub\Uboot\build\_deps\rapidjson-src\include\rapidjson\document.h(110,5): warning C4996:             Allocator=rapidjson::MemoryPoolAllocator<rapidjson::CrtAllocator> [C:\Users\Ezequiel\Documents\GitHub\Uboot\build\Uboot.vcxproj]
C:\Users\Ezequiel\Documents\GitHub\Uboot\build\_deps\rapidjson-src\include\rapidjson\document.h(110,5): warning C4996:         ] [C:\Users\Ezequiel\Documents\GitHub\Uboot\build\Uboot.vcxproj]
  (compilando archivo de origen "../core/json/JsonWriter.cpp")
      C:\Program Files (x86)\Microsoft Visual Studio\18\BuildTools\VC\Tools\MSVC\14.50.35717\include\xutility(7698,45):
      vea la declaración de 'std::iterator'
  
C:\Users\Ezequiel\Documents\GitHub\Uboot\build\_deps\rapidjson-src\include\rapidjson\document.h(121,5): warning C4996: 'std::iterator<std::random_access_iterator_tag,const rapidjson::GenericMember<Encoding,Allocator>,ptrdiff_t,const rapidjson::GenericMember<Encoding,Allocator> *,const rapidjson::GenericMember<Encoding,Allocator> &>::pointer': warning STL4015: The std::iterator class template (used as a base class to provide typedefs) is deprecated in C++17. (The <iterator> header is NOT deprecated.) The C++ Standard has never required user-defined iterators to derive from std::iterator. To fix this warning, stop deriving from std::iterator and start providing publicly accessible typedefs named iterator_category, value_type, difference_type, pointer, and reference. Note that value_type is required to be non-const, even for constant iterators. You can define _SILENCE_CXX17_ITERATOR_BASE_CLASS_DEPRECATION_WARNING or _SILENCE_ALL_CXX17_DEPRECATION_WARNINGS to suppress this warning. [C:\Users\Ezequiel\Documents\GitHub\Uboot\build\Uboot.vcxproj]
C:\Users\Ezequiel\Documents\GitHub\Uboot\build\_deps\rapidjson-src\include\rapidjson\document.h(121,5): warning C4996:         with [C:\Users\Ezequiel\Documents\GitHub\Uboot\build\Uboot.vcxproj]
C:\Users\Ezequiel\Documents\GitHub\Uboot\build\_deps\rapidjson-src\include\rapidjson\document.h(121,5): warning C4996:         [ [C:\Users\Ezequiel\Documents\GitHub\Uboot\build\Uboot.vcxproj]
C:\Users\Ezequiel\Documents\GitHub\Uboot\build\_deps\rapidjson-src\include\rapidjson\document.h(121,5): warning C4996:             Encoding=rapidjson::UTF8<char>, [C:\Users\Ezequiel\Documents\GitHub\Uboot\build\Uboot.vcxproj]
C:\Users\Ezequiel\Documents\GitHub\Uboot\build\_deps\rapidjson-src\include\rapidjson\document.h(121,5): warning C4996:             Allocator=rapidjson::MemoryPoolAllocator<rapidjson::CrtAllocator> [C:\Users\Ezequiel\Documents\GitHub\Uboot\build\Uboot.vcxproj]
C:\Users\Ezequiel\Documents\GitHub\Uboot\build\_deps\rapidjson-src\include\rapidjson\document.h(121,5): warning C4996:         ] [C:\Users\Ezequiel\Documents\GitHub\Uboot\build\Uboot.vcxproj]
  (compilando archivo de origen "../core/json/JsonWriter.cpp")
  
C:\Users\Ezequiel\Documents\GitHub\Uboot\build\_deps\rapidjson-src\include\rapidjson\document.h(123,5): warning C4996: 'std::iterator<std::random_access_iterator_tag,const rapidjson::GenericMember<Encoding,Allocator>,ptrdiff_t,const rapidjson::GenericMember<Encoding,Allocator> *,const rapidjson::GenericMember<Encoding,Allocator> &>::reference': warning STL4015: The std::iterator class template (used as a base class to provide typedefs) is deprecated in C++17. (The <iterator> header is NOT deprecated.) The C++ Standard has never required user-defined iterators to derive from std::iterator. To fix this warning, stop deriving from std::iterator and start providing publicly accessible typedefs named iterator_category, value_type, difference_type, pointer, and reference. Note that value_type is required to be non-const, even for constant iterators. You can define _SILENCE_CXX17_ITERATOR_BASE_CLASS_DEPRECATION_WARNING or _SILENCE_ALL_CXX17_DEPRECATION_WARNINGS to suppress this warning. [C:\Users\Ezequiel\Documents\GitHub\Uboot\build\Uboot.vcxproj]
C:\Users\Ezequiel\Documents\GitHub\Uboot\build\_deps\rapidjson-src\include\rapidjson\document.h(123,5): warning C4996:         with [C:\Users\Ezequiel\Documents\GitHub\Uboot\build\Uboot.vcxproj]
C:\Users\Ezequiel\Documents\GitHub\Uboot\build\_deps\rapidjson-src\include\rapidjson\document.h(123,5): warning C4996:         [ [C:\Users\Ezequiel\Documents\GitHub\Uboot\build\Uboot.vcxproj]
C:\Users\Ezequiel\Documents\GitHub\Uboot\build\_deps\rapidjson-src\include\rapidjson\document.h(123,5): warning C4996:             Encoding=rapidjson::UTF8<char>, [C:\Users\Ezequiel\Documents\GitHub\Uboot\build\Uboot.vcxproj]
C:\Users\Ezequiel\Documents\GitHub\Uboot\build\_deps\rapidjson-src\include\rapidjson\document.h(123,5): warning C4996:             Allocator=rapidjson::MemoryPoolAllocator<rapidjson::CrtAllocator> [C:\Users\Ezequiel\Documents\GitHub\Uboot\build\Uboot.vcxproj]
C:\Users\Ezequiel\Documents\GitHub\Uboot\build\_deps\rapidjson-src\include\rapidjson\document.h(123,5): warning C4996:         ] [C:\Users\Ezequiel\Documents\GitHub\Uboot\build\Uboot.vcxproj]
  (compilando archivo de origen "../core/json/JsonWriter.cpp")
  
C:\Users\Ezequiel\Documents\GitHub\Uboot\build\_deps\rapidjson-src\include\rapidjson\document.h(125,5): warning C4996: 'std::iterator<std::random_access_iterator_tag,const rapidjson::GenericMember<Encoding,Allocator>,ptrdiff_t,const rapidjson::GenericMember<Encoding,Allocator> *,const rapidjson::GenericMember<Encoding,Allocator> &>::difference_type': warning STL4015: The std::iterator class template (used as a base class to provide typedefs) is deprecated in C++17. (The <iterator> header is NOT deprecated.) The C++ Standard has never required user-defined iterators to derive from std::iterator. To fix this warning, stop deriving from std::iterator and start providing publicly accessible typedefs named iterator_category, value_type, difference_type, pointer, and reference. Note that value_type is required to be non-const, even for constant iterators. You can define _SILENCE_CXX17_ITERATOR_BASE_CLASS_DEPRECATION_WARNING or _SILENCE_ALL_CXX17_DEPRECATION_WARNINGS to suppress this warning. [C:\Users\Ezequiel\Documents\GitHub\Uboot\build\Uboot.vcxproj]
C:\Users\Ezequiel\Documents\GitHub\Uboot\build\_deps\rapidjson-src\include\rapidjson\document.h(125,5): warning C4996:         with [C:\Users\Ezequiel\Documents\GitHub\Uboot\build\Uboot.vcxproj]
C:\Users\Ezequiel\Documents\GitHub\Uboot\build\_deps\rapidjson-src\include\rapidjson\document.h(125,5): warning C4996:         [ [C:\Users\Ezequiel\Documents\GitHub\Uboot\build\Uboot.vcxproj]
C:\Users\Ezequiel\Documents\GitHub\Uboot\build\_deps\rapidjson-src\include\rapidjson\document.h(125,5): warning C4996:             Encoding=rapidjson::UTF8<char>, [C:\Users\Ezequiel\Documents\GitHub\Uboot\build\Uboot.vcxproj]
C:\Users\Ezequiel\Documents\GitHub\Uboot\build\_deps\rapidjson-src\include\rapidjson\document.h(125,5): warning C4996:             Allocator=rapidjson::MemoryPoolAllocator<rapidjson::CrtAllocator> [C:\Users\Ezequiel\Documents\GitHub\Uboot\build\Uboot.vcxproj]
C:\Users\Ezequiel\Documents\GitHub\Uboot\build\_deps\rapidjson-src\include\rapidjson\document.h(125,5): warning C4996:         ] [C:\Users\Ezequiel\Documents\GitHub\Uboot\build\Uboot.vcxproj]
  (compilando archivo de origen "../core/json/JsonWriter.cpp")
  
C:\Users\Ezequiel\Documents\GitHub\Uboot\core\json\JsonWriter.cpp(59,22): warning C4996: 'gmtime': This function or variable may be unsafe. Consider using gmtime_s instead. To disable deprecation, use _CRT_SECURE_NO_WARNINGS. See online help for details. [C:\Users\Ezequiel\Documents\GitHub\Uboot\build\Uboot.vcxproj]
  RunRegistryCollector.cpp
  ServicesCollector.cpp
  StartupFolderCollector.cpp
C:\Users\Ezequiel\Documents\GitHub\Uboot\core\enumerators\StartupFolderCollector.cpp(99,41): warning C4267: 'argumento': conversión de 'size_t' a 'int'; posible pérdida de datos [C:\Users\Ezequiel\Documents\GitHub\Uboot\build\Uboot.vcxproj]
  ScheduledTasksCollector.cpp
C:\Users\Ezequiel\Documents\GitHub\Uboot\core\enumerators\ScheduledTasksCollector.cpp(166,34): warning C4100: 'outErrors': parámetro sin referencia [C:\Users\Ezequiel\Documents\GitHub\Uboot\build\Uboot.vcxproj]
  WmiPersistenceCollector.cpp
  WinlogonCollector.cpp
  IfeoDebuggerCollector.cpp
  Generando código...
